Archive member included to satisfy reference by file (symbol)

c:/program files/microchip/xc32/v4.45/bin/bin/../../lib/gcc/pic32c/8.3.1/../../../../pic32c/lib/thumb/v6-m/nofp\libpic32c.a(data_init.o)
                              build/default/debug/_ext/1171490990/startup_xc32.o (__pic32c_data_initialization)
c:/program files/microchip/xc32/v4.45/bin/bin/../../lib/gcc/pic32c/8.3.1/../../../../pic32c/lib/thumb/v6-m/nofp\libc-size-musl.a(memcpy.o)
                              build/default/debug/_ext/1593096446/plib_nvmctrl.o (memcpy)
c:/program files/microchip/xc32/v4.45/bin/bin/../../lib/gcc/pic32c/8.3.1/../../../../pic32c/lib/thumb/v6-m/nofp\libc-size-musl.a(strlen.o)
                              build/default/debug/_ext/1360937237/main.o (strlen)
c:/program files/microchip/xc32/v4.45/bin/bin/../../lib/gcc/pic32c/8.3.1/../../../../pic32c/lib/thumb/v6-m/nofp\libg-musl.a(__libc_start_main.o)
                              build/default/debug/_ext/1171490990/startup_xc32.o (__libc_init_array)
c:/program files/microchip/xc32/v4.45/bin/bin/../../lib/gcc/pic32c/8.3.1/../../../../pic32c/lib/thumb/v6-m/nofp\libg-musl.a(libc.o)
                              c:/program files/microchip/xc32/v4.45/bin/bin/../../lib/gcc/pic32c/8.3.1/../../../../pic32c/lib/thumb/v6-m/nofp\libg-musl.a(__libc_start_main.o) (__progname_full)
c:/program files/microchip/xc32/v4.45/bin/bin/../../lib/gcc/pic32c/8.3.1/../../../../pic32c/lib/thumb/v6-m/nofp\libg-musl.a(__sio_sprintf_npxX.o)
                              (_sprintf_npxX)
c:/program files/microchip/xc32/v4.45/bin/bin/../../lib/gcc/pic32c/8.3.1/../../../../pic32c/lib/thumb/v6-m/nofp\libg-musl.a(__fmt_x.o)
                              c:/program files/microchip/xc32/v4.45/bin/bin/../../lib/gcc/pic32c/8.3.1/../../../../pic32c/lib/thumb/v6-m/nofp\libg-musl.a(__sio_sprintf_npxX.o) (__fmt_x_needed)
c:/program files/microchip/xc32/v4.45/bin/bin/../../lib/gcc/pic32c/8.3.1/../../../../pic32c/lib/thumb/v6-m/nofp\libg-musl.a(__pop_int.o)
                              c:/program files/microchip/xc32/v4.45/bin/bin/../../lib/gcc/pic32c/8.3.1/../../../../pic32c/lib/thumb/v6-m/nofp\libg-musl.a(__sio_sprintf_npxX.o) (__pop_int_needed)
c:/program files/microchip/xc32/v4.45/bin/bin/../../lib/gcc/pic32c/8.3.1/../../../../pic32c/lib/thumb/v6-m/nofp\libg-musl.a(__pop_ptr.o)
                              c:/program files/microchip/xc32/v4.45/bin/bin/../../lib/gcc/pic32c/8.3.1/../../../../pic32c/lib/thumb/v6-m/nofp\libg-musl.a(__sio_sprintf_npxX.o) (__pop_ptr_needed)
c:/program files/microchip/xc32/v4.45/bin/bin/../../lib/gcc/pic32c/8.3.1/../../../../pic32c/lib/thumb/v6-m/nofp\libg-musl.a(__printf_core.o)
                              c:/program files/microchip/xc32/v4.45/bin/bin/../../lib/gcc/pic32c/8.3.1/../../../../pic32c/lib/thumb/v6-m/nofp\libg-musl.a(__fmt_x.o) (__pad)
c:/program files/microchip/xc32/v4.45/bin/bin/../../lib/gcc/pic32c/8.3.1/../../../../pic32c/lib/thumb/v6-m/nofp\libg-musl.a(atoi.o)
                              c:/program files/microchip/xc32/v4.45/bin/bin/../../lib/gcc/pic32c/8.3.1/../../../../pic32c/lib/thumb/v6-m/nofp\libg-musl.a(__printf_core.o) (atoi)
c:/program files/microchip/xc32/v4.45/bin/bin/../../lib/gcc/pic32c/8.3.1/../../../../pic32c/lib/thumb/v6-m/nofp\libg-musl.a(tolower.o)
                              c:/program files/microchip/xc32/v4.45/bin/bin/../../lib/gcc/pic32c/8.3.1/../../../../pic32c/lib/thumb/v6-m/nofp\libg-musl.a(__printf_core.o) (tolower)
c:/program files/microchip/xc32/v4.45/bin/bin/../../lib/gcc/pic32c/8.3.1/../../../../pic32c/lib/thumb/v6-m/nofp\libg-musl.a(toupper.o)
                              c:/program files/microchip/xc32/v4.45/bin/bin/../../lib/gcc/pic32c/8.3.1/../../../../pic32c/lib/thumb/v6-m/nofp\libg-musl.a(__fmt_x.o) (toupper)
c:/program files/microchip/xc32/v4.45/bin/bin/../../lib/gcc/pic32c/8.3.1/../../../../pic32c/lib/thumb/v6-m/nofp\libg-musl.a(__environ.o)
                              c:/program files/microchip/xc32/v4.45/bin/bin/../../lib/gcc/pic32c/8.3.1/../../../../pic32c/lib/thumb/v6-m/nofp\libg-musl.a(__libc_start_main.o) (__environ)
c:/program files/microchip/xc32/v4.45/bin/bin/../../lib/gcc/pic32c/8.3.1/../../../../pic32c/lib/thumb/v6-m/nofp\libg-musl.a(__errno_location.o)
                              c:/program files/microchip/xc32/v4.45/bin/bin/../../lib/gcc/pic32c/8.3.1/../../../../pic32c/lib/thumb/v6-m/nofp\libg-musl.a(__printf_core.o) (__errno_val)
c:/program files/microchip/xc32/v4.45/bin/bin/../../lib/gcc/pic32c/8.3.1/../../../../pic32c/lib/thumb/v6-m/nofp\libg-musl.a(__int_vsprintf.o)
                              c:/program files/microchip/xc32/v4.45/bin/bin/../../lib/gcc/pic32c/8.3.1/../../../../pic32c/lib/thumb/v6-m/nofp\libg-musl.a(__sio_sprintf_npxX.o) (__vsprintf)
c:/program files/microchip/xc32/v4.45/bin/bin/../../lib/gcc/pic32c/8.3.1/../../../../pic32c/lib/thumb/v6-m/nofp\libg-musl.a(__pop_float.o)
[...]
Memory Configuration

Name             Origin             Length             Attributes
rom              0x0000000000000000 0x0000000000020000 xrl
ram              0x0000000020000000 0x0000000000004000 xw !r
config_00804000  0x0000000000804000 0x0000000000000004
config_00804004  0x0000000000804004 0x0000000000000004
*default*        0x0000000000000000 0xffffffffffffffff

Linker script and memory map

LOAD c:/program files/microchip/xc32/v4.45/bin/bin/../../lib/gcc/pic32c/8.3.1/thumb/v6-m/nofp/crti.o
LOAD c:/program files/microchip/xc32/v4.45/bin/bin/../../lib/gcc/pic32c/8.3.1/thumb/v6-m/nofp/crtbegin.o
LOAD build/default/debug/_ext/60163342/plib_adc.o
LOAD build/default/debug/_ext/1984496892/plib_clock.o
LOAD build/default/debug/_ext/1986646378/plib_evsys.o
LOAD build/default/debug/_ext/1865468468/plib_nvic.o
LOAD build/default/debug/_ext/1593096446/plib_nvmctrl.o
LOAD build/default/debug/_ext/1865521619/plib_port.o
LOAD build/default/debug/_ext/504274921/plib_sercom5_usart.o
LOAD build/default/debug/_ext/504274921/plib_sercom3_usart.o
LOAD build/default/debug/_ext/1827571544/plib_systick.o
LOAD build/default/debug/_ext/829342655/plib_tc4.o
LOAD build/default/debug/_ext/829342655/plib_tc3.o
LOAD build/default/debug/_ext/163028504/xc32_monitor.o
LOAD build/default/debug/_ext/1171490990/startup_xc32.o
LOAD build/default/debug/_ext/1171490990/exceptions.o
LOAD build/default/debug/_ext/1171490990/interrupts.o
LOAD build/default/debug/_ext/1171490990/initialization.o
LOAD build/default/debug/_ext/1171490990/libc_syscalls.o
LOAD build/default/debug/_ext/1360937237/main.o
LOAD build/default/debug/AppTasks.o
LOAD build/default/debug/LEDTasks.o
                0x0000000000000001                __MPLAB_BUILD = 0x1
                0x0000000000020000                __rom_end = (ORIGIN (rom) + LENGTH (rom))
                0x0000000020004000                __ram_end = (ORIGIN (ram) + LENGTH (ram))

.config_00804000
 *(.config_00804000)

.config_00804004
 *(.config_00804004)

.vectors        0x0000000000000000       0xb8
                0x0000000000000000                . = ALIGN (0x4)
                0x0000000000000000                _sfixed = .
 *(.vectors .vectors.* .vectors_default .vectors_default.*)
 .vectors.exception_table
                0x0000000000000000       0xb8 build/default/debug/_ext/1171490990/interrupts.o
                0x0000000000000000                exception_table
 *(.isr_vector)
 *(.reset*)
 *(.after_vectors)

.text           0x00000000000000b8       0x20
                0x00000000000000b8                . = ALIGN (0x4)
 *(.glue_7t)
 .glue_7t       0x00000000000000b8        0x0 linker stubs
 *(.glue_7)
 .glue_7        0x00000000000000b8        0x0 linker stubs
 *(.gnu.linkonce.r.*)
 *(.ARM.extab* .gnu.linkonce.armextab.*)
                0x00000000000000b8                . = ALIGN (0x4)
 *(.init)
 .init          0x00000000000000b8        0x4 c:/program files/microchip/xc32/v4.45/bin/bin/../../lib/gcc/pic32c/8.3.1/thumb/v6-m/nofp/crti.o
                0x00000000000000b8                _init
 .init          0x00000000000000bc        0x8 c:/program files/microchip/xc32/v4.45/bin/bin/../../lib/gcc/pic32c/8.3.1/thumb/v6-m/nofp/crtn.o
                0x00000000000000c4                . = ALIGN (0x4)
                0x00000000000000c4                __preinit_array_start = .
 *(.preinit_array)
                0x00000000000000c4                __preinit_array_end = .
                0x00000000000000c4                . = ALIGN (0x4)
                0x00000000000000c4                __init_array_start = .
 *(SORT_BY_NAME(.init_array.*))
 *(.init_array)
 .init_array    0x00000000000000c4        0x4 c:/program files/microchip/xc32/v4.45/bin/bin/../../lib/gcc/pic32c/8.3.1/thumb/v6-m/nofp/crtbegin.o
                0x00000000000000c8                __init_array_end = .
                0x00000000000000c8                . = ALIGN (0x4)
 *crtbegin.o(.ctors)
 *(EXCLUDE_FILE(*crtend.o) .ctors)
 *(SORT_BY_NAME(.ctors.*))
 *crtend.o(.ctors)
                0x00000000000000c8                . = ALIGN (0x4)
 *(.fini)
 .fini          0x00000000000000c8        0x4 c:/program files/microchip/xc32/v4.45/bin/bin/../../lib/gcc/pic32c/8.3.1/thumb/v6-m/nofp/crti.o
                0x00000000000000c8                _fini
 .fini          0x00000000000000cc        0x8 c:/program files/microchip/xc32/v4.45/bin/bin/../../lib/gcc/pic32c/8.3.1/thumb/v6-m/nofp/crtn.o
                0x00000000000000d4                . = ALIGN (0x4)
                0x00000000000000d4                __fini_array_start = .
 *(.fini_array)
 .fini_array    0x00000000000000d4        0x4 c:/program files/microchip/xc32/v4.45/bin/bin/../../lib/gcc/pic32c/8.3.1/thumb/v6-m/nofp/crtbegin.o
 *(SORT_BY_NAME(.fini_array.*))
                0x00000000000000d8                __fini_array_end = .
 *crtbegin.o(.dtors)
 *(EXCLUDE_FILE(*crtend.o) .dtors)
 *(SORT_BY_NAME(.dtors.*))
 *crtend.o(.dtors)
                0x00000000000000d8                . = ALIGN (0x4)
                0x00000000000000d8                _efixed = .
                [!provide]                        PROVIDE (__exidx_start = .)

.ARM.exidx
 *(.ARM.exidx* .gnu.linkonce.armexidx.*)
                [!provide]                        PROVIDE (__exidx_end = .)
                0x00000000000000d8                . = ALIGN (0x4)
                0x00000000000000d8                _etext = .

.bss            0x0000000020000000        0x0
                0x0000000020000000                . = ALIGN (0x4)
                0x0000000020000000                __bss_start__ = .
                0x0000000020000000                _sbss = .
                0x0000000020000000                _szero = .
 *(COMMON)
                0x0000000020000000                . = ALIGN (0x4)
                0x0000000020000000                __bss_end__ = .
                0x0000000020000000                _ebss = .
                0x0000000020000000                _ezero = .
                0x0000000020000000                . = ALIGN (0x4)
                0x0000000020000000                _end = .
                0x0000000020003fff                _ram_end_ = ((ORIGIN (ram) + LENGTH (ram)) - 0x1)
                0x0000000000000001                __ICD2RAM = 0x1
                0x0000000000000001                __MPLAB_DEBUG = 0x1
                0x0000000000000001                __DEBUG = 0x1
                0x0000000000000200                _min_heap_size = 0x200
START GROUP
LOAD c:/program files/microchip/xc32/v4.45/bin/bin/../../lib/gcc/pic32c/8.3.1/../../../../pic32c/lib/thumb/v6-m/nofp\libpic32c.a
LOAD c:/program files/microchip/xc32/v4.45/bin/bin/../../lib/gcc/pic32c/8.3.1/../../../../pic32c/lib/thumb/v6-m/nofp\libc-size-musl.a
LOAD c:/program files/microchip/xc32/v4.45/bin/bin/../../lib/gcc/pic32c/8.3.1/../../../../pic32c/lib/thumb/v6-m/nofp\liblmalloc-musl.a
LOAD c:/program files/microchip/xc32/v4.45/bin/bin/../../lib/gcc/pic32c/8.3.1/../../../../pic32c/lib/thumb/v6-m/nofp\libm-fast-emfloat.a
LOAD c:/program files/microchip/xc32/v4.45/bin/bin/../../lib/gcc/pic32c/8.3.1/../../../../pic32c/lib/thumb/v6-m/nofp\libm-musl.a
LOAD c:/program files/microchip/xc32/v4.45/bin/bin/../../lib/gcc/pic32c/8.3.1/../../../../pic32c/lib/thumb/v6-m/nofp\libg-musl.a
LOAD c:/program files/microchip/xc32/v4.45/bin/bin/../../lib/gcc/pic32c/8.3.1/../../../../pic32c/lib/thumb/v6-m/nofp\libc-musl.a
LOAD c:/program files/microchip/xc32/v4.45/bin/bin/../../lib/gcc/pic32c/8.3.1/../../../../pic32c/lib/thumb/v6-m/nofp\libm-fast-emfloat.a
LOAD c:/program files/microchip/xc32/v4.45/bin/bin/../../lib/gcc/pic32c/8.3.1/../../../../pic32c/lib/thumb/v6-m/nofp\libm-musl.a
LOAD c:/program files/microchip/xc32/v4.45/bin/bin/../../lib/gcc/pic32c/8.3.1/thumb/v6-m/nofp\libgcc.a
END GROUP
LOAD c:/program files/microchip/xc32/v4.45/bin/bin/../../lib/gcc/pic32c/8.3.1/thumb/v6-m/nofp/crtend.o
LOAD c:/program files/microchip/xc32/v4.45/bin/bin/../../lib/gcc/pic32c/8.3.1/thumb/v6-m/nofp/crtn.o
OUTPUT(dist/default/debug/25060_LPW2_LAB4.X.debug.elf elf32-littlearm)
LOAD data_init
LOAD stack

.ARM.attributes
                0x0000000000000000       0x2c
 .ARM.attributes
                0x0000000000000000       0x1e c:/program files/microchip/xc32/v4.45/bin/bin/../../lib/gcc/pic32c/8.3.1/thumb/v6-m/nofp/crti.o
 .ARM.attributes
                0x000000000000001e       0x2c c:/program files/microchip/xc32/v4.45/bin/bin/../../lib/gcc/pic32c/8.3.1/thumb/v6-m/nofp/crtbegin.o
 .ARM.attributes
                0x000000000000004a       0x2c build/default/debug/_ext/60163342/plib_adc.o
 .ARM.attributes
                0x0000000000000076       0x2c build/default/debug/_ext/1984496892/plib_clock.o
 .ARM.attributes
                0x00000000000000a2       0x2c build/default/debug/_ext/1865468468/plib_nvic.o
 .ARM.attributes
                0x00000000000000ce       0x2c build/default/debug/_ext/1593096446/plib_nvmctrl.o
 .ARM.attributes
                0x00000000000000fa       0x2c build/default/debug/_ext/1865521619/plib_port.o
 .ARM.attributes
                0x0000000000000126       0x2c build/default/debug/_ext/504274921/plib_sercom5_usart.o
 .ARM.attributes
                0x0000000000000152       0x2c build/default/debug/_ext/504274921/plib_sercom3_usart.o
 .ARM.attributes
                0x000000000000017e       0x2c build/default/debug/_ext/1827571544/plib_systick.o
 .ARM.attributes
                0x00000000000001aa       0x2c build/default/debug/_ext/829342655/plib_tc4.o
 .ARM.attributes
                0x00000000000001d6       0x2c build/default/debug/_ext/829342655/plib_tc3.o
 .ARM.attributes
                0x0000000000000202       0x2c build/default/debug/_ext/1171490990/startup_xc32.o
 .ARM.attributes
                0x000000000000022e       0x2c build/default/debug/_ext/1171490990/exceptions.o
 .ARM.attributes
                0x000000000000025a       0x2c build/default/debug/_ext/1171490990/interrupts.o
 .ARM.attributes
                0x0000000000000286       0x2c build/default/debug/_ext/1171490990/initialization.o
 .ARM.attributes
                0x00000000000002b2       0x2c build/default/debug/_ext/1360937237/main.o
 .ARM.attributes
                0x00000000000002de       0x2c build/default/debug/AppTasks.o
 .ARM.attributes
                0x000000000000030a       0x2c build/default/debug/LEDTasks.o
 .ARM.attributes
                0x0000000000000336       0x2c c:/program files/microchip/xc32/v4.45/bin/bin/../../lib/gcc/pic32c/8.3.1/../../../../pic32c/lib/thumb/v6-m/nofp\libpic32c.a(data_init.o)
 .ARM.attributes
                0x0000000000000362       0x2e c:/program files/microchip/xc32/v4.45/bin/bin/../../lib/gcc/pic32c/8.3.1/../../../../pic32c/lib/thumb/v6-m/nofp\libc-size-musl.a(memcpy.o)
 .ARM.attributes
                0x0000000000000390       0x2e c:/program files/microchip/xc32/v4.45/bin/bin/../../lib/gcc/pic32c/8.3.1/../../../../pic32c/lib/thumb/v6-m/nofp\libc-size-musl.a(strlen.o)
 .ARM.attributes
                0x00000000000003be       0x2e c:/program files/microchip/xc32/v4.45/bin/bin/../../lib/gcc/pic32c/8.3.1/../../../../pic32c/lib/thumb/v6-m/nofp\libg-musl.a(__libc_start_main.o)
 .ARM.attributes
                0x00000000000003ec       0x2e c:/program files/microchip/xc32/v4.45/bin/bin/../../lib/gcc/pic32c/8.3.1/../../../../pic32c/lib/thumb/v6-m/nofp\libg-musl.a(libc.o)
 .ARM.attributes
                0x000000000000041a       0x2e c:/program files/microchip/xc32/v4.45/bin/bin/../../lib/gcc/pic32c/8.3.1/../../../../pic32c/lib/thumb/v6-m/nofp\libg-musl.a(__sio_sprintf_npxX.o)
 .ARM.attributes
                0x0000000000000448       0x2e c:/program files/microchip/xc32/v4.45/bin/bin/../../lib/gcc/pic32c/8.3.1/../../../../pic32c/lib/thumb/v6-m/nofp\libg-musl.a(__fmt_x.o)
 .ARM.attributes
                0x0000000000000476       0x2e c:/program files/microchip/xc32/v4.45/bin/bin/../../lib/gcc/pic32c/8.3.1/../../../../pic32c/lib/thumb/v6-m/nofp\libg-musl.a(__pop_int.o)
 .ARM.attributes
                0x00000000000004a4       0x2e c:/program files/microchip/xc32/v4.45/bin/bin/../../lib/gcc/pic32c/8.3.1/../../../../pic32c/lib/thumb/v6-m/nofp\libg-musl.a(__pop_ptr.o)
 .ARM.attributes
                0x00000000000004d2       0x2e c:/program files/microchip/xc32/v4.45/bin/bin/../../lib/gcc/pic32c/8.3.1/../../../../pic32c/lib/thumb/v6-m/nofp\libg-musl.a(__printf_core.o)
 .ARM.attributes
                0x0000000000000500       0x2e c:/program files/microchip/xc32/v4.45/bin/bin/../../lib/gcc/pic32c/8.3.1/../../../../pic32c/lib/thumb/v6-m/nofp\libg-musl.a(atoi.o)
 .ARM.attributes
                0x000000000000052e       0x2e c:/program files/microchip/xc32/v4.45/bin/bin/../../lib/gcc/pic32c/8.3.1/../../../../pic32c/lib/thumb/v6-m/nofp\libg-musl.a(tolower.o)
 .ARM.attributes
                0x000000000000055c       0x2e c:/program files/microchip/xc32/v4.45/bin/bin/../../lib/gcc/pic32c/8.3.1/../../../../pic32c/lib/thumb/v6-m/nofp\libg-musl.a(toupper.o)
 .ARM.attributes
                0x000000000000058a       0x2e c:/program files/microchip/xc32/v4.45/bin/bin/../../lib/gcc/pic32c/8.3.1/../../../../pic32c/lib/thumb/v6-m/nofp\libg-musl.a(__environ.o)
 .ARM.attributes
                0x00000000000005b8       0x2e c:/program files/microchip/xc32/v4.45/bin/bin/../../lib/gcc/pic32c/8.3.1/../../../../pic32c/lib/thumb/v6-m/nofp\libg-musl.a(__errno_location.o)
 .ARM.attributes
                0x00000000000005e6       0x2e c:/program files/microchip/xc32/v4.45/bin/bin/../../lib/gcc/pic32c/8.3.1/../../../../pic32c/lib/thumb/v6-m/nofp\libg-musl.a(__int_vsprintf.o)
 .ARM.attributes
                0x0000000000000614       0x2e c:/program files/microchip/xc32/v4.45/bin/bin/../../lib/gcc/pic32c/8.3.1/../../../../pic32c/lib/thumb/v6-m/nofp\libg-musl.a(__pop_float.o)
 .ARM.attributes
                0x0000000000000642       0x2e c:/program files/microchip/xc32/v4.45/bin/bin/../../lib/gcc/pic32c/8.3.1/../../../../pic32c/lib/thumb/v6-m/nofp\libg-musl.a(__int_vsnprintf.o)
 .ARM.attributes
                0x0000000000000670       0x2e c:/program files/microchip/xc32/v4.45/bin/bin/../../lib/gcc/pic32c/8.3.1/../../../../pic32c/lib/thumb/v6-m/nofp\libg-musl.a(__int_vfprintf.o)
 .ARM.attributes
                0x000000000000069e       0x2e c:/program files/microchip/xc32/v4.45/bin/bin/../../lib/gcc/pic32c/8.3.1/../../../../pic32c/lib/thumb/v6-m/nofp\libc-size-musl.a(memset.o)
 .ARM.attributes
                0x00000000000006cc       0x1e c:/program files/microchip/xc32/v4.45/bin/bin/../../lib/gcc/pic32c/8.3.1/thumb/v6-m/nofp/crtn.o
 .ARM.attributes
                0x00000000000006ea       0x2c c:/program files/microchip/xc32/v4.45/bin/bin/../../lib/gcc/pic32c/8.3.1/../../../../pic32c/lib/thumb/v6-m/nofp\libpic32c.a(pic32_data_init_clear.o)
 .ARM.attributes
                0x0000000000000716       0x2c c:/program files/microchip/xc32/v4.45/bin/bin/../../lib/gcc/pic32c/8.3.1/../../../../pic32c/lib/thumb/v6-m/nofp\libpic32c.a(pic32_data_init_copy.o)

.comment        0x0000000000000000       0x2b
 .comment       0x0000000000000000       0x2b c:/program files/microchip/xc32/v4.45/bin/bin/../../lib/gcc/pic32c/8.3.1/thumb/v6-m/nofp/crtbegin.o
                                         0x2c (size before relaxing)
 .comment       0x000000000000002b       0x2c build/default/debug/_ext/60163342/plib_adc.o
 .comment       0x000000000000002b       0x2c build/default/debug/_ext/1984496892/plib_clock.o
 .comment       0x000000000000002b       0x2c build/default/debug/_ext/1865468468/plib_nvic.o
 .comment       0x000000000000002b       0x2c build/default/debug/_ext/1593096446/plib_nvmctrl.o
 .comment       0x000000000000002b       0x2c build/default/debug/_ext/1865521619/plib_port.o
 .comment       0x000000000000002b       0x2c build/default/debug/_ext/504274921/plib_sercom5_usart.o
 .comment       0x000000000000002b       0x2c build/default/debug/_ext/504274921/plib_sercom3_usart.o
 .comment       0x000000000000002b       0x2c build/default/debug/_ext/1827571544/plib_systick.o
 .comment       0x000000000000002b       0x2c build/default/debug/_ext/829342655/plib_tc4.o
 .comment       0x000000000000002b       0x2c build/default/debug/_ext/829342655/plib_tc3.o
 .comment       0x000000000000002b       0x2c build/default/debug/_ext/1171490990/startup_xc32.o
 .comment       0x000000000000002b       0x2c build/default/debug/_ext/1171490990/exceptions.o
 .comment       0x000000000000002b       0x2c build/default/debug/_ext/1171490990/interrupts.o
 .comment       0x000000000000002b       0x2c build/default/debug/_ext/1171490990/initialization.o
 .comment       0x000000000000002b       0x2c build/default/debug/_ext/1360937237/main.o
 .comment       0x000000000000002b       0x2c build/default/debug/AppTasks.o
 .comment       0x000000000000002b       0x2c build/default/debug/LEDTasks.o
 .comment       0x000000000000002b       0x2c c:/program files/microchip/xc32/v4.45/bin/bin/../../lib/gcc/pic32c/8.3.1/../../../../pic32c/lib/thumb/v6-m/nofp\libpic32c.a(data_init.o)
 .comment       0x000000000000002b       0x2c c:/program files/microchip/xc32/v4.45/bin/bin/../../lib/gcc/pic32c/8.3.1/../../../../pic32c/lib/thumb/v6-m/nofp\libc-size-musl.a(memcpy.o)
 .comment       0x000000000000002b       0x2c c:/program files/microchip/xc32/v4.45/bin/bin/../../lib/gcc/pic32c/8.3.1/../../../../pic32c/lib/thumb/v6-m/nofp\libc-size-musl.a(strlen.o)
 .comment       0x000000000000002b       0x2c c:/program files/microchip/xc32/v4.45/bin/bin/../../lib/gcc/pic32c/8.3.1/../../../../pic32c/lib/thumb/v6-m/nofp\libg-musl.a(__libc_start_main.o)
 .comment       0x000000000000002b       0x2c c:/program files/microchip/xc32/v4.45/bin/bin/../../lib/gcc/pic32c/8.3.1/../../../../pic32c/lib/thumb/v6-m/nofp\libg-musl.a(libc.o)
 .comment       0x000000000000002b       0x2c c:/program files/microchip/xc32/v4.45/bin/bin/../../lib/gcc/pic32c/8.3.1/../../../../pic32c/lib/thumb/v6-m/nofp\libg-musl.a(__sio_sprintf_npxX.o)
 .comment       0x000000000000002b       0x2c c:/program files/microchip/xc32/v4.45/bin/bin/../../lib/gcc/pic32c/8.3.1/../../../../pic32c/lib/thumb/v6-m/nofp\libg-musl.a(__fmt_x.o)
 .comment       0x000000000000002b       0x2c c:/program files/microchip/xc32/v4.45/bin/bin/../../lib/gcc/pic32c/8.3.1/../../../../pic32c/lib/thumb/v6-m/nofp\libg-musl.a(__pop_int.o)
 .comment       0x000000000000002b       0x2c c:/program files/microchip/xc32/v4.45/bin/bin/../../lib/gcc/pic32c/8.3.1/../../../../pic32c/lib/thumb/v6-m/nofp\libg-musl.a(__pop_ptr.o)
 .comment       0x000000000000002b       0x2c c:/program files/microchip/xc32/v4.45/bin/bin/../../lib/gcc/pic32c/8.3.1/../../../../pic32c/lib/thumb/v6-m/nofp\libg-musl.a(__printf_core.o)
 .comment       0x000000000000002b       0x2c c:/program files/microchip/xc32/v4.45/bin/bin/../../lib/gcc/pic32c/8.3.1/../../../../pic32c/lib/thumb/v6-m/nofp\libg-musl.a(atoi.o)
 .comment       0x000000000000002b       0x2c c:/program files/microchip/xc32/v4.45/bin/bin/../../lib/gcc/pic32c/8.3.1/../../../../pic32c/lib/thumb/v6-m/nofp\libg-musl.a(tolower.o)
 .comment       0x000000000000002b       0x2c c:/program files/microchip/xc32/v4.45/bin/bin/../../lib/gcc/pic32c/8.3.1/../../../../pic32c/lib/thumb/v6-m/nofp\libg-musl.a(toupper.o)
 .comment       0x000000000000002b       0x2c c:/program files/microchip/xc32/v4.45/bin/bin/../../lib/gcc/pic32c/8.3.1/../../../../pic32c/lib/thumb/v6-m/nofp\libg-musl.a(__environ.o)
 .comment       0x000000000000002b       0x2c c:/program files/microchip/xc32/v4.45/bin/bin/../../lib/gcc/pic32c/8.3.1/../../../../pic32c/lib/thumb/v6-m/nofp\libg-musl.a(__errno_location.o)
 .comment       0x000000000000002b       0x2c c:/program files/microchip/xc32/v4.45/bin/bin/../../lib/gcc/pic32c/8.3.1/../../../../pic32c/lib/thumb/v6-m/nofp\libg-musl.a(__int_vsprintf.o)
 .comment       0x000000000000002b       0x2c c:/program files/microchip/xc32/v4.45/bin/bin/../../lib/gcc/pic32c/8.3.1/../../../../pic32c/lib/thumb/v6-m/nofp\libg-musl.a(__pop_float.o)
 .comment       0x000000000000002b       0x2c c:/program files/microchip/xc32/v4.45/bin/bin/../../lib/gcc/pic32c/8.3.1/../../../../pic32c/lib/thumb/v6-m/nofp\libg-musl.a(__int_vsnprintf.o)
 .comment       0x000000000000002b       0x2c c:/program files/microchip/xc32/v4.45/bin/bin/../../lib/gcc/pic32c/8.3.1/../../../../pic32c/lib/thumb/v6-m/nofp\libg-musl.a(__int_vfprintf.o)
 .comment       0x000000000000002b       0x2c c:/program files/microchip/xc32/v4.45/bin/bin/../../lib/gcc/pic32c/8.3.1/../../../../pic32c/lib/thumb/v6-m/nofp\libc-size-musl.a(memset.o)
 .comment       0x000000000000002b       0x2c c:/program files/microchip/xc32/v4.45/bin/bin/../../lib/gcc/pic32c/8.3.1/../../../../pic32c/lib/thumb/v6-m/nofp\libpic32c.a(pic32_data_init_clear.o)
 .comment       0x000000000000002b       0x2c c:/program files/microchip/xc32/v4.45/bin/bin/../../lib/gcc/pic32c/8.3.1/../../../../pic32c/lib/thumb/v6-m/nofp\libpic32c.a(pic32_data_init_copy.o)

.debug_info     0x0000000000000000     0xa3a7
 .debug_info    0x0000000000000000      0x62b build/default/debug/_ext/60163342/plib_adc.o
 .debug_info    0x000000000000062b      0x5b1 build/default/debug/_ext/1984496892/plib_clock.o
 .debug_info    0x0000000000000bdc      0x880 build/default/debug/_ext/1865468468/plib_nvic.o
 .debug_info    0x000000000000145c      0x6d8 build/default/debug/_ext/1593096446/plib_nvmctrl.o
 .debug_info    0x0000000000001b34      0x6aa build/default/debug/_ext/1865521619/plib_port.o
 .debug_info    0x00000000000021de     0x17b8 build/default/debug/_ext/504274921/plib_sercom5_usart.o
 .debug_info    0x0000000000003996     0x17b8 build/default/debug/_ext/504274921/plib_sercom3_usart.o
 .debug_info    0x000000000000514e      0x33a build/default/debug/_ext/1827571544/plib_systick.o
 .debug_info    0x0000000000005488      0x774 build/default/debug/_ext/829342655/plib_tc4.o
 .debug_info    0x0000000000005bfc      0x774 build/default/debug/_ext/829342655/plib_tc3.o
 .debug_info    0x0000000000006370      0x205 build/default/debug/_ext/1171490990/startup_xc32.o
 .debug_info    0x0000000000006575       0xba build/default/debug/_ext/1171490990/exceptions.o
 .debug_info    0x000000000000662f      0x3de build/default/debug/_ext/1171490990/interrupts.o
 .debug_info    0x0000000000006a0d      0x30a build/default/debug/_ext/1171490990/initialization.o
 .debug_info    0x0000000000006d17      0x965 build/default/debug/_ext/1360937237/main.o
 .debug_info    0x000000000000767c      0x380 build/default/debug/AppTasks.o
 .debug_info    0x00000000000079fc      0x3be build/default/debug/LEDTasks.o
 .debug_info    0x0000000000007dba       0x54 c:/program files/microchip/xc32/v4.45/bin/bin/../../lib/gcc/pic32c/8.3.1/../../../../pic32c/lib/thumb/v6-m/nofp\libpic32c.a(data_init.o)
 .debug_info    0x0000000000007e0e       0xed c:/program files/microchip/xc32/v4.45/bin/bin/../../lib/gcc/pic32c/8.3.1/../../../../pic32c/lib/thumb/v6-m/nofp\libc-size-musl.a(memcpy.o)
 .debug_info    0x0000000000007efb       0xa4 c:/program files/microchip/xc32/v4.45/bin/bin/../../lib/gcc/pic32c/8.3.1/../../../../pic32c/lib/thumb/v6-m/nofp\libc-size-musl.a(strlen.o)
 .debug_info    0x0000000000007f9f      0x2fb c:/program files/microchip/xc32/v4.45/bin/bin/../../lib/gcc/pic32c/8.3.1/../../../../pic32c/lib/thumb/v6-m/nofp\libg-musl.a(__libc_start_main.o)
 .debug_info    0x000000000000829a      0x276 c:/program files/microchip/xc32/v4.45/bin/bin/../../lib/gcc/pic32c/8.3.1/../../../../pic32c/lib/thumb/v6-m/nofp\libg-musl.a(libc.o)
 .debug_info    0x0000000000008510      0x1a7 c:/program files/microchip/xc32/v4.45/bin/bin/../../lib/gcc/pic32c/8.3.1/../../../../pic32c/lib/thumb/v6-m/nofp\libg-musl.a(__sio_sprintf_npxX.o)
 .debug_info    0x00000000000086b7      0x335 c:/program files/microchip/xc32/v4.45/bin/bin/../../lib/gcc/pic32c/8.3.1/../../../../pic32c/lib/thumb/v6-m/nofp\libg-musl.a(__fmt_x.o)
 .debug_info    0x00000000000089ec      0x183 c:/program files/microchip/xc32/v4.45/bin/bin/../../lib/gcc/pic32c/8.3.1/../../../../pic32c/lib/thumb/v6-m/nofp\libg-musl.a(__pop_int.o)
 .debug_info    0x0000000000008b6f      0x18d c:/program files/microchip/xc32/v4.45/bin/bin/../../lib/gcc/pic32c/8.3.1/../../../../pic32c/lib/thumb/v6-m/nofp\libg-musl.a(__pop_ptr.o)
 .debug_info    0x0000000000008cfc      0xa6f c:/program files/microchip/xc32/v4.45/bin/bin/../../lib/gcc/pic32c/8.3.1/../../../../pic32c/lib/thumb/v6-m/nofp\libg-musl.a(__printf_core.o)
 .debug_info    0x000000000000976b       0xf4 c:/program files/microchip/xc32/v4.45/bin/bin/../../lib/gcc/pic32c/8.3.1/../../../../pic32c/lib/thumb/v6-m/nofp\libg-musl.a(atoi.o)
 .debug_info    0x000000000000985f      0x131 c:/program files/microchip/xc32/v4.45/bin/bin/../../lib/gcc/pic32c/8.3.1/../../../../pic32c/lib/thumb/v6-m/nofp\libg-musl.a(tolower.o)
 .debug_info    0x0000000000009990      0x131 c:/program files/microchip/xc32/v4.45/bin/bin/../../lib/gcc/pic32c/8.3.1/../../../../pic32c/lib/thumb/v6-m/nofp\libg-musl.a(toupper.o)
 .debug_info    0x0000000000009ac1       0x97 c:/program files/microchip/xc32/v4.45/bin/bin/../../lib/gcc/pic32c/8.3.1/../../../../pic32c/lib/thumb/v6-m/nofp\libg-musl.a(__environ.o)
 .debug_info    0x0000000000009b58       0x5b c:/program files/microchip/xc32/v4.45/bin/bin/../../lib/gcc/pic32c/8.3.1/../../../../pic32c/lib/thumb/v6-m/nofp\libg-musl.a(__errno_location.o)
 .debug_info    0x0000000000009bb3      0x13f c:/program files/microchip/xc32/v4.45/bin/bin/../../lib/gcc/pic32c/8.3.1/../../../../pic32c/lib/thumb/v6-m/nofp\libg-musl.a(__int_vsprintf.o)
 .debug_info    0x0000000000009cf2      0x162 c:/program files/microchip/xc32/v4.45/bin/bin/../../lib/gcc/pic32c/8.3.1/../../../../pic32c/lib/thumb/v6-m/nofp\libg-musl.a(__pop_float.o)
 .debug_info    0x0000000000009e54      0x21a c:/program files/microchip/xc32/v4.45/bin/bin/../../lib/gcc/pic32c/8.3.1/../../../../pic32c/lib/thumb/v6-m/nofp\libg-musl.a(__int_vsnprintf.o)
 .debug_info    0x000000000000a06e      0x1ff c:/program files/microchip/xc32/v4.45/bin/bin/../../lib/gcc/pic32c/8.3.1/../../../../pic32c/lib/thumb/v6-m/nofp\libg-musl.a(__int_vfprintf.o)
 .debug_info    0x000000000000a26d       0xbb c:/program files/microchip/xc32/v4.45/bin/bin/../../lib/gcc/pic32c/8.3.1/../../../../pic32c/lib/thumb/v6-m/nofp\libc-size-musl.a(memset.o)
 .debug_info    0x000000000000a328       0x3f c:/program files/microchip/xc32/v4.45/bin/bin/../../lib/gcc/pic32c/8.3.1/../../../../pic32c/lib/thumb/v6-m/nofp\libpic32c.a(pic32_data_init_clear.o)
 .debug_info    0x000000000000a367       0x40 c:/program files/microchip/xc32/v4.45/bin/bin/../../lib/gcc/pic32c/8.3.1/../../../../pic32c/lib/thumb/v6-m/nofp\libpic32c.a(pic32_data_init_copy.o)

.debug_abbrev   0x0000000000000000     0x30c0
 .debug_abbrev  0x0000000000000000      0x17a build/default/debug/_ext/60163342/plib_adc.o
 .debug_abbrev  0x000000000000017a      0x138 build/default/debug/_ext/1984496892/plib_clock.o
 .debug_abbrev  0x00000000000002b2      0x271 build/default/debug/_ext/1865468468/plib_nvic.o
 .debug_abbrev  0x0000000000000523      0x1af build/default/debug/_ext/1593096446/plib_nvmctrl.o
 .debug_abbrev  0x00000000000006d2      0x1ea build/default/debug/_ext/1865521619/plib_port.o
 .debug_abbrev  0x00000000000008bc      0x423 build/default/debug/_ext/504274921/plib_sercom5_usart.o
 .debug_abbrev  0x0000000000000cdf      0x423 build/default/debug/_ext/504274921/plib_sercom3_usart.o
 .debug_abbrev  0x0000000000001102      0x110 build/default/debug/_ext/1827571544/plib_systick.o
 .debug_abbrev  0x0000000000001212      0x1be build/default/debug/_ext/829342655/plib_tc4.o
 .debug_abbrev  0x00000000000013d0      0x1be build/default/debug/_ext/829342655/plib_tc3.o
 .debug_abbrev  0x000000000000158e      0x118 build/default/debug/_ext/1171490990/startup_xc32.o
 .debug_abbrev  0x00000000000016a6       0x49 build/default/debug/_ext/1171490990/exceptions.o
 .debug_abbrev  0x00000000000016ef       0xc0 build/default/debug/_ext/1171490990/interrupts.o
 .debug_abbrev  0x00000000000017af       0xf4 build/default/debug/_ext/1171490990/initialization.o
 .debug_abbrev  0x00000000000018a3      0x1f6 build/default/debug/_ext/1360937237/main.o
 .debug_abbrev  0x0000000000001a99      0x17f build/default/debug/AppTasks.o
 .debug_abbrev  0x0000000000001c18      0x153 build/default/debug/LEDTasks.o
 .debug_abbrev  0x0000000000001d6b       0x44 c:/program files/microchip/xc32/v4.45/bin/bin/../../lib/gcc/pic32c/8.3.1/../../../../pic32c/lib/thumb/v6-m/nofp\libpic32c.a(data_init.o)
 .debug_abbrev  0x0000000000001daf       0xbb c:/program files/microchip/xc32/v4.45/bin/bin/../../lib/gcc/pic32c/8.3.1/../../../../pic32c/lib/thumb/v6-m/nofp\libc-size-musl.a(memcpy.o)
 .debug_abbrev  0x0000000000001e6a       0x91 c:/program files/microchip/xc32/v4.45/bin/bin/../../lib/gcc/pic32c/8.3.1/../../../../pic32c/lib/thumb/v6-m/nofp\libc-size-musl.a(strlen.o)
 .debug_abbrev  0x0000000000001efb      0x133 c:/program files/microchip/xc32/v4.45/bin/bin/../../lib/gcc/pic32c/8.3.1/../../../../pic32c/lib/thumb/v6-m/nofp\libg-musl.a(__libc_start_main.o)
 .debug_abbrev  0x000000000000202e       0xd4 c:/program files/microchip/xc32/v4.45/bin/bin/../../lib/gcc/pic32c/8.3.1/../../../../pic32c/lib/thumb/v6-m/nofp\libg-musl.a(libc.o)
 .debug_abbrev  0x0000000000002102      0x12b c:/program files/microchip/xc32/v4.45/bin/bin/../../lib/gcc/pic32c/8.3.1/../../../../pic32c/lib/thumb/v6-m/nofp\libg-musl.a(__sio_sprintf_npxX.o)
 .debug_abbrev  0x000000000000222d      0x150 c:/program files/microchip/xc32/v4.45/bin/bin/../../lib/gcc/pic32c/8.3.1/../../../../pic32c/lib/thumb/v6-m/nofp\libg-musl.a(__fmt_x.o)
 .debug_abbrev  0x000000000000237d       0xdc c:/program files/microchip/xc32/v4.45/bin/bin/../../lib/gcc/pic32c/8.3.1/../../../../pic32c/lib/thumb/v6-m/nofp\libg-musl.a(__pop_int.o)
 .debug_abbrev  0x0000000000002459       0xdc c:/program files/microchip/xc32/v4.45/bin/bin/../../lib/gcc/pic32c/8.3.1/../../../../pic32c/lib/thumb/v6-m/nofp\libg-musl.a(__pop_ptr.o)
 .debug_abbrev  0x0000000000002535      0x317 c:/program files/microchip/xc32/v4.45/bin/bin/../../lib/gcc/pic32c/8.3.1/../../../../pic32c/lib/thumb/v6-m/nofp\libg-musl.a(__printf_core.o)
 .debug_abbrev  0x000000000000284c       0xc6 c:/program files/microchip/xc32/v4.45/bin/bin/../../lib/gcc/pic32c/8.3.1/../../../../pic32c/lib/thumb/v6-m/nofp\libg-musl.a(atoi.o)
 .debug_abbrev  0x0000000000002912       0xf4 c:/program files/microchip/xc32/v4.45/bin/bin/../../lib/gcc/pic32c/8.3.1/../../../../pic32c/lib/thumb/v6-m/nofp\libg-musl.a(tolower.o)
 .debug_abbrev  0x0000000000002a06       0xf4 c:/program files/microchip/xc32/v4.45/bin/bin/../../lib/gcc/pic32c/8.3.1/../../../../pic32c/lib/thumb/v6-m/nofp\libg-musl.a(toupper.o)
 .debug_abbrev  0x0000000000002afa       0x62 c:/program files/microchip/xc32/v4.45/bin/bin/../../lib/gcc/pic32c/8.3.1/../../../../pic32c/lib/thumb/v6-m/nofp\libg-musl.a(__environ.o)
 .debug_abbrev  0x0000000000002b5c       0x39 c:/program files/microchip/xc32/v4.45/bin/bin/../../lib/gcc/pic32c/8.3.1/../../../../pic32c/lib/thumb/v6-m/nofp\libg-musl.a(__errno_location.o)
 .debug_abbrev  0x0000000000002b95       0xcb c:/program files/microchip/xc32/v4.45/bin/bin/../../lib/gcc/pic32c/8.3.1/../../../../pic32c/lib/thumb/v6-m/nofp\libg-musl.a(__int_vsprintf.o)
 .debug_abbrev  0x0000000000002c60       0xdc c:/program files/microchip/xc32/v4.45/bin/bin/../../lib/gcc/pic32c/8.3.1/../../../../pic32c/lib/thumb/v6-m/nofp\libg-musl.a(__pop_float.o)
 .debug_abbrev  0x0000000000002d3c      0x154 c:/program files/microchip/xc32/v4.45/bin/bin/../../lib/gcc/pic32c/8.3.1/../../../../pic32c/lib/thumb/v6-m/nofp\libg-musl.a(__int_vsnprintf.o)
 .debug_abbrev  0x0000000000002e90      0x132 c:/program files/microchip/xc32/v4.45/bin/bin/../../lib/gcc/pic32c/8.3.1/../../../../pic32c/lib/thumb/v6-m/nofp\libg-musl.a(__int_vfprintf.o)
 .debug_abbrev  0x0000000000002fc2       0xa2 c:/program files/microchip/xc32/v4.45/bin/bin/../../lib/gcc/pic32c/8.3.1/../../../../pic32c/lib/thumb/v6-m/nofp\libc-size-musl.a(memset.o)
 .debug_abbrev  0x0000000000003064       0x2e c:/program files/microchip/xc32/v4.45/bin/bin/../../lib/gcc/pic32c/8.3.1/../../../../pic32c/lib/thumb/v6-m/nofp\libpic32c.a(pic32_data_init_clear.o)
 .debug_abbrev  0x0000000000003092       0x2e c:/program files/microchip/xc32/v4.45/bin/bin/../../lib/gcc/pic32c/8.3.1/../../../../pic32c/lib/thumb/v6-m/nofp\libpic32c.a(pic32_data_init_copy.o)

.debug_loc      0x0000000000000000     0x4617
 .debug_loc     0x0000000000000000      0x140 build/default/debug/_ext/60163342/plib_adc.o
 .debug_loc     0x0000000000000140       0x31 build/default/debug/_ext/1984496892/plib_clock.o
 .debug_loc     0x0000000000000171      0x239 build/default/debug/_ext/1865468468/plib_nvic.o
 .debug_loc     0x00000000000003aa      0x665 build/default/debug/_ext/1593096446/plib_nvmctrl.o
 .debug_loc     0x0000000000000a0f      0x2bb build/default/debug/_ext/1865521619/plib_port.o
 .debug_loc     0x0000000000000cca      0xd8f build/default/debug/_ext/504274921/plib_sercom5_usart.o
 .debug_loc     0x0000000000001a59      0xd8f build/default/debug/_ext/504274921/plib_sercom3_usart.o
 .debug_loc     0x00000000000027e8      0x2b9 build/default/debug/_ext/1827571544/plib_systick.o
 .debug_loc     0x0000000000002aa1       0x6f build/default/debug/_ext/829342655/plib_tc4.o
 .debug_loc     0x0000000000002b10       0x6f build/default/debug/_ext/829342655/plib_tc3.o
 .debug_loc     0x0000000000002b7f       0x20 build/default/debug/_ext/1171490990/startup_xc32.o
 .debug_loc     0x0000000000002b9f       0x45 build/default/debug/_ext/1171490990/initialization.o
 .debug_loc     0x0000000000002be4      0x204 build/default/debug/_ext/1360937237/main.o
 .debug_loc     0x0000000000002de8       0x20 build/default/debug/AppTasks.o
 .debug_loc     0x0000000000002e08       0x14 c:/program files/microchip/xc32/v4.45/bin/bin/../../lib/gcc/pic32c/8.3.1/../../../../pic32c/lib/thumb/v6-m/nofp\libpic32c.a(data_init.o)
 .debug_loc     0x0000000000002e1c      0x12d c:/program files/microchip/xc32/v4.45/bin/bin/../../lib/gcc/pic32c/8.3.1/../../../../pic32c/lib/thumb/v6-m/nofp\libc-size-musl.a(memcpy.o)
 .debug_loc     0x0000000000002f49       0x81 c:/program files/microchip/xc32/v4.45/bin/bin/../../lib/gcc/pic32c/8.3.1/../../../../pic32c/lib/thumb/v6-m/nofp\libc-size-musl.a(strlen.o)
 .debug_loc     0x0000000000002fca       0x5e c:/program files/microchip/xc32/v4.45/bin/bin/../../lib/gcc/pic32c/8.3.1/../../../../pic32c/lib/thumb/v6-m/nofp\libg-musl.a(__libc_start_main.o)
 .debug_loc     0x0000000000003028       0x86 c:/program files/microchip/xc32/v4.45/bin/bin/../../lib/gcc/pic32c/8.3.1/../../../../pic32c/lib/thumb/v6-m/nofp\libg-musl.a(__sio_sprintf_npxX.o)
 .debug_loc     0x00000000000030ae      0x3be c:/program files/microchip/xc32/v4.45/bin/bin/../../lib/gcc/pic32c/8.3.1/../../../../pic32c/lib/thumb/v6-m/nofp\libg-musl.a(__fmt_x.o)
 .debug_loc     0x000000000000346c      0x34c c:/program files/microchip/xc32/v4.45/bin/bin/../../lib/gcc/pic32c/8.3.1/../../../../pic32c/lib/thumb/v6-m/nofp\libg-musl.a(__pop_int.o)
 .debug_loc     0x00000000000037b8      0x1fe c:/program files/microchip/xc32/v4.45/bin/bin/../../lib/gcc/pic32c/8.3.1/../../../../pic32c/lib/thumb/v6-m/nofp\libg-musl.a(__pop_ptr.o)
 .debug_loc     0x00000000000039b6      0x6d9 c:/program files/microchip/xc32/v4.45/bin/bin/../../lib/gcc/pic32c/8.3.1/../../../../pic32c/lib/thumb/v6-m/nofp\libg-musl.a(__printf_core.o)
 .debug_loc     0x000000000000408f       0xdc c:/program files/microchip/xc32/v4.45/bin/bin/../../lib/gcc/pic32c/8.3.1/../../../../pic32c/lib/thumb/v6-m/nofp\libg-musl.a(atoi.o)
 .debug_loc     0x000000000000416b       0x8f c:/program files/microchip/xc32/v4.45/bin/bin/../../lib/gcc/pic32c/8.3.1/../../../../pic32c/lib/thumb/v6-m/nofp\libg-musl.a(tolower.o)
 .debug_loc     0x00000000000041fa       0x8f c:/program files/microchip/xc32/v4.45/bin/bin/../../lib/gcc/pic32c/8.3.1/../../../../pic32c/lib/thumb/v6-m/nofp\libg-musl.a(toupper.o)
 .debug_loc     0x0000000000004289       0x8c c:/program files/microchip/xc32/v4.45/bin/bin/../../lib/gcc/pic32c/8.3.1/../../../../pic32c/lib/thumb/v6-m/nofp\libg-musl.a(__int_vsprintf.o)
 .debug_loc     0x0000000000004315       0x6f c:/program files/microchip/xc32/v4.45/bin/bin/../../lib/gcc/pic32c/8.3.1/../../../../pic32c/lib/thumb/v6-m/nofp\libg-musl.a(__pop_float.o)
 .debug_loc     0x0000000000004384      0x102 c:/program files/microchip/xc32/v4.45/bin/bin/../../lib/gcc/pic32c/8.3.1/../../../../pic32c/lib/thumb/v6-m/nofp\libg-musl.a(__int_vsnprintf.o)
 .debug_loc     0x0000000000004486       0xb0 c:/program files/microchip/xc32/v4.45/bin/bin/../../lib/gcc/pic32c/8.3.1/../../../../pic32c/lib/thumb/v6-m/nofp\libg-musl.a(__int_vfprintf.o)
 .debug_loc     0x0000000000004536       0xcd c:/program files/microchip/xc32/v4.45/bin/bin/../../lib/gcc/pic32c/8.3.1/../../../../pic32c/lib/thumb/v6-m/nofp\libc-size-musl.a(memset.o)
 .debug_loc     0x0000000000004603       0x14 c:/program files/microchip/xc32/v4.45/bin/bin/../../lib/gcc/pic32c/8.3.1/../../../../pic32c/lib/thumb/v6-m/nofp\libpic32c.a(pic32_data_init_copy.o)

.debug_aranges  0x0000000000000000      0x930
 .debug_aranges
                0x0000000000000000       0x78 build/default/debug/_ext/60163342/plib_adc.o
 .debug_aranges
                0x0000000000000078       0x20 build/default/debug/_ext/1984496892/plib_clock.o
 .debug_aranges
                0x0000000000000098       0x48 build/default/debug/_ext/1865468468/plib_nvic.o
 .debug_aranges
                0x00000000000000e0       0xa0 build/default/debug/_ext/1593096446/plib_nvmctrl.o
 .debug_aranges
                0x0000000000000180       0x70 build/default/debug/_ext/1865521619/plib_port.o
 .debug_aranges
                0x00000000000001f0       0xe8 build/default/debug/_ext/504274921/plib_sercom5_usart.o
 .debug_aranges
                0x00000000000002d8       0xe8 build/default/debug/_ext/504274921/plib_sercom3_usart.o
 .debug_aranges
                0x00000000000003c0       0x70 build/default/debug/_ext/1827571544/plib_systick.o
 .debug_aranges
                0x0000000000000430       0x70 build/default/debug/_ext/829342655/plib_tc4.o
 .debug_aranges
                0x00000000000004a0       0x70 build/default/debug/_ext/829342655/plib_tc3.o
 .debug_aranges
                0x0000000000000510       0x28 build/default/debug/_ext/1171490990/startup_xc32.o
 .debug_aranges
                0x0000000000000538       0x28 build/default/debug/_ext/1171490990/exceptions.o
 .debug_aranges
                0x0000000000000560       0x20 build/default/debug/_ext/1171490990/interrupts.o
 .debug_aranges
                0x0000000000000580       0x20 build/default/debug/_ext/1171490990/initialization.o
 .debug_aranges
                0x00000000000005a0       0x40 build/default/debug/_ext/1360937237/main.o
 .debug_aranges
                0x00000000000005e0       0x28 build/default/debug/AppTasks.o
 .debug_aranges
                0x0000000000000608       0x28 build/default/debug/LEDTasks.o
 .debug_aranges
                0x0000000000000630       0x28 c:/program files/microchip/xc32/v4.45/bin/bin/../../lib/gcc/pic32c/8.3.1/../../../../pic32c/lib/thumb/v6-m/nofp\libpic32c.a(data_init.o)
 .debug_aranges
                0x0000000000000658       0x20 c:/program files/microchip/xc32/v4.45/bin/bin/../../lib/gcc/pic32c/8.3.1/../../../../pic32c/lib/thumb/v6-m/nofp\libc-size-musl.a(memcpy.o)
 .debug_aranges
                0x0000000000000678       0x20 c:/program files/microchip/xc32/v4.45/bin/bin/../../lib/gcc/pic32c/8.3.1/../../../../pic32c/lib/thumb/v6-m/nofp\libc-size-musl.a(strlen.o)
 .debug_aranges
                0x0000000000000698       0x28 c:/program files/microchip/xc32/v4.45/bin/bin/../../lib/gcc/pic32c/8.3.1/../../../../pic32c/lib/thumb/v6-m/nofp\libg-musl.a(__libc_start_main.o)
 .debug_aranges
                0x00000000000006c0       0x18 c:/program files/microchip/xc32/v4.45/bin/bin/../../lib/gcc/pic32c/8.3.1/../../../../pic32c/lib/thumb/v6-m/nofp\libg-musl.a(libc.o)
 .debug_aranges
                0x00000000000006d8       0x28 c:/program files/microchip/xc32/v4.45/bin/bin/../../lib/gcc/pic32c/8.3.1/../../../../pic32c/lib/thumb/v6-m/nofp\libg-musl.a(__sio_sprintf_npxX.o)
 .debug_aranges
                0x0000000000000700       0x20 c:/program files/microchip/xc32/v4.45/bin/bin/../../lib/gcc/pic32c/8.3.1/../../../../pic32c/lib/thumb/v6-m/nofp\libg-musl.a(__fmt_x.o)
 .debug_aranges
                0x0000000000000720       0x20 c:/program files/microchip/xc32/v4.45/bin/bin/../../lib/gcc/pic32c/8.3.1/../../../../pic32c/lib/thumb/v6-m/nofp\libg-musl.a(__pop_int.o)
 .debug_aranges
                0x0000000000000740       0x20 c:/program files/microchip/xc32/v4.45/bin/bin/../../lib/gcc/pic32c/8.3.1/../../../../pic32c/lib/thumb/v6-m/nofp\libg-musl.a(__pop_ptr.o)
 .debug_aranges
                0x0000000000000760       0x50 c:/program files/microchip/xc32/v4.45/bin/bin/../../lib/gcc/pic32c/8.3.1/../../../../pic32c/lib/thumb/v6-m/nofp\libg-musl.a(__printf_core.o)
 .debug_aranges
                0x00000000000007b0       0x20 c:/program files/microchip/xc32/v4.45/bin/bin/../../lib/gcc/pic32c/8.3.1/../../../../pic32c/lib/thumb/v6-m/nofp\libg-musl.a(atoi.o)
 .debug_aranges
                0x00000000000007d0       0x28 c:/program files/microchip/xc32/v4.45/bin/bin/../../lib/gcc/pic32c/8.3.1/../../../../pic32c/lib/thumb/v6-m/nofp\libg-musl.a(tolower.o)
 .debug_aranges
                0x00000000000007f8       0x28 c:/program files/microchip/xc32/v4.45/bin/bin/../../lib/gcc/pic32c/8.3.1/../../../../pic32c/lib/thumb/v6-m/nofp\libg-musl.a(toupper.o)
 .debug_aranges
                0x0000000000000820       0x18 c:/program files/microchip/xc32/v4.45/bin/bin/../../lib/gcc/pic32c/8.3.1/../../../../pic32c/lib/thumb/v6-m/nofp\libg-musl.a(__environ.o)
 .debug_aranges
                0x0000000000000838       0x18 c:/program files/microchip/xc32/v4.45/bin/bin/../../lib/gcc/pic32c/8.3.1/../../../../pic32c/lib/thumb/v6-m/nofp\libg-musl.a(__errno_location.o)
 .debug_aranges
                0x0000000000000850       0x20 c:/program files/microchip/xc32/v4.45/bin/bin/../../lib/gcc/pic32c/8.3.1/../../../../pic32c/lib/thumb/v6-m/nofp\libg-musl.a(__int_vsprintf.o)
 .debug_aranges
                0x0000000000000870       0x20 c:/program files/microchip/xc32/v4.45/bin/bin/../../lib/gcc/pic32c/8.3.1/../../../../pic32c/lib/thumb/v6-m/nofp\libg-musl.a(__pop_float.o)
 .debug_aranges
                0x0000000000000890       0x20 c:/program files/microchip/xc32/v4.45/bin/bin/../../lib/gcc/pic32c/8.3.1/../../../../pic32c/lib/thumb/v6-m/nofp\libg-musl.a(__int_vsnprintf.o)
 .debug_aranges
                0x00000000000008b0       0x20 c:/program files/microchip/xc32/v4.45/bin/bin/../../lib/gcc/pic32c/8.3.1/../../../../pic32c/lib/thumb/v6-m/nofp\libg-musl.a(__int_vfprintf.o)
 .debug_aranges
                0x00000000000008d0       0x20 c:/program files/microchip/xc32/v4.45/bin/bin/../../lib/gcc/pic32c/8.3.1/../../../../pic32c/lib/thumb/v6-m/nofp\libc-size-musl.a(memset.o)
 .debug_aranges
                0x00000000000008f0       0x20 c:/program files/microchip/xc32/v4.45/bin/bin/../../lib/gcc/pic32c/8.3.1/../../../../pic32c/lib/thumb/v6-m/nofp\libpic32c.a(pic32_data_init_clear.o)
 .debug_aranges
                0x0000000000000910       0x20 c:/program files/microchip/xc32/v4.45/bin/bin/../../lib/gcc/pic32c/8.3.1/../../../../pic32c/lib/thumb/v6-m/nofp\libpic32c.a(pic32_data_init_copy.o)

.debug_ranges   0x0000000000000000      0x928
 .debug_ranges  0x0000000000000000       0x68 build/default/debug/_ext/60163342/plib_adc.o
 .debug_ranges  0x0000000000000068       0x28 build/default/debug/_ext/1984496892/plib_clock.o
 .debug_ranges  0x0000000000000090       0x50 build/default/debug/_ext/1865468468/plib_nvic.o
 .debug_ranges  0x00000000000000e0       0x90 build/default/debug/_ext/1593096446/plib_nvmctrl.o
 .debug_ranges  0x0000000000000170       0x60 build/default/debug/_ext/1865521619/plib_port.o
 .debug_ranges  0x00000000000001d0      0x1e8 build/default/debug/_ext/504274921/plib_sercom5_usart.o
 .debug_ranges  0x00000000000003b8      0x1e8 build/default/debug/_ext/504274921/plib_sercom3_usart.o
 .debug_ranges  0x00000000000005a0       0x60 build/default/debug/_ext/1827571544/plib_systick.o
 .debug_ranges  0x0000000000000600       0x60 build/default/debug/_ext/829342655/plib_tc4.o
 .debug_ranges  0x0000000000000660       0x60 build/default/debug/_ext/829342655/plib_tc3.o
 .debug_ranges  0x00000000000006c0       0x18 build/default/debug/_ext/1171490990/startup_xc32.o
 .debug_ranges  0x00000000000006d8       0x18 build/default/debug/_ext/1171490990/exceptions.o
 .debug_ranges  0x00000000000006f0       0x10 build/default/debug/_ext/1171490990/interrupts.o
 .debug_ranges  0x0000000000000700       0x10 build/default/debug/_ext/1171490990/initialization.o
 .debug_ranges  0x0000000000000710       0x30 build/default/debug/_ext/1360937237/main.o
 .debug_ranges  0x0000000000000740       0x18 build/default/debug/AppTasks.o
 .debug_ranges  0x0000000000000758       0x18 build/default/debug/LEDTasks.o
 .debug_ranges  0x0000000000000770       0x18 c:/program files/microchip/xc32/v4.45/bin/bin/../../lib/gcc/pic32c/8.3.1/../../../../pic32c/lib/thumb/v6-m/nofp\libpic32c.a(data_init.o)
 .debug_ranges  0x0000000000000788       0x10 c:/program files/microchip/xc32/v4.45/bin/bin/../../lib/gcc/pic32c/8.3.1/../../../../pic32c/lib/thumb/v6-m/nofp\libc-size-musl.a(memcpy.o)
 .debug_ranges  0x0000000000000798       0x10 c:/program files/microchip/xc32/v4.45/bin/bin/../../lib/gcc/pic32c/8.3.1/../../../../pic32c/lib/thumb/v6-m/nofp\libc-size-musl.a(strlen.o)
 .debug_ranges  0x00000000000007a8       0x30 c:/program files/microchip/xc32/v4.45/bin/bin/../../lib/gcc/pic32c/8.3.1/../../../../pic32c/lib/thumb/v6-m/nofp\libg-musl.a(__libc_start_main.o)
 .debug_ranges  0x00000000000007d8       0x18 c:/program files/microchip/xc32/v4.45/bin/bin/../../lib/gcc/pic32c/8.3.1/../../../../pic32c/lib/thumb/v6-m/nofp\libg-musl.a(__sio_sprintf_npxX.o)
 .debug_ranges  0x00000000000007f0       0x10 c:/program files/microchip/xc32/v4.45/bin/bin/../../lib/gcc/pic32c/8.3.1/../../../../pic32c/lib/thumb/v6-m/nofp\libg-musl.a(__fmt_x.o)
 .debug_ranges  0x0000000000000800       0x10 c:/program files/microchip/xc32/v4.45/bin/bin/../../lib/gcc/pic32c/8.3.1/../../../../pic32c/lib/thumb/v6-m/nofp\libg-musl.a(__pop_int.o)
 .debug_ranges  0x0000000000000810       0x10 c:/program files/microchip/xc32/v4.45/bin/bin/../../lib/gcc/pic32c/8.3.1/../../../../pic32c/lib/thumb/v6-m/nofp\libg-musl.a(__pop_ptr.o)
 .debug_ranges  0x0000000000000820       0x58 c:/program files/microchip/xc32/v4.45/bin/bin/../../lib/gcc/pic32c/8.3.1/../../../../pic32c/lib/thumb/v6-m/nofp\libg-musl.a(__printf_core.o)
 .debug_ranges  0x0000000000000878       0x10 c:/program files/microchip/xc32/v4.45/bin/bin/../../lib/gcc/pic32c/8.3.1/../../../../pic32c/lib/thumb/v6-m/nofp\libg-musl.a(atoi.o)
 .debug_ranges  0x0000000000000888       0x18 c:/program files/microchip/xc32/v4.45/bin/bin/../../lib/gcc/pic32c/8.3.1/../../../../pic32c/lib/thumb/v6-m/nofp\libg-musl.a(tolower.o)
 .debug_ranges  0x00000000000008a0       0x18 c:/program files/microchip/xc32/v4.45/bin/bin/../../lib/gcc/pic32c/8.3.1/../../../../pic32c/lib/thumb/v6-m/nofp\libg-musl.a(toupper.o)
 .debug_ranges  0x00000000000008b8       0x10 c:/program files/microchip/xc32/v4.45/bin/bin/../../lib/gcc/pic32c/8.3.1/../../../../pic32c/lib/thumb/v6-m/nofp\libg-musl.a(__int_vsprintf.o)
 .debug_ranges  0x00000000000008c8       0x10 c:/program files/microchip/xc32/v4.45/bin/bin/../../lib/gcc/pic32c/8.3.1/../../../../pic32c/lib/thumb/v6-m/nofp\libg-musl.a(__pop_float.o)
 .debug_ranges  0x00000000000008d8       0x10 c:/program files/microchip/xc32/v4.45/bin/bin/../../lib/gcc/pic32c/8.3.1/../../../../pic32c/lib/thumb/v6-m/nofp\libg-musl.a(__int_vsnprintf.o)
 .debug_ranges  0x00000000000008e8       0x10 c:/program files/microchip/xc32/v4.45/bin/bin/../../lib/gcc/pic32c/8.3.1/../../../../pic32c/lib/thumb/v6-m/nofp\libg-musl.a(__int_vfprintf.o)
 .debug_ranges  0x00000000000008f8       0x10 c:/program files/microchip/xc32/v4.45/bin/bin/../../lib/gcc/pic32c/8.3.1/../../../../pic32c/lib/thumb/v6-m/nofp\libc-size-musl.a(memset.o)
 .debug_ranges  0x0000000000000908       0x10 c:/program files/microchip/xc32/v4.45/bin/bin/../../lib/gcc/pic32c/8.3.1/../../../../pic32c/lib/thumb/v6-m/nofp\libpic32c.a(pic32_data_init_clear.o)
 .debug_ranges  0x0000000000000918       0x10 c:/program files/microchip/xc32/v4.45/bin/bin/../../lib/gcc/pic32c/8.3.1/../../../../pic32c/lib/thumb/v6-m/nofp\libpic32c.a(pic32_data_init_copy.o)

.debug_line     0x0000000000000000     0x6412
 .debug_line    0x0000000000000000      0x36c build/default/debug/_ext/60163342/plib_adc.o
 .debug_line    0x000000000000036c      0x1ec build/default/debug/_ext/1984496892/plib_clock.o
 .debug_line    0x0000000000000558      0x453 build/default/debug/_ext/1865468468/plib_nvic.o
 .debug_line    0x00000000000009ab      0x44e build/default/debug/_ext/1593096446/plib_nvmctrl.o
 .debug_line    0x0000000000000df9      0x394 build/default/debug/_ext/1865521619/plib_port.o
 .debug_line    0x000000000000118d      0xd15 build/default/debug/_ext/504274921/plib_sercom5_usart.o
 .debug_line    0x0000000000001ea2      0xd15 build/default/debug/_ext/504274921/plib_sercom3_usart.o
 .debug_line    0x0000000000002bb7      0x314 build/default/debug/_ext/1827571544/plib_systick.o
 .debug_line    0x0000000000002ecb      0x320 build/default/debug/_ext/829342655/plib_tc4.o
 .debug_line    0x00000000000031eb      0x320 build/default/debug/_ext/829342655/plib_tc3.o
 .debug_line    0x000000000000350b      0x158 build/default/debug/_ext/1171490990/startup_xc32.o
 .debug_line    0x0000000000003663       0x71 build/default/debug/_ext/1171490990/exceptions.o
 .debug_line    0x00000000000036d4       0xba build/default/debug/_ext/1171490990/interrupts.o
 .debug_line    0x000000000000378e      0x2e2 build/default/debug/_ext/1171490990/initialization.o
 .debug_line    0x0000000000003a70      0x40e build/default/debug/_ext/1360937237/main.o
 .debug_line    0x0000000000003e7e      0x261 build/default/debug/AppTasks.o
 .debug_line    0x00000000000040df      0x19e build/default/debug/LEDTasks.o
 .debug_line    0x000000000000427d       0x8e c:/program files/microchip/xc32/v4.45/bin/bin/../../lib/gcc/pic32c/8.3.1/../../../../pic32c/lib/thumb/v6-m/nofp\libpic32c.a(data_init.o)
 .debug_line    0x000000000000430b       0xee c:/program files/microchip/xc32/v4.45/bin/bin/../../lib/gcc/pic32c/8.3.1/../../../../pic32c/lib/thumb/v6-m/nofp\libc-size-musl.a(memcpy.o)
 .debug_line    0x00000000000043f9       0xee c:/program files/microchip/xc32/v4.45/bin/bin/../../lib/gcc/pic32c/8.3.1/../../../../pic32c/lib/thumb/v6-m/nofp\libc-size-musl.a(strlen.o)
 .debug_line    0x00000000000044e7      0x1bc c:/program files/microchip/xc32/v4.45/bin/bin/../../lib/gcc/pic32c/8.3.1/../../../../pic32c/lib/thumb/v6-m/nofp\libg-musl.a(__libc_start_main.o)
 .debug_line    0x00000000000046a3       0xb5 c:/program files/microchip/xc32/v4.45/bin/bin/../../lib/gcc/pic32c/8.3.1/../../../../pic32c/lib/thumb/v6-m/nofp\libg-musl.a(libc.o)
 .debug_line    0x0000000000004758      0x1a2 c:/program files/microchip/xc32/v4.45/bin/bin/../../lib/gcc/pic32c/8.3.1/../../../../pic32c/lib/thumb/v6-m/nofp\libg-musl.a(__sio_sprintf_npxX.o)
 .debug_line    0x00000000000048fa      0x2ec c:/program files/microchip/xc32/v4.45/bin/bin/../../lib/gcc/pic32c/8.3.1/../../../../pic32c/lib/thumb/v6-m/nofp\libg-musl.a(__fmt_x.o)
 .debug_line    0x0000000000004be6      0x211 c:/program files/microchip/xc32/v4.45/bin/bin/../../lib/gcc/pic32c/8.3.1/../../../../pic32c/lib/thumb/v6-m/nofp\libg-musl.a(__pop_int.o)
 .debug_line    0x0000000000004df7      0x1c8 c:/program files/microchip/xc32/v4.45/bin/bin/../../lib/gcc/pic32c/8.3.1/../../../../pic32c/lib/thumb/v6-m/nofp\libg-musl.a(__pop_ptr.o)
 .debug_line    0x0000000000004fbf      0x6c7 c:/program files/microchip/xc32/v4.45/bin/bin/../../lib/gcc/pic32c/8.3.1/../../../../pic32c/lib/thumb/v6-m/nofp\libg-musl.a(__printf_core.o)
 .debug_line    0x0000000000005686      0x173 c:/program files/microchip/xc32/v4.45/bin/bin/../../lib/gcc/pic32c/8.3.1/../../../../pic32c/lib/thumb/v6-m/nofp\libg-musl.a(atoi.o)
 .debug_line    0x00000000000057f9      0x15c c:/program files/microchip/xc32/v4.45/bin/bin/../../lib/gcc/pic32c/8.3.1/../../../../pic32c/lib/thumb/v6-m/nofp\libg-musl.a(tolower.o)
 .debug_line    0x0000000000005955      0x15c c:/program files/microchip/xc32/v4.45/bin/bin/../../lib/gcc/pic32c/8.3.1/../../../../pic32c/lib/thumb/v6-m/nofp\libg-musl.a(toupper.o)
 .debug_line    0x0000000000005ab1       0xfb c:/program files/microchip/xc32/v4.45/bin/bin/../../lib/gcc/pic32c/8.3.1/../../../../pic32c/lib/thumb/v6-m/nofp\libg-musl.a(__environ.o)
 .debug_line    0x0000000000005bac       0x9a c:/program files/microchip/xc32/v4.45/bin/bin/../../lib/gcc/pic32c/8.3.1/../../../../pic32c/lib/thumb/v6-m/nofp\libg-musl.a(__errno_location.o)
 .debug_line    0x0000000000005c46      0x153 c:/program files/microchip/xc32/v4.45/bin/bin/../../lib/gcc/pic32c/8.3.1/../../../../pic32c/lib/thumb/v6-m/nofp\libg-musl.a(__int_vsprintf.o)
 .debug_line    0x0000000000005d99      0x166 c:/program files/microchip/xc32/v4.45/bin/bin/../../lib/gcc/pic32c/8.3.1/../../../../pic32c/lib/thumb/v6-m/nofp\libg-musl.a(__pop_float.o)
 .debug_line    0x0000000000005eff      0x1c7 c:/program files/microchip/xc32/v4.45/bin/bin/../../lib/gcc/pic32c/8.3.1/../../../../pic32c/lib/thumb/v6-m/nofp\libg-musl.a(__int_vsnprintf.o)
 .debug_line    0x00000000000060c6      0x172 c:/program files/microchip/xc32/v4.45/bin/bin/../../lib/gcc/pic32c/8.3.1/../../../../pic32c/lib/thumb/v6-m/nofp\libg-musl.a(__int_vfprintf.o)
 .debug_line    0x0000000000006238       0xe3 c:/program files/microchip/xc32/v4.45/bin/bin/../../lib/gcc/pic32c/8.3.1/../../../../pic32c/lib/thumb/v6-m/nofp\libc-size-musl.a(memset.o)
 .debug_line    0x000000000000631b       0x6f c:/program files/microchip/xc32/v4.45/bin/bin/../../lib/gcc/pic32c/8.3.1/../../../../pic32c/lib/thumb/v6-m/nofp\libpic32c.a(pic32_data_init_clear.o)
 .debug_line    0x000000000000638a       0x88 c:/program files/microchip/xc32/v4.45/bin/bin/../../lib/gcc/pic32c/8.3.1/../../../../pic32c/lib/thumb/v6-m/nofp\libpic32c.a(pic32_data_init_copy.o)

.debug_str      0x0000000000000000     0xa5e7
 .debug_str     0x0000000000000000      0x8b8 build/default/debug/_ext/60163342/plib_adc.o
 .debug_str     0x00000000000008b8      0x5c5 build/default/debug/_ext/1984496892/plib_clock.o
 .debug_str     0x0000000000000e7d      0x601 build/default/debug/_ext/1865468468/plib_nvic.o
 .debug_str     0x000000000000147e      0x580 build/default/debug/_ext/1593096446/plib_nvmctrl.o
 .debug_str     0x00000000000019fe      0x79e build/default/debug/_ext/1865521619/plib_port.o
 .debug_str     0x000000000000219c      0xd99 build/default/debug/_ext/504274921/plib_sercom5_usart.o
 .debug_str     0x0000000000002f35      0xd99 build/default/debug/_ext/504274921/plib_sercom3_usart.o
 .debug_str     0x0000000000003cce      0x425 build/default/debug/_ext/1827571544/plib_systick.o
 .debug_str     0x00000000000040f3      0x5a4 build/default/debug/_ext/829342655/plib_tc4.o
 .debug_str     0x0000000000004697      0x5a4 build/default/debug/_ext/829342655/plib_tc3.o
 .debug_str     0x0000000000004c3b      0x341 build/default/debug/_ext/1171490990/startup_xc32.o
 .debug_str     0x0000000000004f7c      0x2d5 build/default/debug/_ext/1171490990/exceptions.o
 .debug_str     0x0000000000005251      0x5f7 build/default/debug/_ext/1171490990/interrupts.o
 .debug_str     0x0000000000005848      0x46e build/default/debug/_ext/1171490990/initialization.o
 .debug_str     0x0000000000005cb6      0x819 build/default/debug/_ext/1360937237/main.o
 .debug_str     0x00000000000064cf      0x436 build/default/debug/AppTasks.o
 .debug_str     0x0000000000006905      0x44f build/default/debug/LEDTasks.o
 .debug_str     0x0000000000006d54      0x1eb c:/program files/microchip/xc32/v4.45/bin/bin/../../lib/gcc/pic32c/8.3.1/../../../../pic32c/lib/thumb/v6-m/nofp\libpic32c.a(data_init.o)
 .debug_str     0x0000000000006f3f      0x225 c:/program files/microchip/xc32/v4.45/bin/bin/../../lib/gcc/pic32c/8.3.1/../../../../pic32c/lib/thumb/v6-m/nofp\libc-size-musl.a(memcpy.o)
 .debug_str     0x0000000000007164      0x217 c:/program files/microchip/xc32/v4.45/bin/bin/../../lib/gcc/pic32c/8.3.1/../../../../pic32c/lib/thumb/v6-m/nofp\libc-size-musl.a(strlen.o)
 .debug_str     0x000000000000737b      0x3ca c:/program files/microchip/xc32/v4.45/bin/bin/../../lib/gcc/pic32c/8.3.1/../../../../pic32c/lib/thumb/v6-m/nofp\libg-musl.a(__libc_start_main.o)
 .debug_str     0x0000000000007745      0x335 c:/program files/microchip/xc32/v4.45/bin/bin/../../lib/gcc/pic32c/8.3.1/../../../../pic32c/lib/thumb/v6-m/nofp\libg-musl.a(libc.o)
 .debug_str     0x0000000000007a7a      0x2f1 c:/program files/microchip/xc32/v4.45/bin/bin/../../lib/gcc/pic32c/8.3.1/../../../../pic32c/lib/thumb/v6-m/nofp\libg-musl.a(__sio_sprintf_npxX.o)
 .debug_str     0x0000000000007d6b      0x2f5 c:/program files/microchip/xc32/v4.45/bin/bin/../../lib/gcc/pic32c/8.3.1/../../../../pic32c/lib/thumb/v6-m/nofp\libg-musl.a(__fmt_x.o)
 .debug_str     0x0000000000008060      0x2cb c:/program files/microchip/xc32/v4.45/bin/bin/../../lib/gcc/pic32c/8.3.1/../../../../pic32c/lib/thumb/v6-m/nofp\libg-musl.a(__pop_int.o)
 .debug_str     0x000000000000832b      0x2cd c:/program files/microchip/xc32/v4.45/bin/bin/../../lib/gcc/pic32c/8.3.1/../../../../pic32c/lib/thumb/v6-m/nofp\libg-musl.a(__pop_ptr.o)
 .debug_str     0x00000000000085f8      0x3e7 c:/program files/microchip/xc32/v4.45/bin/bin/../../lib/gcc/pic32c/8.3.1/../../../../pic32c/lib/thumb/v6-m/nofp\libg-musl.a(__printf_core.o)
 .debug_str     0x00000000000089df      0x21c c:/program files/microchip/xc32/v4.45/bin/bin/../../lib/gcc/pic32c/8.3.1/../../../../pic32c/lib/thumb/v6-m/nofp\libg-musl.a(atoi.o)
 .debug_str     0x0000000000008bfb      0x249 c:/program files/microchip/xc32/v4.45/bin/bin/../../lib/gcc/pic32c/8.3.1/../../../../pic32c/lib/thumb/v6-m/nofp\libg-musl.a(tolower.o)
 .debug_str     0x0000000000008e44      0x249 c:/program files/microchip/xc32/v4.45/bin/bin/../../lib/gcc/pic32c/8.3.1/../../../../pic32c/lib/thumb/v6-m/nofp\libg-musl.a(toupper.o)
 .debug_str     0x000000000000908d      0x235 c:/program files/microchip/xc32/v4.45/bin/bin/../../lib/gcc/pic32c/8.3.1/../../../../pic32c/lib/thumb/v6-m/nofp\libg-musl.a(__environ.o)
 .debug_str     0x00000000000092c2      0x229 c:/program files/microchip/xc32/v4.45/bin/bin/../../lib/gcc/pic32c/8.3.1/../../../../pic32c/lib/thumb/v6-m/nofp\libg-musl.a(__errno_location.o)
 .debug_str     0x00000000000094eb      0x2a6 c:/program files/microchip/xc32/v4.45/bin/bin/../../lib/gcc/pic32c/8.3.1/../../../../pic32c/lib/thumb/v6-m/nofp\libg-musl.a(__int_vsprintf.o)
 .debug_str     0x0000000000009791      0x2c0 c:/program files/microchip/xc32/v4.45/bin/bin/../../lib/gcc/pic32c/8.3.1/../../../../pic32c/lib/thumb/v6-m/nofp\libg-musl.a(__pop_float.o)
 .debug_str     0x0000000000009a51      0x2f4 c:/program files/microchip/xc32/v4.45/bin/bin/../../lib/gcc/pic32c/8.3.1/../../../../pic32c/lib/thumb/v6-m/nofp\libg-musl.a(__int_vsnprintf.o)
 .debug_str     0x0000000000009d45      0x2e9 c:/program files/microchip/xc32/v4.45/bin/bin/../../lib/gcc/pic32c/8.3.1/../../../../pic32c/lib/thumb/v6-m/nofp\libg-musl.a(__int_vfprintf.o)
 .debug_str     0x000000000000a02e      0x211 c:/program files/microchip/xc32/v4.45/bin/bin/../../lib/gcc/pic32c/8.3.1/../../../../pic32c/lib/thumb/v6-m/nofp\libc-size-musl.a(memset.o)
 .debug_str     0x000000000000a23f      0x1d5 c:/program files/microchip/xc32/v4.45/bin/bin/../../lib/gcc/pic32c/8.3.1/../../../../pic32c/lib/thumb/v6-m/nofp\libpic32c.a(pic32_data_init_clear.o)
 .debug_str     0x000000000000a414      0x1d3 c:/program files/microchip/xc32/v4.45/bin/bin/../../lib/gcc/pic32c/8.3.1/../../../../pic32c/lib/thumb/v6-m/nofp\libpic32c.a(pic32_data_init_copy.o)

.debug_frame    0x0000000000000000     0x1040
 .debug_frame   0x0000000000000000       0xd8 build/default/debug/_ext/60163342/plib_adc.o
 .debug_frame   0x00000000000000d8       0x20 build/default/debug/_ext/1984496892/plib_clock.o
 .debug_frame   0x00000000000000f8       0x84 build/default/debug/_ext/1865468468/plib_nvic.o
 .debug_frame   0x000000000000017c      0x148 build/default/debug/_ext/1593096446/plib_nvmctrl.o
 .debug_frame   0x00000000000002c4       0xe4 build/default/debug/_ext/1865521619/plib_port.o
 .debug_frame   0x00000000000003a8      0x250 build/default/debug/_ext/504274921/plib_sercom5_usart.o
 .debug_frame   0x00000000000005f8      0x250 build/default/debug/_ext/504274921/plib_sercom3_usart.o
 .debug_frame   0x0000000000000848       0xd8 build/default/debug/_ext/1827571544/plib_systick.o
 .debug_frame   0x0000000000000920       0xc8 build/default/debug/_ext/829342655/plib_tc4.o
 .debug_frame   0x00000000000009e8       0xc8 build/default/debug/_ext/829342655/plib_tc3.o
 .debug_frame   0x0000000000000ab0       0x38 build/default/debug/_ext/1171490990/startup_xc32.o
 .debug_frame   0x0000000000000ae8       0x30 build/default/debug/_ext/1171490990/exceptions.o
 .debug_frame   0x0000000000000b18       0x20 build/default/debug/_ext/1171490990/interrupts.o
 .debug_frame   0x0000000000000b38       0x28 build/default/debug/_ext/1171490990/initialization.o
 .debug_frame   0x0000000000000b60       0x9c build/default/debug/_ext/1360937237/main.o
 .debug_frame   0x0000000000000bfc       0x38 build/default/debug/AppTasks.o
 .debug_frame   0x0000000000000c34       0x30 build/default/debug/LEDTasks.o
 .debug_frame   0x0000000000000c64       0x38 c:/program files/microchip/xc32/v4.45/bin/bin/../../lib/gcc/pic32c/8.3.1/../../../../pic32c/lib/thumb/v6-m/nofp\libpic32c.a(data_init.o)
 .debug_frame   0x0000000000000c9c       0x28 c:/program files/microchip/xc32/v4.45/bin/bin/../../lib/gcc/pic32c/8.3.1/../../../../pic32c/lib/thumb/v6-m/nofp\libc-size-musl.a(memcpy.o)
 .debug_frame   0x0000000000000cc4       0x20 c:/program files/microchip/xc32/v4.45/bin/bin/../../lib/gcc/pic32c/8.3.1/../../../../pic32c/lib/thumb/v6-m/nofp\libc-size-musl.a(strlen.o)
 .debug_frame   0x0000000000000ce4       0x38 c:/program files/microchip/xc32/v4.45/bin/bin/../../lib/gcc/pic32c/8.3.1/../../../../pic32c/lib/thumb/v6-m/nofp\libg-musl.a(__libc_start_main.o)
 .debug_frame   0x0000000000000d1c       0x44 c:/program files/microchip/xc32/v4.45/bin/bin/../../lib/gcc/pic32c/8.3.1/../../../../pic32c/lib/thumb/v6-m/nofp\libg-musl.a(__sio_sprintf_npxX.o)
 .debug_frame   0x0000000000000d60       0x30 c:/program files/microchip/xc32/v4.45/bin/bin/../../lib/gcc/pic32c/8.3.1/../../../../pic32c/lib/thumb/v6-m/nofp\libg-musl.a(__fmt_x.o)
 .debug_frame   0x0000000000000d90       0x28 c:/program files/microchip/xc32/v4.45/bin/bin/../../lib/gcc/pic32c/8.3.1/../../../../pic32c/lib/thumb/v6-m/nofp\libg-musl.a(__pop_int.o)
 .debug_frame   0x0000000000000db8       0x28 c:/program files/microchip/xc32/v4.45/bin/bin/../../lib/gcc/pic32c/8.3.1/../../../../pic32c/lib/thumb/v6-m/nofp\libg-musl.a(__pop_ptr.o)
 .debug_frame   0x0000000000000de0       0xc0 c:/program files/microchip/xc32/v4.45/bin/bin/../../lib/gcc/pic32c/8.3.1/../../../../pic32c/lib/thumb/v6-m/nofp\libg-musl.a(__printf_core.o)
 .debug_frame   0x0000000000000ea0       0x28 c:/program files/microchip/xc32/v4.45/bin/bin/../../lib/gcc/pic32c/8.3.1/../../../../pic32c/lib/thumb/v6-m/nofp\libg-musl.a(atoi.o)
 .debug_frame   0x0000000000000ec8       0x38 c:/program files/microchip/xc32/v4.45/bin/bin/../../lib/gcc/pic32c/8.3.1/../../../../pic32c/lib/thumb/v6-m/nofp\libg-musl.a(tolower.o)
 .debug_frame   0x0000000000000f00       0x38 c:/program files/microchip/xc32/v4.45/bin/bin/../../lib/gcc/pic32c/8.3.1/../../../../pic32c/lib/thumb/v6-m/nofp\libg-musl.a(toupper.o)
 .debug_frame   0x0000000000000f38       0x28 c:/program files/microchip/xc32/v4.45/bin/bin/../../lib/gcc/pic32c/8.3.1/../../../../pic32c/lib/thumb/v6-m/nofp\libg-musl.a(__int_vsprintf.o)
 .debug_frame   0x0000000000000f60       0x20 c:/program files/microchip/xc32/v4.45/bin/bin/../../lib/gcc/pic32c/8.3.1/../../../../pic32c/lib/thumb/v6-m/nofp\libg-musl.a(__pop_float.o)
 .debug_frame   0x0000000000000f80       0x2c c:/program files/microchip/xc32/v4.45/bin/bin/../../lib/gcc/pic32c/8.3.1/../../../../pic32c/lib/thumb/v6-m/nofp\libg-musl.a(__int_vsnprintf.o)
 .debug_frame   0x0000000000000fac       0x2c c:/program files/microchip/xc32/v4.45/bin/bin/../../lib/gcc/pic32c/8.3.1/../../../../pic32c/lib/thumb/v6-m/nofp\libg-musl.a(__int_vfprintf.o)
 .debug_frame   0x0000000000000fd8       0x20 c:/program files/microchip/xc32/v4.45/bin/bin/../../lib/gcc/pic32c/8.3.1/../../../../pic32c/lib/thumb/v6-m/nofp\libc-size-musl.a(memset.o)
 .debug_frame   0x0000000000000ff8       0x20 c:/program files/microchip/xc32/v4.45/bin/bin/../../lib/gcc/pic32c/8.3.1/../../../../pic32c/lib/thumb/v6-m/nofp\libpic32c.a(pic32_data_init_clear.o)
 .debug_frame   0x0000000000001018       0x28 c:/program files/microchip/xc32/v4.45/bin/bin/../../lib/gcc/pic32c/8.3.1/../../../../pic32c/lib/thumb/v6-m/nofp\libpic32c.a(pic32_data_init_copy.o)

.note.GNU-stack
                0x0000000000000000        0x0
 .note.GNU-stack
                0x0000000000000000        0x0 c:/program files/microchip/xc32/v4.45/bin/bin/../../lib/gcc/pic32c/8.3.1/../../../../pic32c/lib/thumb/v6-m/nofp\libc-size-musl.a(memcpy.o)
 .note.GNU-stack
                0x0000000000000000        0x0 c:/program files/microchip/xc32/v4.45/bin/bin/../../lib/gcc/pic32c/8.3.1/../../../../pic32c/lib/thumb/v6-m/nofp\libc-size-musl.a(strlen.o)
 .note.GNU-stack
                0x0000000000000000        0x0 c:/program files/microchip/xc32/v4.45/bin/bin/../../lib/gcc/pic32c/8.3.1/../../../../pic32c/lib/thumb/v6-m/nofp\libg-musl.a(__libc_start_main.o)
 .note.GNU-stack
                0x0000000000000000        0x0 c:/program files/microchip/xc32/v4.45/bin/bin/../../lib/gcc/pic32c/8.3.1/../../../../pic32c/lib/thumb/v6-m/nofp\libg-musl.a(libc.o)
 .note.GNU-stack
                0x0000000000000000        0x0 c:/program files/microchip/xc32/v4.45/bin/bin/../../lib/gcc/pic32c/8.3.1/../../../../pic32c/lib/thumb/v6-m/nofp\libg-musl.a(__sio_sprintf_npxX.o)
 .note.GNU-stack
                0x0000000000000000        0x0 c:/program files/microchip/xc32/v4.45/bin/bin/../../lib/gcc/pic32c/8.3.1/../../../../pic32c/lib/thumb/v6-m/nofp\libg-musl.a(__fmt_x.o)
 .note.GNU-stack
                0x0000000000000000        0x0 c:/program files/microchip/xc32/v4.45/bin/bin/../../lib/gcc/pic32c/8.3.1/../../../../pic32c/lib/thumb/v6-m/nofp\libg-musl.a(__pop_int.o)
 .note.GNU-stack
                0x0000000000000000        0x0 c:/program files/microchip/xc32/v4.45/bin/bin/../../lib/gcc/pic32c/8.3.1/../../../../pic32c/lib/thumb/v6-m/nofp\libg-musl.a(__pop_ptr.o)
 .note.GNU-stack
                0x0000000000000000        0x0 c:/program files/microchip/xc32/v4.45/bin/bin/../../lib/gcc/pic32c/8.3.1/../../../../pic32c/lib/thumb/v6-m/nofp\libg-musl.a(__printf_core.o)
 .note.GNU-stack
                0x0000000000000000        0x0 c:/program files/microchip/xc32/v4.45/bin/bin/../../lib/gcc/pic32c/8.3.1/../../../../pic32c/lib/thumb/v6-m/nofp\libg-musl.a(atoi.o)
 .note.GNU-stack
                0x0000000000000000        0x0 c:/program files/microchip/xc32/v4.45/bin/bin/../../lib/gcc/pic32c/8.3.1/../../../../pic32c/lib/thumb/v6-m/nofp\libg-musl.a(tolower.o)
 .note.GNU-stack
                0x0000000000000000        0x0 c:/program files/microchip/xc32/v4.45/bin/bin/../../lib/gcc/pic32c/8.3.1/../../../../pic32c/lib/thumb/v6-m/nofp\libg-musl.a(toupper.o)
 .note.GNU-stack
                0x0000000000000000        0x0 c:/program files/microchip/xc32/v4.45/bin/bin/../../lib/gcc/pic32c/8.3.1/../../../../pic32c/lib/thumb/v6-m/nofp\libg-musl.a(__environ.o)
 .note.GNU-stack
                0x0000000000000000        0x0 c:/program files/microchip/xc32/v4.45/bin/bin/../../lib/gcc/pic32c/8.3.1/../../../../pic32c/lib/thumb/v6-m/nofp\libg-musl.a(__errno_location.o)
 .note.GNU-stack
                0x0000000000000000        0x0 c:/program files/microchip/xc32/v4.45/bin/bin/../../lib/gcc/pic32c/8.3.1/../../../../pic32c/lib/thumb/v6-m/nofp\libg-musl.a(__int_vsprintf.o)
 .note.GNU-stack
                0x0000000000000000        0x0 c:/program files/microchip/xc32/v4.45/bin/bin/../../lib/gcc/pic32c/8.3.1/../../../../pic32c/lib/thumb/v6-m/nofp\libg-musl.a(__pop_float.o)
 .note.GNU-stack
                0x0000000000000000        0x0 c:/program files/microchip/xc32/v4.45/bin/bin/../../lib/gcc/pic32c/8.3.1/../../../../pic32c/lib/thumb/v6-m/nofp\libg-musl.a(__int_vsnprintf.o)
 .note.GNU-stack
                0x0000000000000000        0x0 c:/program files/microchip/xc32/v4.45/bin/bin/../../lib/gcc/pic32c/8.3.1/../../../../pic32c/lib/thumb/v6-m/nofp\libg-musl.a(__int_vfprintf.o)
 .note.GNU-stack
                0x0000000000000000        0x0 c:/program files/microchip/xc32/v4.45/bin/bin/../../lib/gcc/pic32c/8.3.1/../../../../pic32c/lib/thumb/v6-m/nofp\libc-size-musl.a(memset.o)

.stack          0x00000000200005c0      0x100
 .stack         0x00000000200005c0      0x100 stack

.bss.myAppData%1
                0x0000000020000000       0x88
 .bss.myAppData
                0x0000000020000000       0x88 build/default/debug/_ext/1360937237/main.o
                0x0000000020000000                myAppData

.bss.SERCOM5_USART_ReadBuffer%2
                0x0000000020000088       0x80
 .bss.SERCOM5_USART_ReadBuffer
                0x0000000020000088       0x80 build/default/debug/_ext/504274921/plib_sercom5_usart.o

.bss.SERCOM5_USART_WriteBuffer%3
                0x0000000020000108       0x80
 .bss.SERCOM5_USART_WriteBuffer
                0x0000000020000108       0x80 build/default/debug/_ext/504274921/plib_sercom5_usart.o

.bss.SERCOM3_USART_ReadBuffer%4
                0x0000000020000188       0x80
 .bss.SERCOM3_USART_ReadBuffer
                0x0000000020000188       0x80 build/default/debug/_ext/504274921/plib_sercom3_usart.o

.bss.SERCOM3_USART_WriteBuffer%5
                0x0000000020000208       0x80
 .bss.SERCOM3_USART_WriteBuffer
                0x0000000020000208       0x80 build/default/debug/_ext/504274921/plib_sercom3_usart.o

.bss%6          0x0000000020000288       0x50
 .bss           0x0000000020000288       0x50 c:/program files/microchip/xc32/v4.45/bin/bin/../../lib/gcc/pic32c/8.3.1/../../../../pic32c/lib/thumb/v6-m/nofp\libg-musl.a(libc.o)
                0x0000000020000288                __progname_full
                0x0000000020000288                program_invocation_name
                0x000000002000028c                program_invocation_short_name
                0x000000002000028c                __progname
                0x0000000020000290                __sysinfo
                0x0000000020000294                __hwcap
                0x0000000020000298                __libc

.bss.sercom5USARTObj%7
                0x00000000200002d8       0x40
 .bss.sercom5USARTObj
                0x00000000200002d8       0x40 build/default/debug/_ext/504274921/plib_sercom5_usart.o

.bss.sercom3USARTObj%8
                0x0000000020000318       0x40
 .bss.sercom3USARTObj
                0x0000000020000318       0x40 build/default/debug/_ext/504274921/plib_sercom3_usart.o

.bss%9          0x0000000020000358       0x1c
 .bss           0x0000000020000358       0x1c c:/program files/microchip/xc32/v4.45/bin/bin/../../lib/gcc/pic32c/8.3.1/thumb/v6-m/nofp/crtbegin.o

.bss.TC4_CallbackObject%10
                0x0000000020000374        0x8
 .bss.TC4_CallbackObject
                0x0000000020000374        0x8 build/default/debug/_ext/829342655/plib_tc4.o

.bss.TC3_CallbackObject%11
                0x000000002000037c        0x8
 .bss.TC3_CallbackObject
                0x000000002000037c        0x8 build/default/debug/_ext/829342655/plib_tc3.o

.bss.context1%12
                0x0000000020000384        0x4
 .bss.context1  0x0000000020000384        0x4 build/default/debug/_ext/1360937237/main.o
                0x0000000020000384                context1

.bss.context2%13
                0x0000000020000388        0x4
 .bss.context2  0x0000000020000388        0x4 build/default/debug/_ext/1360937237/main.o
                0x0000000020000388                context2

.bss.context3%14
                0x000000002000038c        0x4
 .bss.context3  0x000000002000038c        0x4 build/default/debug/_ext/1360937237/main.o
                0x000000002000038c                context3

.bss%15         0x0000000020000390        0x4
 .bss           0x0000000020000390        0x4 c:/program files/microchip/xc32/v4.45/bin/bin/../../lib/gcc/pic32c/8.3.1/../../../../pic32c/lib/thumb/v6-m/nofp\libpic32c.a(data_init.o)

.bss%16         0x0000000020000394        0x4
 .bss           0x0000000020000394        0x4 c:/program files/microchip/xc32/v4.45/bin/bin/../../lib/gcc/pic32c/8.3.1/../../../../pic32c/lib/thumb/v6-m/nofp\libg-musl.a(__environ.o)
                0x0000000020000394                __environ
                0x0000000020000394                environ
                0x0000000020000394                ___environ
                0x0000000020000394                _environ

.bss%17         0x0000000020000398        0x4
 .bss           0x0000000020000398        0x4 c:/program files/microchip/xc32/v4.45/bin/bin/../../lib/gcc/pic32c/8.3.1/../../../../pic32c/lib/thumb/v6-m/nofp\libg-musl.a(__errno_location.o)
                0x0000000020000398                __errno_val

.bss.adcValue%18
                0x000000002000039c        0x2
 .bss.adcValue  0x000000002000039c        0x2 build/default/debug/_ext/1360937237/main.o
                0x000000002000039c                adcValue

.bss.RNState%19
                0x000000002000039e        0x1
 .bss.RNState   0x000000002000039e        0x1 build/default/debug/_ext/1360937237/main.o
                0x000000002000039e                RNState

.bss.LedBlinkPattern%20
                0x000000002000039f        0x1
 .bss.LedBlinkPattern
                0x000000002000039f        0x1 build/default/debug/LEDTasks.o
                0x000000002000039f                LedBlinkPattern

.bss.count.6576%21
                0x00000000200003a0        0x1
 .bss.count.6576
                0x00000000200003a0        0x1 build/default/debug/LEDTasks.o

.bss.doubleCount.6577%22
                0x00000000200003a1        0x1
 .bss.doubleCount.6577
                0x00000000200003a1        0x1 build/default/debug/LEDTasks.o

.data.myApp%23  0x00000000200003a2        0x1
 .data.myApp    0x00000000200003a2        0x1 build/default/debug/_ext/1360937237/main.o
                0x00000000200003a2                myApp

.eh_frame%z1    0x0000000000000000        0x0
 .eh_frame      0x0000000000000000        0x0 c:/program files/microchip/xc32/v4.45/bin/bin/../../lib/gcc/pic32c/8.3.1/thumb/v6-m/nofp/crtbegin.o

.config_00804000.__config_00804000%24
                0x0000000000804000        0x4
 .config_00804000.__config_00804000
                0x0000000000804000        0x4 build/default/debug/_ext/1171490990/initialization.o
                0x0000000000804000                __config_00804000

.config_00804004.__config_00804004%25
                0x0000000000804004        0x4
 .config_00804004.__config_00804004
                0x0000000000804004        0x4 build/default/debug/_ext/1171490990/initialization.o
                0x0000000000804004                __config_00804004

.text.__printf_core%26
                0x00000000000000d8      0x33c
 .text.__printf_core
                0x00000000000000d8      0x33c c:/program files/microchip/xc32/v4.45/bin/bin/../../lib/gcc/pic32c/8.3.1/../../../../pic32c/lib/thumb/v6-m/nofp\libg-musl.a(__printf_core.o)
                0x00000000000000d8                __printf_core

.text.__fmt_x%27
                0x0000000000000414      0x132
 .text.__fmt_x  0x0000000000000414      0x132 c:/program files/microchip/xc32/v4.45/bin/bin/../../lib/gcc/pic32c/8.3.1/../../../../pic32c/lib/thumb/v6-m/nofp\libg-musl.a(__fmt_x.o)
                0x0000000000000414                __fmt_x_needed
                0x0000000000000414                __fmt_x

.text.SERCOM5_USART_Write%28
                0x0000000000000548      0x104
 .text.SERCOM5_USART_Write
                0x0000000000000548      0x104 build/default/debug/_ext/504274921/plib_sercom5_usart.o
                0x0000000000000548                SERCOM5_USART_Write

.text.SERCOM3_USART_Write%29
                0x000000000000064c      0x104
 .text.SERCOM3_USART_Write
                0x000000000000064c      0x104 build/default/debug/_ext/504274921/plib_sercom3_usart.o
                0x000000000000064c                SERCOM3_USART_Write

.text.SERCOM5_USART_ISR_RX_Handler%30
                0x0000000000000750       0xec
 .text.SERCOM5_USART_ISR_RX_Handler
                0x0000000000000750       0xec build/default/debug/_ext/504274921/plib_sercom5_usart.o

.text.SERCOM3_USART_ISR_RX_Handler%31
                0x000000000000083c       0xec
 .text.SERCOM3_USART_ISR_RX_Handler
                0x000000000000083c       0xec build/default/debug/_ext/504274921/plib_sercom3_usart.o

.text.SERCOM5_USART_ISR_TX_Handler%32
                0x0000000000000928       0xe0
 .text.SERCOM5_USART_ISR_TX_Handler
                0x0000000000000928       0xe0 build/default/debug/_ext/504274921/plib_sercom5_usart.o

.text.SERCOM3_USART_ISR_TX_Handler%33
                0x0000000000000a08       0xe0
 .text.SERCOM3_USART_ISR_TX_Handler
                0x0000000000000a08       0xe0 build/default/debug/_ext/504274921/plib_sercom3_usart.o

.text.AppTask%34
                0x0000000000000ae8       0xc4
 .text.AppTask  0x0000000000000ae8       0xc4 build/default/debug/AppTasks.o
                0x0000000000000ae8                AppTask

.dinit%35       0x0000000000000bac       0xc0
 .dinit         0x0000000000000bac       0xc0 data_init

.text.__pop_int%36
                0x0000000000000c6c       0xbe
 .text.__pop_int
                0x0000000000000c6c       0xbe c:/program files/microchip/xc32/v4.45/bin/bin/../../lib/gcc/pic32c/8.3.1/../../../../pic32c/lib/thumb/v6-m/nofp\libg-musl.a(__pop_int.o)
                0x0000000000000c6c                __pop_int_needed
                0x0000000000000c6c                __pop_int

.text.CLOCK_Initialize%37
                0x0000000000000d2c       0xac
 .text.CLOCK_Initialize
                0x0000000000000d2c       0xac build/default/debug/_ext/1984496892/plib_clock.o
                0x0000000000000d2c                CLOCK_Initialize

.text.PORT_Initialize%38
                0x0000000000000dd8       0x9c
 .text.PORT_Initialize
                0x0000000000000dd8       0x9c build/default/debug/_ext/1865521619/plib_port.o
                0x0000000000000dd8                PORT_Initialize

.text.SERCOM5_USART_Read%39
                0x0000000000000e74       0x94
 .text.SERCOM5_USART_Read
                0x0000000000000e74       0x94 build/default/debug/_ext/504274921/plib_sercom5_usart.o
                0x0000000000000e74                SERCOM5_USART_Read

.text.SERCOM3_USART_Read%40
                0x0000000000000f08       0x94
 .text.SERCOM3_USART_Read
                0x0000000000000f08       0x94 build/default/debug/_ext/504274921/plib_sercom3_usart.o
                0x0000000000000f08                SERCOM3_USART_Read

.text.InitSystem%41
                0x0000000000000f9c       0x8c
 .text.InitSystem
                0x0000000000000f9c       0x8c build/default/debug/_ext/1360937237/main.o
                0x0000000000000f9c                InitSystem

.text.SERCOM5_USART_Initialize%42
                0x0000000000001028       0x88
 .text.SERCOM5_USART_Initialize
                0x0000000000001028       0x88 build/default/debug/_ext/504274921/plib_sercom5_usart.o
                0x0000000000001028                SERCOM5_USART_Initialize

.text.SERCOM3_USART_Initialize%43
                0x00000000000010b0       0x88
 .text.SERCOM3_USART_Initialize
                0x00000000000010b0       0x88 build/default/debug/_ext/504274921/plib_sercom3_usart.o
                0x00000000000010b0                SERCOM3_USART_Initialize

.text.LEDTask%44
                0x0000000000001138       0x88
 .text.LEDTask  0x0000000000001138       0x88 build/default/debug/LEDTasks.o
                0x0000000000001138                LEDTask

.text.__pad%45  0x00000000000011c0       0x7a
 .text.__pad    0x00000000000011c0       0x7a c:/program files/microchip/xc32/v4.45/bin/bin/../../lib/gcc/pic32c/8.3.1/../../../../pic32c/lib/thumb/v6-m/nofp\libg-musl.a(__printf_core.o)
                0x00000000000011c0                __pad

.text.ADC_Initialize%46
                0x000000000000123c       0x78
 .text.ADC_Initialize
                0x000000000000123c       0x78 build/default/debug/_ext/60163342/plib_adc.o
                0x000000000000123c                ADC_Initialize

.text.main%47   0x00000000000012b4       0x74
 .text.main     0x00000000000012b4       0x74 build/default/debug/_ext/1360937237/main.o
                0x00000000000012b4                main

.text.__pop_ptr%48
                0x0000000000001328       0x68
 .text.__pop_ptr
                0x0000000000001328       0x68 c:/program files/microchip/xc32/v4.45/bin/bin/../../lib/gcc/pic32c/8.3.1/../../../../pic32c/lib/thumb/v6-m/nofp\libg-musl.a(__pop_ptr.o)
                0x0000000000001328                __pop_ptr
                0x0000000000001328                __pop_ptr_needed

.text.NVIC_Initialize%49
                0x0000000000001390       0x64
 .text.NVIC_Initialize
                0x0000000000001390       0x64 build/default/debug/_ext/1865468468/plib_nvic.o
                0x0000000000001390                NVIC_Initialize

.text.__libc_start_init%50
                0x00000000000013f4       0x5c
 .text.__libc_start_init
                0x00000000000013f4       0x5c c:/program files/microchip/xc32/v4.45/bin/bin/../../lib/gcc/pic32c/8.3.1/../../../../pic32c/lib/thumb/v6-m/nofp\libg-musl.a(__libc_start_main.o)
                0x00000000000013f4                __libc_init_array

.text.SERCOM5_USART_InterruptHandler%51
                0x0000000000001450       0x54
 .text.SERCOM5_USART_InterruptHandler
                0x0000000000001450       0x54 build/default/debug/_ext/504274921/plib_sercom5_usart.o
                0x0000000000001450                SERCOM5_USART_InterruptHandler

.text.SERCOM3_USART_InterruptHandler%52
                0x00000000000014a4       0x54
 .text.SERCOM3_USART_InterruptHandler
                0x00000000000014a4       0x54 build/default/debug/_ext/504274921/plib_sercom3_usart.o
                0x00000000000014a4                SERCOM3_USART_InterruptHandler

.text.__vsnprintf%53
                0x00000000000014f8       0x50
 .text.__vsnprintf
                0x00000000000014f8       0x50 c:/program files/microchip/xc32/v4.45/bin/bin/../../lib/gcc/pic32c/8.3.1/../../../../pic32c/lib/thumb/v6-m/nofp\libg-musl.a(__int_vsnprintf.o)
                0x00000000000014f8                __vsnprintf

.text.SERCOM5_USART_ISR_ERR_Handler%54
                0x0000000000001548       0x4c
 .text.SERCOM5_USART_ISR_ERR_Handler
                0x0000000000001548       0x4c build/default/debug/_ext/504274921/plib_sercom5_usart.o

.text.SERCOM3_USART_ISR_ERR_Handler%55
                0x0000000000001594       0x4c
 .text.SERCOM3_USART_ISR_ERR_Handler
                0x0000000000001594       0x4c build/default/debug/_ext/504274921/plib_sercom3_usart.o

.text%56        0x00000000000015e0       0x48
 .text          0x00000000000015e0       0x48 c:/program files/microchip/xc32/v4.45/bin/bin/../../lib/gcc/pic32c/8.3.1/thumb/v6-m/nofp/crtbegin.o

.text.Reset_Handler%57
                0x0000000000001628       0x48
 .text.Reset_Handler
                0x0000000000001628       0x48 build/default/debug/_ext/1171490990/startup_xc32.o
                0x0000000000001628                Reset_Handler

.text.InitRN%58
                0x0000000000001670       0x48
 .text.InitRN   0x0000000000001670       0x48 build/default/debug/_ext/1360937237/main.o
                0x0000000000001670                InitRN

.text.TC4_TimerInitialize%59
                0x00000000000016b8       0x44
 .text.TC4_TimerInitialize
                0x00000000000016b8       0x44 build/default/debug/_ext/829342655/plib_tc4.o
                0x00000000000016b8                TC4_TimerInitialize

.text.TC3_TimerInitialize%60
                0x00000000000016fc       0x44
 .text.TC3_TimerInitialize
                0x00000000000016fc       0x44 build/default/debug/_ext/829342655/plib_tc3.o
                0x00000000000016fc                TC3_TimerInitialize

.text.SYSTICK_DelayMs%61
                0x0000000000001740       0x40
 .text.SYSTICK_DelayMs
                0x0000000000001740       0x40 build/default/debug/_ext/1827571544/plib_systick.o
                0x0000000000001740                SYSTICK_DelayMs

.text.atoi%62   0x0000000000001780       0x40
 .text.atoi     0x0000000000001780       0x40 c:/program files/microchip/xc32/v4.45/bin/bin/../../lib/gcc/pic32c/8.3.1/../../../../pic32c/lib/thumb/v6-m/nofp\libg-musl.a(atoi.o)
                0x0000000000001780                atoi

.text.SYS_Initialize%63
                0x00000000000017c0       0x38
 .text.SYS_Initialize
                0x00000000000017c0       0x38 build/default/debug/_ext/1171490990/initialization.o
                0x00000000000017c0                SYS_Initialize

.text.mySercom3%64
                0x00000000000017f8       0x34
 .text.mySercom3
                0x00000000000017f8       0x34 build/default/debug/_ext/1360937237/main.o
                0x00000000000017f8                mySercom3

.text.mySercom5%65
                0x000000000000182c       0x34
 .text.mySercom5
                0x000000000000182c       0x34 build/default/debug/_ext/1360937237/main.o
                0x000000000000182c                mySercom5

.text.__pic32c_data_initialization%66
                0x0000000000001860       0x34
 .text.__pic32c_data_initialization
                0x0000000000001860       0x34 c:/program files/microchip/xc32/v4.45/bin/bin/../../lib/gcc/pic32c/8.3.1/../../../../pic32c/lib/thumb/v6-m/nofp\libpic32c.a(data_init.o)
                0x0000000000001860                __pic32c_data_initialization

.text.__fmt_state%67
                0x0000000000001894       0x34
 .text.__fmt_state
                0x0000000000001894       0x34 c:/program files/microchip/xc32/v4.45/bin/bin/../../lib/gcc/pic32c/8.3.1/../../../../pic32c/lib/thumb/v6-m/nofp\libg-musl.a(__printf_core.o)
                0x0000000000001894                __fmt_state

.text.__string_out%68
                0x00000000000018c8       0x2a
 .text.__string_out
                0x00000000000018c8       0x2a c:/program files/microchip/xc32/v4.45/bin/bin/../../lib/gcc/pic32c/8.3.1/../../../../pic32c/lib/thumb/v6-m/nofp\libg-musl.a(__printf_core.o)
                0x00000000000018c8                __out

.text.__pop_float%69
                0x00000000000018f2       0x2a
 .text.__pop_float
                0x00000000000018f2       0x2a c:/program files/microchip/xc32/v4.45/bin/bin/../../lib/gcc/pic32c/8.3.1/../../../../pic32c/lib/thumb/v6-m/nofp\libg-musl.a(__pop_float.o)
                0x00000000000018f2                __pop_float_needed
                0x00000000000018f2                __pop_float

.text.TC4_TimerInterruptHandler%70
                0x000000000000191c       0x28
 .text.TC4_TimerInterruptHandler
                0x000000000000191c       0x28 build/default/debug/_ext/829342655/plib_tc4.o
                0x000000000000191c                TC4_TimerInterruptHandler

.text.TC3_TimerInterruptHandler%71
                0x0000000000001944       0x28
 .text.TC3_TimerInterruptHandler
                0x0000000000001944       0x28 build/default/debug/_ext/829342655/plib_tc3.o
                0x0000000000001944                TC3_TimerInterruptHandler

.rodata.AppTask.str1.4%72
                0x000000000000196c       0x20
 .rodata.AppTask.str1.4
                0x000000000000196c       0x20 build/default/debug/AppTasks.o

.text.__dinit_copy%73
                0x000000000000198c       0x1e
 .text.__dinit_copy
                0x000000000000198c       0x1e c:/program files/microchip/xc32/v4.45/bin/bin/../../lib/gcc/pic32c/8.3.1/../../../../pic32c/lib/thumb/v6-m/nofp\libpic32c.a(pic32_data_init_copy.o)
                0x000000000000198c                __dinit_copy_needed
                0x000000000000198c                __dinit_copy

.text.SERCOM5_USART_WritePendingBytesGet%74
                0x00000000000019ac       0x1c
 .text.SERCOM5_USART_WritePendingBytesGet
                0x00000000000019ac       0x1c build/default/debug/_ext/504274921/plib_sercom5_usart.o

.text.SERCOM5_USART_ReadCountGet%75
                0x00000000000019c8       0x1c
 .text.SERCOM5_USART_ReadCountGet
                0x00000000000019c8       0x1c build/default/debug/_ext/504274921/plib_sercom5_usart.o
                0x00000000000019c8                SERCOM5_USART_ReadCountGet

.text.SERCOM3_USART_WritePendingBytesGet%76
                0x00000000000019e4       0x1c
 .text.SERCOM3_USART_WritePendingBytesGet
                0x00000000000019e4       0x1c build/default/debug/_ext/504274921/plib_sercom3_usart.o

.text.SERCOM3_USART_ReadCountGet%77
                0x0000000000001a00       0x1c
 .text.SERCOM3_USART_ReadCountGet
                0x0000000000001a00       0x1c build/default/debug/_ext/504274921/plib_sercom3_usart.o
                0x0000000000001a00                SERCOM3_USART_ReadCountGet

.text.SYSTICK_TimerInitialize%78
                0x0000000000001a1c       0x1c
 .text.SYSTICK_TimerInitialize
                0x0000000000001a1c       0x1c build/default/debug/_ext/1827571544/plib_systick.o
                0x0000000000001a1c                SYSTICK_TimerInitialize

.text.ADC_Enable%79
                0x0000000000001a38       0x18
 .text.ADC_Enable
                0x0000000000001a38       0x18 build/default/debug/_ext/60163342/plib_adc.o
                0x0000000000001a38                ADC_Enable

.text.ADC_ConversionStart%80
                0x0000000000001a50       0x18
 .text.ADC_ConversionStart
                0x0000000000001a50       0x18 build/default/debug/_ext/60163342/plib_adc.o
                0x0000000000001a50                ADC_ConversionStart

.text.ADC_ConversionStatusGet%81
                0x0000000000001a68       0x18
 .text.ADC_ConversionStatusGet
                0x0000000000001a68       0x18 build/default/debug/_ext/60163342/plib_adc.o
                0x0000000000001a68                ADC_ConversionStatusGet

.text.SERCOM5_USART_ReadNotificationEnable%82
                0x0000000000001a80       0x18
 .text.SERCOM5_USART_ReadNotificationEnable
                0x0000000000001a80       0x18 build/default/debug/_ext/504274921/plib_sercom5_usart.o
                0x0000000000001a80                SERCOM5_USART_ReadNotificationEnable

.text.SERCOM3_USART_ReadNotificationEnable%83
                0x0000000000001a98       0x18
 .text.SERCOM3_USART_ReadNotificationEnable
                0x0000000000001a98       0x18 build/default/debug/_ext/504274921/plib_sercom3_usart.o
                0x0000000000001a98                SERCOM3_USART_ReadNotificationEnable

.text.TC4_TimerStart%84
                0x0000000000001ab0       0x18
 .text.TC4_TimerStart
                0x0000000000001ab0       0x18 build/default/debug/_ext/829342655/plib_tc4.o
                0x0000000000001ab0                TC4_TimerStart

.text.TC3_TimerStart%85
                0x0000000000001ac8       0x18
 .text.TC3_TimerStart
                0x0000000000001ac8       0x18 build/default/debug/_ext/829342655/plib_tc3.o
                0x0000000000001ac8                TC3_TimerStart

.text.strlen%86
                0x0000000000001ae0       0x18
 .text.strlen   0x0000000000001ae0       0x18 c:/program files/microchip/xc32/v4.45/bin/bin/../../lib/gcc/pic32c/8.3.1/../../../../pic32c/lib/thumb/v6-m/nofp\libc-size-musl.a(strlen.o)
                0x0000000000001ae0                strlen

.text.__vfprintf%87
                0x0000000000001af8       0x18
 .text.__vfprintf
                0x0000000000001af8       0x18 c:/program files/microchip/xc32/v4.45/bin/bin/../../lib/gcc/pic32c/8.3.1/../../../../pic32c/lib/thumb/v6-m/nofp\libg-musl.a(__int_vfprintf.o)
                0x0000000000001af8                __vfprintf

.text.__wrap_sprintf%88
                0x0000000000001b10       0x16
 .text.__wrap_sprintf
                0x0000000000001b10       0x16 c:/program files/microchip/xc32/v4.45/bin/bin/../../lib/gcc/pic32c/8.3.1/../../../../pic32c/lib/thumb/v6-m/nofp\libg-musl.a(__sio_sprintf_npxX.o)
                0x0000000000001b10                _dsprintf_npxX
                0x0000000000001b10                _sprintf_npxX

.rodata%89      0x0000000000001b26       0x16
 .rodata        0x0000000000001b26       0x16 c:/program files/microchip/xc32/v4.45/bin/bin/../../lib/gcc/pic32c/8.3.1/../../../../pic32c/lib/thumb/v6-m/nofp\libg-musl.a(__printf_core.o)

.text.SERCOM5_USART_WriteFreeBufferCountGet%90
                0x0000000000001b3c       0x14
 .text.SERCOM5_USART_WriteFreeBufferCountGet
                0x0000000000001b3c       0x14 build/default/debug/_ext/504274921/plib_sercom5_usart.o
                0x0000000000001b3c                SERCOM5_USART_WriteFreeBufferCountGet

.text.SERCOM3_USART_WriteFreeBufferCountGet%91
                0x0000000000001b50       0x14
 .text.SERCOM3_USART_WriteFreeBufferCountGet
                0x0000000000001b50       0x14 build/default/debug/_ext/504274921/plib_sercom3_usart.o
                0x0000000000001b50                SERCOM3_USART_WriteFreeBufferCountGet

.text.SERCOM3_USART_WriteNotificationEnable%92
                0x0000000000001b64       0x14
 .text.SERCOM3_USART_WriteNotificationEnable
                0x0000000000001b64       0x14 build/default/debug/_ext/504274921/plib_sercom3_usart.o
                0x0000000000001b64                SERCOM3_USART_WriteNotificationEnable

.text.SYSTICK_TimerStart%93
                0x0000000000001b78       0x14
 .text.SYSTICK_TimerStart
                0x0000000000001b78       0x14 build/default/debug/_ext/1827571544/plib_systick.o
                0x0000000000001b78                SYSTICK_TimerStart

.rodata%94      0x0000000000001b8c       0x14
 .rodata        0x0000000000001b8c       0x14 c:/program files/microchip/xc32/v4.45/bin/bin/../../lib/gcc/pic32c/8.3.1/../../../../pic32c/lib/thumb/v6-m/nofp\libpic32c.a(data_init.o)

.text.memcpy%95
                0x0000000000001ba0       0x14
 .text.memcpy   0x0000000000001ba0       0x14 c:/program files/microchip/xc32/v4.45/bin/bin/../../lib/gcc/pic32c/8.3.1/../../../../pic32c/lib/thumb/v6-m/nofp\libc-size-musl.a(memcpy.o)
                0x0000000000001ba0                memcpy

.text.__vsprintf%96
                0x0000000000001bb4       0x14
 .text.__vsprintf