Archive member included to satisfy reference by file (symbol)

c:/program files/microchip/xc32/v4.45/bin/bin/../../lib/gcc/pic32c/8.3.1/../../../../pic32c/lib/thumb/v6-m/nofp\libpic32c.a(data_init.o)
                              build/default/production/_ext/1171490990/startup_xc32.o (__pic32c_data_initialization)
c:/program files/microchip/xc32/v4.45/bin/bin/../../lib/gcc/pic32c/8.3.1/../../../../pic32c/lib/thumb/v6-m/nofp\libc-size-musl.a(memcpy.o)
                              build/default/production/_ext/1593096446/plib_nvmctrl.o (memcpy)
c:/program files/microchip/xc32/v4.45/bin/bin/../../lib/gcc/pic32c/8.3.1/../../../../pic32c/lib/thumb/v6-m/nofp\libc-size-musl.a(strlen.o)
                              build/default/production/_ext/1360937237/main.o (strlen)
c:/program files/microchip/xc32/v4.45/bin/bin/../../lib/gcc/pic32c/8.3.1/../../../../pic32c/lib/thumb/v6-m/nofp\libc-musl.a(__libc_start_main.o)
                              build/default/production/_ext/1171490990/startup_xc32.o (__libc_init_array)
c:/program files/microchip/xc32/v4.45/bin/bin/../../lib/gcc/pic32c/8.3.1/../../../../pic32c/lib/thumb/v6-m/nofp\libc-musl.a(libc.o)
                              c:/program files/microchip/xc32/v4.45/bin/bin/../../lib/gcc/pic32c/8.3.1/../../../../pic32c/lib/thumb/v6-m/nofp\libc-musl.a(__libc_start_main.o) (__progname_full)
c:/program files/microchip/xc32/v4.45/bin/bin/../../lib/gcc/pic32c/8.3.1/../../../../pic32c/lib/thumb/v6-m/nofp\libc-musl.a(__sio_sprintf_npxX.o)
                              (_sprintf_npxX)
c:/program files/microchip/xc32/v4.45/bin/bin/../../lib/gcc/pic32c/8.3.1/../../../../pic32c/lib/thumb/v6-m/nofp\libc-musl.a(__fmt_x.o)
                              c:/program files/microchip/xc32/v4.45/bin/bin/../../lib/gcc/pic32c/8.3.1/../../../../pic32c/lib/thumb/v6-m/nofp\libc-musl.a(__sio_sprintf_npxX.o) (__fmt_x_needed)
c:/program files/microchip/xc32/v4.45/bin/bin/../../lib/gcc/pic32c/8.3.1/../../../../pic32c/lib/thumb/v6-m/nofp\libc-musl.a(__pop_int.o)
                              c:/program files/microchip/xc32/v4.45/bin/bin/../../lib/gcc/pic32c/8.3.1/../../../../pic32c/lib/thumb/v6-m/nofp\libc-musl.a(__sio_sprintf_npxX.o) (__pop_int_needed)
c:/program files/microchip/xc32/v4.45/bin/bin/../../lib/gcc/pic32c/8.3.1/../../../../pic32c/lib/thumb/v6-m/nofp\libc-musl.a(__pop_ptr.o)
                              c:/program files/microchip/xc32/v4.45/bin/bin/../../lib/gcc/pic32c/8.3.1/../../../../pic32c/lib/thumb/v6-m/nofp\libc-musl.a(__sio_sprintf_npxX.o) (__pop_ptr_needed)
c:/program files/microchip/xc32/v4.45/bin/bin/../../lib/gcc/pic32c/8.3.1/../../../../pic32c/lib/thumb/v6-m/nofp\libc-musl.a(__printf_core.o)
                              c:/program files/microchip/xc32/v4.45/bin/bin/../../lib/gcc/pic32c/8.3.1/../../../../pic32c/lib/thumb/v6-m/nofp\libc-musl.a(__fmt_x.o) (__pad)
c:/program files/microchip/xc32/v4.45/bin/bin/../../lib/gcc/pic32c/8.3.1/../../../../pic32c/lib/thumb/v6-m/nofp\libc-musl.a(atoi.o)
                              c:/program files/microchip/xc32/v4.45/bin/bin/../../lib/gcc/pic32c/8.3.1/../../../../pic32c/lib/thumb/v6-m/nofp\libc-musl.a(__printf_core.o) (atoi)
c:/program files/microchip/xc32/v4.45/bin/bin/../../lib/gcc/pic32c/8.3.1/../../../../pic32c/lib/thumb/v6-m/nofp\libc-musl.a(tolower.o)
                              c:/program files/microchip/xc32/v4.45/bin/bin/../../lib/gcc/pic32c/8.3.1/../../../../pic32c/lib/thumb/v6-m/nofp\libc-musl.a(__printf_core.o) (tolower)
c:/program files/microchip/xc32/v4.45/bin/bin/../../lib/gcc/pic32c/8.3.1/../../../../pic32c/lib/thumb/v6-m/nofp\libc-musl.a(toupper.o)
                              c:/program files/microchip/xc32/v4.45/bin/bin/../../lib/gcc/pic32c/8.3.1/../../../../pic32c/lib/thumb/v6-m/nofp\libc-musl.a(__fmt_x.o) (toupper)
c:/program files/microchip/xc32/v4.45/bin/bin/../../lib/gcc/pic32c/8.3.1/../../../../pic32c/lib/thumb/v6-m/nofp\libc-musl.a(__environ.o)
                              c:/program files/microchip/xc32/v4.45/bin/bin/../../lib/gcc/pic32c/8.3.1/../../../../pic32c/lib/thumb/v6-m/nofp\libc-musl.a(__libc_start_main.o) (__environ)
c:/program files/microchip/xc32/v4.45/bin/bin/../../lib/gcc/pic32c/8.3.1/../../../../pic32c/lib/thumb/v6-m/nofp\libc-musl.a(__errno_location.o)
                              c:/program files/microchip/xc32/v4.45/bin/bin/../../lib/gcc/pic32c/8.3.1/../../../../pic32c/lib/thumb/v6-m/nofp\libc-musl.a(__printf_core.o) (__errno_val)
c:/program files/microchip/xc32/v4.45/bin/bin/../../lib/gcc/pic32c/8.3.1/../../../../pic32c/lib/thumb/v6-m/nofp\libc-musl.a(__int_vsprintf.o)
                              c:/program files/microchip/xc32/v4.45/bin/bin/../../lib/gcc/pic32c/8.3.1/../../../../pic32c/lib/thumb/v6-m/nofp\libc-musl.a(__sio_sprintf_npxX.o) (__vsprintf)
c:/program files/microchip/xc32/v4.45/bin/bin/../../lib/gcc/pic32c/8.3.1/../../../../pic32c/lib/thumb/v6-m/nofp\libc-musl.a(__pop_float.o)
[...]
Memory Configuration

Name             Origin             Length             Attributes
rom              0x0000000000000000 0x0000000000020000 xrl
ram              0x0000000020000000 0x0000000000004000 xw !r
config_00804000  0x0000000000804000 0x0000000000000004
config_00804004  0x0000000000804004 0x0000000000000004
*default*        0x0000000000000000 0xffffffffffffffff

Linker script and memory map

LOAD c:/program files/microchip/xc32/v4.45/bin/bin/../../lib/gcc/pic32c/8.3.1/thumb/v6-m/nofp/crti.o
LOAD c:/program files/microchip/xc32/v4.45/bin/bin/../../lib/gcc/pic32c/8.3.1/thumb/v6-m/nofp/crtbegin.o
LOAD build/default/production/_ext/60163342/plib_adc.o
LOAD build/default/production/_ext/1984496892/plib_clock.o
LOAD build/default/production/_ext/1986646378/plib_evsys.o
LOAD build/default/production/_ext/1865468468/plib_nvic.o
LOAD build/default/production/_ext/1593096446/plib_nvmctrl.o
LOAD build/default/production/_ext/1865521619/plib_port.o
LOAD build/default/production/_ext/504274921/plib_sercom5_usart.o
LOAD build/default/production/_ext/504274921/plib_sercom3_usart.o
LOAD build/default/production/_ext/1827571544/plib_systick.o
LOAD build/default/production/_ext/829342655/plib_tc4.o
LOAD build/default/production/_ext/829342655/plib_tc3.o
LOAD build/default/production/_ext/163028504/xc32_monitor.o
LOAD build/default/production/_ext/1171490990/startup_xc32.o
LOAD build/default/production/_ext/1171490990/exceptions.o
LOAD build/default/production/_ext/1171490990/interrupts.o
LOAD build/default/production/_ext/1171490990/initialization.o
LOAD build/default/production/_ext/1171490990/libc_syscalls.o
LOAD build/default/production/_ext/1360937237/main.o
LOAD build/default/production/AppTasks.o
LOAD build/default/production/LEDTasks.o
                0x0000000000000001                __MPLAB_BUILD = 0x1
                0x0000000000020000                __rom_end = (ORIGIN (rom) + LENGTH (rom))
                0x0000000020004000                __ram_end = (ORIGIN (ram) + LENGTH (ram))

.config_00804000
 *(.config_00804000)

.config_00804004
 *(.config_00804004)

.vectors        0x0000000000000000       0xb8
                0x0000000000000000                . = ALIGN (0x4)
                0x0000000000000000                _sfixed = .
 *(.vectors .vectors.* .vectors_default .vectors_default.*)
 .vectors.exception_table
                0x0000000000000000       0xb8 build/default/production/_ext/1171490990/interrupts.o
                0x0000000000000000                exception_table
 *(.isr_vector)
 *(.reset*)
 *(.after_vectors)

.text           0x00000000000000b8       0x20
                0x00000000000000b8                . = ALIGN (0x4)
 *(.glue_7t)
 .glue_7t       0x00000000000000b8        0x0 linker stubs
 *(.glue_7)
 .glue_7        0x00000000000000b8        0x0 linker stubs
 *(.gnu.linkonce.r.*)
 *(.ARM.extab* .gnu.linkonce.armextab.*)
                0x00000000000000b8                . = ALIGN (0x4)
 *(.init)
 .init          0x00000000000000b8        0x4 c:/program files/microchip/xc32/v4.45/bin/bin/../../lib/gcc/pic32c/8.3.1/thumb/v6-m/nofp/crti.o
                0x00000000000000b8                _init
 .init          0x00000000000000bc        0x8 c:/program files/microchip/xc32/v4.45/bin/bin/../../lib/gcc/pic32c/8.3.1/thumb/v6-m/nofp/crtn.o
                0x00000000000000c4                . = ALIGN (0x4)
                0x00000000000000c4                __preinit_array_start = .
 *(.preinit_array)
                0x00000000000000c4                __preinit_array_end = .
                0x00000000000000c4                . = ALIGN (0x4)
                0x00000000000000c4                __init_array_start = .
 *(SORT_BY_NAME(.init_array.*))
 *(.init_array)
 .init_array    0x00000000000000c4        0x4 c:/program files/microchip/xc32/v4.45/bin/bin/../../lib/gcc/pic32c/8.3.1/thumb/v6-m/nofp/crtbegin.o
                0x00000000000000c8                __init_array_end = .
                0x00000000000000c8                . = ALIGN (0x4)
 *crtbegin.o(.ctors)
 *(EXCLUDE_FILE(*crtend.o) .ctors)
 *(SORT_BY_NAME(.ctors.*))
 *crtend.o(.ctors)
                0x00000000000000c8                . = ALIGN (0x4)
 *(.fini)
 .fini          0x00000000000000c8        0x4 c:/program files/microchip/xc32/v4.45/bin/bin/../../lib/gcc/pic32c/8.3.1/thumb/v6-m/nofp/crti.o
                0x00000000000000c8                _fini
 .fini          0x00000000000000cc        0x8 c:/program files/microchip/xc32/v4.45/bin/bin/../../lib/gcc/pic32c/8.3.1/thumb/v6-m/nofp/crtn.o
                0x00000000000000d4                . = ALIGN (0x4)
                0x00000000000000d4                __fini_array_start = .
 *(.fini_array)
 .fini_array    0x00000000000000d4        0x4 c:/program files/microchip/xc32/v4.45/bin/bin/../../lib/gcc/pic32c/8.3.1/thumb/v6-m/nofp/crtbegin.o
 *(SORT_BY_NAME(.fini_array.*))
                0x00000000000000d8                __fini_array_end = .
 *crtbegin.o(.dtors)
 *(EXCLUDE_FILE(*crtend.o) .dtors)
 *(SORT_BY_NAME(.dtors.*))
 *crtend.o(.dtors)
                0x00000000000000d8                . = ALIGN (0x4)
                0x00000000000000d8                _efixed = .
                [!provide]                        PROVIDE (__exidx_start = .)

.ARM.exidx
 *(.ARM.exidx* .gnu.linkonce.armexidx.*)
                [!provide]                        PROVIDE (__exidx_end = .)
                0x00000000000000d8                . = ALIGN (0x4)
                0x00000000000000d8                _etext = .

.bss            0x0000000020000000        0x0
                0x0000000020000000                . = ALIGN (0x4)
                0x0000000020000000                __bss_start__ = .
                0x0000000020000000                _sbss = .
                0x0000000020000000                _szero = .
 *(COMMON)
                0x0000000020000000                . = ALIGN (0x4)
                0x0000000020000000                __bss_end__ = .
                0x0000000020000000                _ebss = .
                0x0000000020000000                _ezero = .
                0x0000000020000000                . = ALIGN (0x4)
                0x0000000020000000                _end = .
                0x0000000020003fff                _ram_end_ = ((ORIGIN (ram) + LENGTH (ram)) - 0x1)
                0x0000000000000200                _min_heap_size = 0x200
START GROUP
LOAD c:/program files/microchip/xc32/v4.45/bin/bin/../../lib/gcc/pic32c/8.3.1/../../../../pic32c/lib/thumb/v6-m/nofp\libpic32c.a
LOAD c:/program files/microchip/xc32/v4.45/bin/bin/../../lib/gcc/pic32c/8.3.1/../../../../pic32c/lib/thumb/v6-m/nofp\libc-size-musl.a
LOAD c:/program files/microchip/xc32/v4.45/bin/bin/../../lib/gcc/pic32c/8.3.1/../../../../pic32c/lib/thumb/v6-m/nofp\liblmalloc-musl.a
LOAD c:/program files/microchip/xc32/v4.45/bin/bin/../../lib/gcc/pic32c/8.3.1/../../../../pic32c/lib/thumb/v6-m/nofp\libm-fast-emfloat.a
LOAD c:/program files/microchip/xc32/v4.45/bin/bin/../../lib/gcc/pic32c/8.3.1/../../../../pic32c/lib/thumb/v6-m/nofp\libm-musl.a
LOAD c:/program files/microchip/xc32/v4.45/bin/bin/../../lib/gcc/pic32c/8.3.1/../../../../pic32c/lib/thumb/v6-m/nofp\libc-musl.a
LOAD c:/program files/microchip/xc32/v4.45/bin/bin/../../lib/gcc/pic32c/8.3.1/../../../../pic32c/lib/thumb/v6-m/nofp\libm-fast-emfloat.a
LOAD c:/program files/microchip/xc32/v4.45/bin/bin/../../lib/gcc/pic32c/8.3.1/../../../../pic32c/lib/thumb/v6-m/nofp\libm-musl.a
LOAD c:/program files/microchip/xc32/v4.45/bin/bin/../../lib/gcc/pic32c/8.3.1/thumb/v6-m/nofp\libgcc.a
END GROUP
LOAD c:/program files/microchip/xc32/v4.45/bin/bin/../../lib/gcc/pic32c/8.3.1/thumb/v6-m/nofp/crtend.o
LOAD c:/program files/microchip/xc32/v4.45/bin/bin/../../lib/gcc/pic32c/8.3.1/thumb/v6-m/nofp/crtn.o
OUTPUT(dist/default/production/25060_LPW2_LAB4.X.production.elf elf32-littlearm)
LOAD data_init
LOAD stack

.ARM.attributes
                0x0000000000000000       0x2c
 .ARM.attributes
                0x0000000000000000       0x1e c:/program files/microchip/xc32/v4.45/bin/bin/../../lib/gcc/pic32c/8.3.1/thumb/v6-m/nofp/crti.o
 .ARM.attributes
                0x000000000000001e       0x2c c:/program files/microchip/xc32/v4.45/bin/bin/../../lib/gcc/pic32c/8.3.1/thumb/v6-m/nofp/crtbegin.o
 .ARM.attributes
                0x000000000000004a       0x2c build/default/production/_ext/60163342/plib_adc.o
 .ARM.attributes
                0x0000000000000076       0x2c build/default/production/_ext/1984496892/plib_clock.o
 .ARM.attributes
                0x00000000000000a2       0x2c build/default/production/_ext/1865468468/plib_nvic.o
 .ARM.attributes
                0x00000000000000ce       0x2c build/default/production/_ext/1593096446/plib_nvmctrl.o
 .ARM.attributes
                0x00000000000000fa       0x2c build/default/production/_ext/1865521619/plib_port.o
 .ARM.attributes
                0x0000000000000126       0x2c build/default/production/_ext/504274921/plib_sercom5_usart.o
 .ARM.attributes
                0x0000000000000152       0x2c build/default/production/_ext/504274921/plib_sercom3_usart.o
 .ARM.attributes
                0x000000000000017e       0x2c build/default/production/_ext/1827571544/plib_systick.o
 .ARM.attributes
                0x00000000000001aa       0x2c build/default/production/_ext/829342655/plib_tc4.o
 .ARM.attributes
                0x00000000000001d6       0x2c build/default/production/_ext/829342655/plib_tc3.o
 .ARM.attributes
                0x0000000000000202       0x2c build/default/production/_ext/1171490990/startup_xc32.o
 .ARM.attributes
                0x000000000000022e       0x2c build/default/production/_ext/1171490990/exceptions.o
 .ARM.attributes
                0x000000000000025a       0x2c build/default/production/_ext/1171490990/interrupts.o
 .ARM.attributes
                0x0000000000000286       0x2c build/default/production/_ext/1171490990/initialization.o
 .ARM.attributes
                0x00000000000002b2       0x2c build/default/production/_ext/1360937237/main.o
 .ARM.attributes
                0x00000000000002de       0x2c build/default/production/AppTasks.o
 .ARM.attributes
                0x000000000000030a       0x2c build/default/production/LEDTasks.o
 .ARM.attributes
                0x0000000000000336       0x2c c:/program files/microchip/xc32/v4.45/bin/bin/../../lib/gcc/pic32c/8.3.1/../../../../pic32c/lib/thumb/v6-m/nofp\libpic32c.a(data_init.o)
 .ARM.attributes
                0x0000000000000362       0x2e c:/program files/microchip/xc32/v4.45/bin/bin/../../lib/gcc/pic32c/8.3.1/../../../../pic32c/lib/thumb/v6-m/nofp\libc-size-musl.a(memcpy.o)
 .ARM.attributes
                0x0000000000000390       0x2e c:/program files/microchip/xc32/v4.45/bin/bin/../../lib/gcc/pic32c/8.3.1/../../../../pic32c/lib/thumb/v6-m/nofp\libc-size-musl.a(strlen.o)
 .ARM.attributes
                0x00000000000003be       0x2e c:/program files/microchip/xc32/v4.45/bin/bin/../../lib/gcc/pic32c/8.3.1/../../../../pic32c/lib/thumb/v6-m/nofp\libc-musl.a(__libc_start_main.o)
 .ARM.attributes
                0x00000000000003ec       0x2e c:/program files/microchip/xc32/v4.45/bin/bin/../../lib/gcc/pic32c/8.3.1/../../../../pic32c/lib/thumb/v6-m/nofp\libc-musl.a(libc.o)
 .ARM.attributes
                0x000000000000041a       0x2e c:/program files/microchip/xc32/v4.45/bin/bin/../../lib/gcc/pic32c/8.3.1/../../../../pic32c/lib/thumb/v6-m/nofp\libc-musl.a(__sio_sprintf_npxX.o)
 .ARM.attributes
                0x0000000000000448       0x2e c:/program files/microchip/xc32/v4.45/bin/bin/../../lib/gcc/pic32c/8.3.1/../../../../pic32c/lib/thumb/v6-m/nofp\libc-musl.a(__fmt_x.o)
 .ARM.attributes
                0x0000000000000476       0x2e c:/program files/microchip/xc32/v4.45/bin/bin/../../lib/gcc/pic32c/8.3.1/../../../../pic32c/lib/thumb/v6-m/nofp\libc-musl.a(__pop_int.o)
 .ARM.attributes
                0x00000000000004a4       0x2e c:/program files/microchip/xc32/v4.45/bin/bin/../../lib/gcc/pic32c/8.3.1/../../../../pic32c/lib/thumb/v6-m/nofp\libc-musl.a(__pop_ptr.o)
 .ARM.attributes
                0x00000000000004d2       0x2e c:/program files/microchip/xc32/v4.45/bin/bin/../../lib/gcc/pic32c/8.3.1/../../../../pic32c/lib/thumb/v6-m/nofp\libc-musl.a(__printf_core.o)
 .ARM.attributes
                0x0000000000000500       0x2e c:/program files/microchip/xc32/v4.45/bin/bin/../../lib/gcc/pic32c/8.3.1/../../../../pic32c/lib/thumb/v6-m/nofp\libc-musl.a(atoi.o)
 .ARM.attributes
                0x000000000000052e       0x2e c:/program files/microchip/xc32/v4.45/bin/bin/../../lib/gcc/pic32c/8.3.1/../../../../pic32c/lib/thumb/v6-m/nofp\libc-musl.a(tolower.o)
 .ARM.attributes
                0x000000000000055c       0x2e c:/program files/microchip/xc32/v4.45/bin/bin/../../lib/gcc/pic32c/8.3.1/../../../../pic32c/lib/thumb/v6-m/nofp\libc-musl.a(toupper.o)
 .ARM.attributes
                0x000000000000058a       0x2e c:/program files/microchip/xc32/v4.45/bin/bin/../../lib/gcc/pic32c/8.3.1/../../../../pic32c/lib/thumb/v6-m/nofp\libc-musl.a(__environ.o)
 .ARM.attributes
                0x00000000000005b8       0x2e c:/program files/microchip/xc32/v4.45/bin/bin/../../lib/gcc/pic32c/8.3.1/../../../../pic32c/lib/thumb/v6-m/nofp\libc-musl.a(__errno_location.o)
 .ARM.attributes
                0x00000000000005e6       0x2e c:/program files/microchip/xc32/v4.45/bin/bin/../../lib/gcc/pic32c/8.3.1/../../../../pic32c/lib/thumb/v6-m/nofp\libc-musl.a(__int_vsprintf.o)
 .ARM.attributes
                0x0000000000000614       0x2e c:/program files/microchip/xc32/v4.45/bin/bin/../../lib/gcc/pic32c/8.3.1/../../../../pic32c/lib/thumb/v6-m/nofp\libc-musl.a(__pop_float.o)
 .ARM.attributes
                0x0000000000000642       0x2e c:/program files/microchip/xc32/v4.45/bin/bin/../../lib/gcc/pic32c/8.3.1/../../../../pic32c/lib/thumb/v6-m/nofp\libc-musl.a(__int_vsnprintf.o)
 .ARM.attributes
                0x0000000000000670       0x2e c:/program files/microchip/xc32/v4.45/bin/bin/../../lib/gcc/pic32c/8.3.1/../../../../pic32c/lib/thumb/v6-m/nofp\libc-musl.a(__int_vfprintf.o)
 .ARM.attributes
                0x000000000000069e       0x2e c:/program files/microchip/xc32/v4.45/bin/bin/../../lib/gcc/pic32c/8.3.1/../../../../pic32c/lib/thumb/v6-m/nofp\libc-size-musl.a(memset.o)
 .ARM.attributes
                0x00000000000006cc       0x1e c:/program files/microchip/xc32/v4.45/bin/bin/../../lib/gcc/pic32c/8.3.1/thumb/v6-m/nofp/crtn.o
 .ARM.attributes
                0x00000000000006ea       0x2c c:/program files/microchip/xc32/v4.45/bin/bin/../../lib/gcc/pic32c/8.3.1/../../../../pic32c/lib/thumb/v6-m/nofp\libpic32c.a(pic32_data_init_clear.o)
 .ARM.attributes
                0x0000000000000716       0x2c c:/program files/microchip/xc32/v4.45/bin/bin/../../lib/gcc/pic32c/8.3.1/../../../../pic32c/lib/thumb/v6-m/nofp\libpic32c.a(pic32_data_init_copy.o)

.comment        0x0000000000000000       0x2b
 .comment       0x0000000000000000       0x2b c:/program files/microchip/xc32/v4.45/bin/bin/../../lib/gcc/pic32c/8.3.1/thumb/v6-m/nofp/crtbegin.o
                                         0x2c (size before relaxing)
 .comment       0x000000000000002b       0x2c build/default/production/_ext/60163342/plib_adc.o
 .comment       0x000000000000002b       0x2c build/default/production/_ext/1984496892/plib_clock.o
 .comment       0x000000000000002b       0x2c build/default/production/_ext/1865468468/plib_nvic.o
 .comment       0x000000000000002b       0x2c build/default/production/_ext/1593096446/plib_nvmctrl.o
 .comment       0x000000000000002b       0x2c build/default/production/_ext/1865521619/plib_port.o
 .comment       0x000000000000002b       0x2c build/default/production/_ext/504274921/plib_sercom5_usart.o
 .comment       0x000000000000002b       0x2c build/default/production/_ext/504274921/plib_sercom3_usart.o
 .comment       0x000000000000002b       0x2c build/default/production/_ext/1827571544/plib_systick.o
 .comment       0x000000000000002b       0x2c build/default/production/_ext/829342655/plib_tc4.o
 .comment       0x000000000000002b       0x2c build/default/production/_ext/829342655/plib_tc3.o
 .comment       0x000000000000002b       0x2c build/default/production/_ext/1171490990/startup_xc32.o
 .comment       0x000000000000002b       0x2c build/default/production/_ext/1171490990/exceptions.o
 .comment       0x000000000000002b       0x2c build/default/production/_ext/1171490990/interrupts.o
 .comment       0x000000000000002b       0x2c build/default/production/_ext/1171490990/initialization.o
 .comment       0x000000000000002b       0x2c build/default/production/_ext/1360937237/main.o
 .comment       0x000000000000002b       0x2c build/default/production/AppTasks.o
 .comment       0x000000000000002b       0x2c build/default/production/LEDTasks.o
 .comment       0x000000000000002b       0x2c c:/program files/microchip/xc32/v4.45/bin/bin/../../lib/gcc/pic32c/8.3.1/../../../../pic32c/lib/thumb/v6-m/nofp\libpic32c.a(data_init.o)
 .comment       0x000000000000002b       0x2c c:/program files/microchip/xc32/v4.45/bin/bin/../../lib/gcc/pic32c/8.3.1/../../../../pic32c/lib/thumb/v6-m/nofp\libc-size-musl.a(memcpy.o)
 .comment       0x000000000000002b       0x2c c:/program files/microchip/xc32/v4.45/bin/bin/../../lib/gcc/pic32c/8.3.1/../../../../pic32c/lib/thumb/v6-m/nofp\libc-size-musl.a(strlen.o)
 .comment       0x000000000000002b       0x2c c:/program files/microchip/xc32/v4.45/bin/bin/../../lib/gcc/pic32c/8.3.1/../../../../pic32c/lib/thumb/v6-m/nofp\libc-musl.a(__libc_start_main.o)
 .comment       0x000000000000002b       0x2c c:/program files/microchip/xc32/v4.45/bin/bin/../../lib/gcc/pic32c/8.3.1/../../../../pic32c/lib/thumb/v6-m/nofp\libc-musl.a(libc.o)
 .comment       0x000000000000002b       0x2c c:/program files/microchip/xc32/v4.45/bin/bin/../../lib/gcc/pic32c/8.3.1/../../../../pic32c/lib/thumb/v6-m/nofp\libc-musl.a(__sio_sprintf_npxX.o)
 .comment       0x000000000000002b       0x2c c:/program files/microchip/xc32/v4.45/bin/bin/../../lib/gcc/pic32c/8.3.1/../../../../pic32c/lib/thumb/v6-m/nofp\libc-musl.a(__fmt_x.o)
 .comment       0x000000000000002b       0x2c c:/program files/microchip/xc32/v4.45/bin/bin/../../lib/gcc/pic32c/8.3.1/../../../../pic32c/lib/thumb/v6-m/nofp\libc-musl.a(__pop_int.o)
 .comment       0x000000000000002b       0x2c c:/program files/microchip/xc32/v4.45/bin/bin/../../lib/gcc/pic32c/8.3.1/../../../../pic32c/lib/thumb/v6-m/nofp\libc-musl.a(__pop_ptr.o)
 .comment       0x000000000000002b       0x2c c:/program files/microchip/xc32/v4.45/bin/bin/../../lib/gcc/pic32c/8.3.1/../../../../pic32c/lib/thumb/v6-m/nofp\libc-musl.a(__printf_core.o)
 .comment       0x000000000000002b       0x2c c:/program files/microchip/xc32/v4.45/bin/bin/../../lib/gcc/pic32c/8.3.1/../../../../pic32c/lib/thumb/v6-m/nofp\libc-musl.a(atoi.o)
 .comment       0x000000000000002b       0x2c c:/program files/microchip/xc32/v4.45/bin/bin/../../lib/gcc/pic32c/8.3.1/../../../../pic32c/lib/thumb/v6-m/nofp\libc-musl.a(tolower.o)
 .comment       0x000000000000002b       0x2c c:/program files/microchip/xc32/v4.45/bin/bin/../../lib/gcc/pic32c/8.3.1/../../../../pic32c/lib/thumb/v6-m/nofp\libc-musl.a(toupper.o)
 .comment       0x000000000000002b       0x2c c:/program files/microchip/xc32/v4.45/bin/bin/../../lib/gcc/pic32c/8.3.1/../../../../pic32c/lib/thumb/v6-m/nofp\libc-musl.a(__environ.o)
 .comment       0x000000000000002b       0x2c c:/program files/microchip/xc32/v4.45/bin/bin/../../lib/gcc/pic32c/8.3.1/../../../../pic32c/lib/thumb/v6-m/nofp\libc-musl.a(__errno_location.o)
 .comment       0x000000000000002b       0x2c c:/program files/microchip/xc32/v4.45/bin/bin/../../lib/gcc/pic32c/8.3.1/../../../../pic32c/lib/thumb/v6-m/nofp\libc-musl.a(__int_vsprintf.o)
 .comment       0x000000000000002b       0x2c c:/program files/microchip/xc32/v4.45/bin/bin/../../lib/gcc/pic32c/8.3.1/../../../../pic32c/lib/thumb/v6-m/nofp\libc-musl.a(__pop_float.o)
 .comment       0x000000000000002b       0x2c c:/program files/microchip/xc32/v4.45/bin/bin/../../lib/gcc/pic32c/8.3.1/../../../../pic32c/lib/thumb/v6-m/nofp\libc-musl.a(__int_vsnprintf.o)
 .comment       0x000000000000002b       0x2c c:/program files/microchip/xc32/v4.45/bin/bin/../../lib/gcc/pic32c/8.3.1/../../../../pic32c/lib/thumb/v6-m/nofp\libc-musl.a(__int_vfprintf.o)
 .comment       0x000000000000002b       0x2c c:/program files/microchip/xc32/v4.45/bin/bin/../../lib/gcc/pic32c/8.3.1/../../../../pic32c/lib/thumb/v6-m/nofp\libc-size-musl.a(memset.o)
 .comment       0x000000000000002b       0x2c c:/program files/microchip/xc32/v4.45/bin/bin/../../lib/gcc/pic32c/8.3.1/../../../../pic32c/lib/thumb/v6-m/nofp\libpic32c.a(pic32_data_init_clear.o)
 .comment       0x000000000000002b       0x2c c:/program files/microchip/xc32/v4.45/bin/bin/../../lib/gcc/pic32c/8.3.1/../../../../pic32c/lib/thumb/v6-m/nofp\libpic32c.a(pic32_data_init_copy.o)

.debug_info     0x0000000000000000     0xa55a
 .debug_info    0x0000000000000000      0x62b build/default/production/_ext/60163342/plib_adc.o
 .debug_info    0x000000000000062b      0x5b1 build/default/production/_ext/1984496892/plib_clock.o
 .debug_info    0x0000000000000bdc      0x880 build/default/production/_ext/1865468468/plib_nvic.o
 .debug_info    0x000000000000145c      0x6d8 build/default/production/_ext/1593096446/plib_nvmctrl.o
 .debug_info    0x0000000000001b34      0x6aa build/default/production/_ext/1865521619/plib_port.o
 .debug_info    0x00000000000021de     0x17b8 build/default/production/_ext/504274921/plib_sercom5_usart.o
 .debug_info    0x0000000000003996     0x17b8 build/default/production/_ext/504274921/plib_sercom3_usart.o
 .debug_info    0x000000000000514e      0x33a build/default/production/_ext/1827571544/plib_systick.o
 .debug_info    0x0000000000005488      0x774 build/default/production/_ext/829342655/plib_tc4.o
 .debug_info    0x0000000000005bfc      0x774 build/default/production/_ext/829342655/plib_tc3.o
 .debug_info    0x0000000000006370      0x205 build/default/production/_ext/1171490990/startup_xc32.o
 .debug_info    0x0000000000006575       0xba build/default/production/_ext/1171490990/exceptions.o
 .debug_info    0x000000000000662f      0x3de build/default/production/_ext/1171490990/interrupts.o
 .debug_info    0x0000000000006a0d      0x30a build/default/production/_ext/1171490990/initialization.o
 .debug_info    0x0000000000006d17      0x965 build/default/production/_ext/1360937237/main.o
 .debug_info    0x000000000000767c      0x533 build/default/production/AppTasks.o
 .debug_info    0x0000000000007baf      0x3be build/default/production/LEDTasks.o
 .debug_info    0x0000000000007f6d       0x54 c:/program files/microchip/xc32/v4.45/bin/bin/../../lib/gcc/pic32c/8.3.1/../../../../pic32c/lib/thumb/v6-m/nofp\libpic32c.a(data_init.o)
 .debug_info    0x0000000000007fc1       0xed c:/program files/microchip/xc32/v4.45/bin/bin/../../lib/gcc/pic32c/8.3.1/../../../../pic32c/lib/thumb/v6-m/nofp\libc-size-musl.a(memcpy.o)
 .debug_info    0x00000000000080ae       0xa4 c:/program files/microchip/xc32/v4.45/bin/bin/../../lib/gcc/pic32c/8.3.1/../../../../pic32c/lib/thumb/v6-m/nofp\libc-size-musl.a(strlen.o)
 .debug_info    0x0000000000008152      0x2fb c:/program files/microchip/xc32/v4.45/bin/bin/../../lib/gcc/pic32c/8.3.1/../../../../pic32c/lib/thumb/v6-m/nofp\libc-musl.a(__libc_start_main.o)
 .debug_info    0x000000000000844d      0x276 c:/program files/microchip/xc32/v4.45/bin/bin/../../lib/gcc/pic32c/8.3.1/../../../../pic32c/lib/thumb/v6-m/nofp\libc-musl.a(libc.o)
 .debug_info    0x00000000000086c3      0x1a7 c:/program files/microchip/xc32/v4.45/bin/bin/../../lib/gcc/pic32c/8.3.1/../../../../pic32c/lib/thumb/v6-m/nofp\libc-musl.a(__sio_sprintf_npxX.o)
 .debug_info    0x000000000000886a      0x335 c:/program files/microchip/xc32/v4.45/bin/bin/../../lib/gcc/pic32c/8.3.1/../../../../pic32c/lib/thumb/v6-m/nofp\libc-musl.a(__fmt_x.o)
 .debug_info    0x0000000000008b9f      0x183 c:/program files/microchip/xc32/v4.45/bin/bin/../../lib/gcc/pic32c/8.3.1/../../../../pic32c/lib/thumb/v6-m/nofp\libc-musl.a(__pop_int.o)
 .debug_info    0x0000000000008d22      0x18d c:/program files/microchip/xc32/v4.45/bin/bin/../../lib/gcc/pic32c/8.3.1/../../../../pic32c/lib/thumb/v6-m/nofp\libc-musl.a(__pop_ptr.o)
 .debug_info    0x0000000000008eaf      0xa6f c:/program files/microchip/xc32/v4.45/bin/bin/../../lib/gcc/pic32c/8.3.1/../../../../pic32c/lib/thumb/v6-m/nofp\libc-musl.a(__printf_core.o)
 .debug_info    0x000000000000991e       0xf4 c:/program files/microchip/xc32/v4.45/bin/bin/../../lib/gcc/pic32c/8.3.1/../../../../pic32c/lib/thumb/v6-m/nofp\libc-musl.a(atoi.o)
 .debug_info    0x0000000000009a12      0x131 c:/program files/microchip/xc32/v4.45/bin/bin/../../lib/gcc/pic32c/8.3.1/../../../../pic32c/lib/thumb/v6-m/nofp\libc-musl.a(tolower.o)
 .debug_info    0x0000000000009b43      0x131 c:/program files/microchip/xc32/v4.45/bin/bin/../../lib/gcc/pic32c/8.3.1/../../../../pic32c/lib/thumb/v6-m/nofp\libc-musl.a(toupper.o)
 .debug_info    0x0000000000009c74       0x97 c:/program files/microchip/xc32/v4.45/bin/bin/../../lib/gcc/pic32c/8.3.1/../../../../pic32c/lib/thumb/v6-m/nofp\libc-musl.a(__environ.o)
 .debug_info    0x0000000000009d0b       0x5b c:/program files/microchip/xc32/v4.45/bin/bin/../../lib/gcc/pic32c/8.3.1/../../../../pic32c/lib/thumb/v6-m/nofp\libc-musl.a(__errno_location.o)
 .debug_info    0x0000000000009d66      0x13f c:/program files/microchip/xc32/v4.45/bin/bin/../../lib/gcc/pic32c/8.3.1/../../../../pic32c/lib/thumb/v6-m/nofp\libc-musl.a(__int_vsprintf.o)
 .debug_info    0x0000000000009ea5      0x162 c:/program files/microchip/xc32/v4.45/bin/bin/../../lib/gcc/pic32c/8.3.1/../../../../pic32c/lib/thumb/v6-m/nofp\libc-musl.a(__pop_float.o)
 .debug_info    0x000000000000a007      0x21a c:/program files/microchip/xc32/v4.45/bin/bin/../../lib/gcc/pic32c/8.3.1/../../../../pic32c/lib/thumb/v6-m/nofp\libc-musl.a(__int_vsnprintf.o)
 .debug_info    0x000000000000a221      0x1ff c:/program files/microchip/xc32/v4.45/bin/bin/../../lib/gcc/pic32c/8.3.1/../../../../pic32c/lib/thumb/v6-m/nofp\libc-musl.a(__int_vfprintf.o)
 .debug_info    0x000000000000a420       0xbb c:/program files/microchip/xc32/v4.45/bin/bin/../../lib/gcc/pic32c/8.3.1/../../../../pic32c/lib/thumb/v6-m/nofp\libc-size-musl.a(memset.o)
 .debug_info    0x000000000000a4db       0x3f c:/program files/microchip/xc32/v4.45/bin/bin/../../lib/gcc/pic32c/8.3.1/../../../../pic32c/lib/thumb/v6-m/nofp\libpic32c.a(pic32_data_init_clear.o)
 .debug_info    0x000000000000a51a       0x40 c:/program files/microchip/xc32/v4.45/bin/bin/../../lib/gcc/pic32c/8.3.1/../../../../pic32c/lib/thumb/v6-m/nofp\libpic32c.a(pic32_data_init_copy.o)

.debug_abbrev   0x0000000000000000     0x30fd
 .debug_abbrev  0x0000000000000000      0x17a build/default/production/_ext/60163342/plib_adc.o
 .debug_abbrev  0x000000000000017a      0x138 build/default/production/_ext/1984496892/plib_clock.o
 .debug_abbrev  0x00000000000002b2      0x271 build/default/production/_ext/1865468468/plib_nvic.o
 .debug_abbrev  0x0000000000000523      0x1af build/default/production/_ext/1593096446/plib_nvmctrl.o
 .debug_abbrev  0x00000000000006d2      0x1ea build/default/production/_ext/1865521619/plib_port.o
 .debug_abbrev  0x00000000000008bc      0x423 build/default/production/_ext/504274921/plib_sercom5_usart.o
 .debug_abbrev  0x0000000000000cdf      0x423 build/default/production/_ext/504274921/plib_sercom3_usart.o
 .debug_abbrev  0x0000000000001102      0x110 build/default/production/_ext/1827571544/plib_systick.o
 .debug_abbrev  0x0000000000001212      0x1be build/default/production/_ext/829342655/plib_tc4.o
 .debug_abbrev  0x00000000000013d0      0x1be build/default/production/_ext/829342655/plib_tc3.o
 .debug_abbrev  0x000000000000158e      0x118 build/default/production/_ext/1171490990/startup_xc32.o
 .debug_abbrev  0x00000000000016a6       0x49 build/default/production/_ext/1171490990/exceptions.o
 .debug_abbrev  0x00000000000016ef       0xc0 build/default/production/_ext/1171490990/interrupts.o
 .debug_abbrev  0x00000000000017af       0xf4 build/default/production/_ext/1171490990/initialization.o
 .debug_abbrev  0x00000000000018a3      0x1f6 build/default/production/_ext/1360937237/main.o
 .debug_abbrev  0x0000000000001a99      0x1bc build/default/production/AppTasks.o
 .debug_abbrev  0x0000000000001c55      0x153 build/default/production/LEDTasks.o
 .debug_abbrev  0x0000000000001da8       0x44 c:/program files/microchip/xc32/v4.45/bin/bin/../../lib/gcc/pic32c/8.3.1/../../../../pic32c/lib/thumb/v6-m/nofp\libpic32c.a(data_init.o)
 .debug_abbrev  0x0000000000001dec       0xbb c:/program files/microchip/xc32/v4.45/bin/bin/../../lib/gcc/pic32c/8.3.1/../../../../pic32c/lib/thumb/v6-m/nofp\libc-size-musl.a(memcpy.o)
 .debug_abbrev  0x0000000000001ea7       0x91 c:/program files/microchip/xc32/v4.45/bin/bin/../../lib/gcc/pic32c/8.3.1/../../../../pic32c/lib/thumb/v6-m/nofp\libc-size-musl.a(strlen.o)
 .debug_abbrev  0x0000000000001f38      0x133 c:/program files/microchip/xc32/v4.45/bin/bin/../../lib/gcc/pic32c/8.3.1/../../../../pic32c/lib/thumb/v6-m/nofp\libc-musl.a(__libc_start_main.o)
 .debug_abbrev  0x000000000000206b       0xd4 c:/program files/microchip/xc32/v4.45/bin/bin/../../lib/gcc/pic32c/8.3.1/../../../../pic32c/lib/thumb/v6-m/nofp\libc-musl.a(libc.o)
 .debug_abbrev  0x000000000000213f      0x12b c:/program files/microchip/xc32/v4.45/bin/bin/../../lib/gcc/pic32c/8.3.1/../../../../pic32c/lib/thumb/v6-m/nofp\libc-musl.a(__sio_sprintf_npxX.o)
 .debug_abbrev  0x000000000000226a      0x150 c:/program files/microchip/xc32/v4.45/bin/bin/../../lib/gcc/pic32c/8.3.1/../../../../pic32c/lib/thumb/v6-m/nofp\libc-musl.a(__fmt_x.o)
 .debug_abbrev  0x00000000000023ba       0xdc c:/program files/microchip/xc32/v4.45/bin/bin/../../lib/gcc/pic32c/8.3.1/../../../../pic32c/lib/thumb/v6-m/nofp\libc-musl.a(__pop_int.o)
 .debug_abbrev  0x0000000000002496       0xdc c:/program files/microchip/xc32/v4.45/bin/bin/../../lib/gcc/pic32c/8.3.1/../../../../pic32c/lib/thumb/v6-m/nofp\libc-musl.a(__pop_ptr.o)
 .debug_abbrev  0x0000000000002572      0x317 c:/program files/microchip/xc32/v4.45/bin/bin/../../lib/gcc/pic32c/8.3.1/../../../../pic32c/lib/thumb/v6-m/nofp\libc-musl.a(__printf_core.o)
 .debug_abbrev  0x0000000000002889       0xc6 c:/program files/microchip/xc32/v4.45/bin/bin/../../lib/gcc/pic32c/8.3.1/../../../../pic32c/lib/thumb/v6-m/nofp\libc-musl.a(atoi.o)
 .debug_abbrev  0x000000000000294f       0xf4 c:/program files/microchip/xc32/v4.45/bin/bin/../../lib/gcc/pic32c/8.3.1/../../../../pic32c/lib/thumb/v6-m/nofp\libc-musl.a(tolower.o)
 .debug_abbrev  0x0000000000002a43       0xf4 c:/program files/microchip/xc32/v4.45/bin/bin/../../lib/gcc/pic32c/8.3.1/../../../../pic32c/lib/thumb/v6-m/nofp\libc-musl.a(toupper.o)
 .debug_abbrev  0x0000000000002b37       0x62 c:/program files/microchip/xc32/v4.45/bin/bin/../../lib/gcc/pic32c/8.3.1/../../../../pic32c/lib/thumb/v6-m/nofp\libc-musl.a(__environ.o)
 .debug_abbrev  0x0000000000002b99       0x39 c:/program files/microchip/xc32/v4.45/bin/bin/../../lib/gcc/pic32c/8.3.1/../../../../pic32c/lib/thumb/v6-m/nofp\libc-musl.a(__errno_location.o)
 .debug_abbrev  0x0000000000002bd2       0xcb c:/program files/microchip/xc32/v4.45/bin/bin/../../lib/gcc/pic32c/8.3.1/../../../../pic32c/lib/thumb/v6-m/nofp\libc-musl.a(__int_vsprintf.o)
 .debug_abbrev  0x0000000000002c9d       0xdc c:/program files/microchip/xc32/v4.45/bin/bin/../../lib/gcc/pic32c/8.3.1/../../../../pic32c/lib/thumb/v6-m/nofp\libc-musl.a(__pop_float.o)
 .debug_abbrev  0x0000000000002d79      0x154 c:/program files/microchip/xc32/v4.45/bin/bin/../../lib/gcc/pic32c/8.3.1/../../../../pic32c/lib/thumb/v6-m/nofp\libc-musl.a(__int_vsnprintf.o)
 .debug_abbrev  0x0000000000002ecd      0x132 c:/program files/microchip/xc32/v4.45/bin/bin/../../lib/gcc/pic32c/8.3.1/../../../../pic32c/lib/thumb/v6-m/nofp\libc-musl.a(__int_vfprintf.o)
 .debug_abbrev  0x0000000000002fff       0xa2 c:/program files/microchip/xc32/v4.45/bin/bin/../../lib/gcc/pic32c/8.3.1/../../../../pic32c/lib/thumb/v6-m/nofp\libc-size-musl.a(memset.o)
 .debug_abbrev  0x00000000000030a1       0x2e c:/program files/microchip/xc32/v4.45/bin/bin/../../lib/gcc/pic32c/8.3.1/../../../../pic32c/lib/thumb/v6-m/nofp\libpic32c.a(pic32_data_init_clear.o)
 .debug_abbrev  0x00000000000030cf       0x2e c:/program files/microchip/xc32/v4.45/bin/bin/../../lib/gcc/pic32c/8.3.1/../../../../pic32c/lib/thumb/v6-m/nofp\libpic32c.a(pic32_data_init_copy.o)

.debug_loc      0x0000000000000000     0x4623
 .debug_loc     0x0000000000000000      0x140 build/default/production/_ext/60163342/plib_adc.o
 .debug_loc     0x0000000000000140       0x31 build/default/production/_ext/1984496892/plib_clock.o
 .debug_loc     0x0000000000000171      0x239 build/default/production/_ext/1865468468/plib_nvic.o
 .debug_loc     0x00000000000003aa      0x665 build/default/production/_ext/1593096446/plib_nvmctrl.o
 .debug_loc     0x0000000000000a0f      0x2bb build/default/production/_ext/1865521619/plib_port.o
 .debug_loc     0x0000000000000cca      0xd8f build/default/production/_ext/504274921/plib_sercom5_usart.o
 .debug_loc     0x0000000000001a59      0xd8f build/default/production/_ext/504274921/plib_sercom3_usart.o
 .debug_loc     0x00000000000027e8      0x2b9 build/default/production/_ext/1827571544/plib_systick.o
 .debug_loc     0x0000000000002aa1       0x6f build/default/production/_ext/829342655/plib_tc4.o
 .debug_loc     0x0000000000002b10       0x6f build/default/production/_ext/829342655/plib_tc3.o
 .debug_loc     0x0000000000002b7f       0x20 build/default/production/_ext/1171490990/startup_xc32.o
 .debug_loc     0x0000000000002b9f       0x45 build/default/production/_ext/1171490990/initialization.o
 .debug_loc     0x0000000000002be4      0x204 build/default/production/_ext/1360937237/main.o
 .debug_loc     0x0000000000002de8       0x2c build/default/production/AppTasks.o
 .debug_loc     0x0000000000002e14       0x14 c:/program files/microchip/xc32/v4.45/bin/bin/../../lib/gcc/pic32c/8.3.1/../../../../pic32c/lib/thumb/v6-m/nofp\libpic32c.a(data_init.o)
 .debug_loc     0x0000000000002e28      0x12d c:/program files/microchip/xc32/v4.45/bin/bin/../../lib/gcc/pic32c/8.3.1/../../../../pic32c/lib/thumb/v6-m/nofp\libc-size-musl.a(memcpy.o)
 .debug_loc     0x0000000000002f55       0x81 c:/program files/microchip/xc32/v4.45/bin/bin/../../lib/gcc/pic32c/8.3.1/../../../../pic32c/lib/thumb/v6-m/nofp\libc-size-musl.a(strlen.o)
 .debug_loc     0x0000000000002fd6       0x5e c:/program files/microchip/xc32/v4.45/bin/bin/../../lib/gcc/pic32c/8.3.1/../../../../pic32c/lib/thumb/v6-m/nofp\libc-musl.a(__libc_start_main.o)
 .debug_loc     0x0000000000003034       0x86 c:/program files/microchip/xc32/v4.45/bin/bin/../../lib/gcc/pic32c/8.3.1/../../../../pic32c/lib/thumb/v6-m/nofp\libc-musl.a(__sio_sprintf_npxX.o)
 .debug_loc     0x00000000000030ba      0x3be c:/program files/microchip/xc32/v4.45/bin/bin/../../lib/gcc/pic32c/8.3.1/../../../../pic32c/lib/thumb/v6-m/nofp\libc-musl.a(__fmt_x.o)
 .debug_loc     0x0000000000003478      0x34c c:/program files/microchip/xc32/v4.45/bin/bin/../../lib/gcc/pic32c/8.3.1/../../../../pic32c/lib/thumb/v6-m/nofp\libc-musl.a(__pop_int.o)
 .debug_loc     0x00000000000037c4      0x1fe c:/program files/microchip/xc32/v4.45/bin/bin/../../lib/gcc/pic32c/8.3.1/../../../../pic32c/lib/thumb/v6-m/nofp\libc-musl.a(__pop_ptr.o)
 .debug_loc     0x00000000000039c2      0x6d9 c:/program files/microchip/xc32/v4.45/bin/bin/../../lib/gcc/pic32c/8.3.1/../../../../pic32c/lib/thumb/v6-m/nofp\libc-musl.a(__printf_core.o)
 .debug_loc     0x000000000000409b       0xdc c:/program files/microchip/xc32/v4.45/bin/bin/../../lib/gcc/pic32c/8.3.1/../../../../pic32c/lib/thumb/v6-m/nofp\libc-musl.a(atoi.o)
 .debug_loc     0x0000000000004177       0x8f c:/program files/microchip/xc32/v4.45/bin/bin/../../lib/gcc/pic32c/8.3.1/../../../../pic32c/lib/thumb/v6-m/nofp\libc-musl.a(tolower.o)
 .debug_loc     0x0000000000004206       0x8f c:/program files/microchip/xc32/v4.45/bin/bin/../../lib/gcc/pic32c/8.3.1/../../../../pic32c/lib/thumb/v6-m/nofp\libc-musl.a(toupper.o)
 .debug_loc     0x0000000000004295       0x8c c:/program files/microchip/xc32/v4.45/bin/bin/../../lib/gcc/pic32c/8.3.1/../../../../pic32c/lib/thumb/v6-m/nofp\libc-musl.a(__int_vsprintf.o)
 .debug_loc     0x0000000000004321       0x6f c:/program files/microchip/xc32/v4.45/bin/bin/../../lib/gcc/pic32c/8.3.1/../../../../pic32c/lib/thumb/v6-m/nofp\libc-musl.a(__pop_float.o)
 .debug_loc     0x0000000000004390      0x102 c:/program files/microchip/xc32/v4.45/bin/bin/../../lib/gcc/pic32c/8.3.1/../../../../pic32c/lib/thumb/v6-m/nofp\libc-musl.a(__int_vsnprintf.o)
 .debug_loc     0x0000000000004492       0xb0 c:/program files/microchip/xc32/v4.45/bin/bin/../../lib/gcc/pic32c/8.3.1/../../../../pic32c/lib/thumb/v6-m/nofp\libc-musl.a(__int_vfprintf.o)
 .debug_loc     0x0000000000004542       0xcd c:/program files/microchip/xc32/v4.45/bin/bin/../../lib/gcc/pic32c/8.3.1/../../../../pic32c/lib/thumb/v6-m/nofp\libc-size-musl.a(memset.o)
 .debug_loc     0x000000000000460f       0x14 c:/program files/microchip/xc32/v4.45/bin/bin/../../lib/gcc/pic32c/8.3.1/../../../../pic32c/lib/thumb/v6-m/nofp\libpic32c.a(pic32_data_init_copy.o)

.debug_aranges  0x0000000000000000      0x930
 .debug_aranges
                0x0000000000000000       0x78 build/default/production/_ext/60163342/plib_adc.o
 .debug_aranges
                0x0000000000000078       0x20 build/default/production/_ext/1984496892/plib_clock.o
 .debug_aranges
                0x0000000000000098       0x48 build/default/production/_ext/1865468468/plib_nvic.o
 .debug_aranges
                0x00000000000000e0       0xa0 build/default/production/_ext/1593096446/plib_nvmctrl.o
 .debug_aranges
                0x0000000000000180       0x70 build/default/production/_ext/1865521619/plib_port.o
 .debug_aranges
                0x00000000000001f0       0xe8 build/default/production/_ext/504274921/plib_sercom5_usart.o
 .debug_aranges
                0x00000000000002d8       0xe8 build/default/production/_ext/504274921/plib_sercom3_usart.o
 .debug_aranges
                0x00000000000003c0       0x70 build/default/production/_ext/1827571544/plib_systick.o
 .debug_aranges
                0x0000000000000430       0x70 build/default/production/_ext/829342655/plib_tc4.o
 .debug_aranges
                0x00000000000004a0       0x70 build/default/production/_ext/829342655/plib_tc3.o
 .debug_aranges
                0x0000000000000510       0x28 build/default/production/_ext/1171490990/startup_xc32.o
 .debug_aranges
                0x0000000000000538       0x28 build/default/production/_ext/1171490990/exceptions.o
 .debug_aranges
                0x0000000000000560       0x20 build/default/production/_ext/1171490990/interrupts.o
 .debug_aranges
                0x0000000000000580       0x20 build/default/production/_ext/1171490990/initialization.o
 .debug_aranges
                0x00000000000005a0       0x40 build/default/production/_ext/1360937237/main.o
 .debug_aranges
                0x00000000000005e0       0x28 build/default/production/AppTasks.o
 .debug_aranges
                0x0000000000000608       0x28 build/default/production/LEDTasks.o
 .debug_aranges
                0x0000000000000630       0x28 c:/program files/microchip/xc32/v4.45/bin/bin/../../lib/gcc/pic32c/8.3.1/../../../../pic32c/lib/thumb/v6-m/nofp\libpic32c.a(data_init.o)
 .debug_aranges
                0x0000000000000658       0x20 c:/program files/microchip/xc32/v4.45/bin/bin/../../lib/gcc/pic32c/8.3.1/../../../../pic32c/lib/thumb/v6-m/nofp\libc-size-musl.a(memcpy.o)
 .debug_aranges
                0x0000000000000678       0x20 c:/program files/microchip/xc32/v4.45/bin/bin/../../lib/gcc/pic32c/8.3.1/../../../../pic32c/lib/thumb/v6-m/nofp\libc-size-musl.a(strlen.o)
 .debug_aranges
                0x0000000000000698       0x28 c:/program files/microchip/xc32/v4.45/bin/bin/../../lib/gcc/pic32c/8.3.1/../../../../pic32c/lib/thumb/v6-m/nofp\libc-musl.a(__libc_start_main.o)
 .debug_aranges
                0x00000000000006c0       0x18 c:/program files/microchip/xc32/v4.45/bin/bin/../../lib/gcc/pic32c/8.3.1/../../../../pic32c/lib/thumb/v6-m/nofp\libc-musl.a(libc.o)
 .debug_aranges
                0x00000000000006d8       0x28 c:/program files/microchip/xc32/v4.45/bin/bin/../../lib/gcc/pic32c/8.3.1/../../../../pic32c/lib/thumb/v6-m/nofp\libc-musl.a(__sio_sprintf_npxX.o)
 .debug_aranges
                0x0000000000000700       0x20 c:/program files/microchip/xc32/v4.45/bin/bin/../../lib/gcc/pic32c/8.3.1/../../../../pic32c/lib/thumb/v6-m/nofp\libc-musl.a(__fmt_x.o)
 .debug_aranges
                0x0000000000000720       0x20 c:/program files/microchip/xc32/v4.45/bin/bin/../../lib/gcc/pic32c/8.3.1/../../../../pic32c/lib/thumb/v6-m/nofp\libc-musl.a(__pop_int.o)
 .debug_aranges
                0x0000000000000740       0x20 c:/program files/microchip/xc32/v4.45/bin/bin/../../lib/gcc/pic32c/8.3.1/../../../../pic32c/lib/thumb/v6-m/nofp\libc-musl.a(__pop_ptr.o)
 .debug_aranges
                0x0000000000000760       0x50 c:/program files/microchip/xc32/v4.45/bin/bin/../../lib/gcc/pic32c/8.3.1/../../../../pic32c/lib/thumb/v6-m/nofp\libc-musl.a(__printf_core.o)
 .debug_aranges
                0x00000000000007b0       0x20 c:/program files/microchip/xc32/v4.45/bin/bin/../../lib/gcc/pic32c/8.3.1/../../../../pic32c/lib/thumb/v6-m/nofp\libc-musl.a(atoi.o)
 .debug_aranges
                0x00000000000007d0       0x28 c:/program files/microchip/xc32/v4.45/bin/bin/../../lib/gcc/pic32c/8.3.1/../../../../pic32c/lib/thumb/v6-m/nofp\libc-musl.a(tolower.o)
 .debug_aranges
                0x00000000000007f8       0x28 c:/program files/microchip/xc32/v4.45/bin/bin/../../lib/gcc/pic32c/8.3.1/../../../../pic32c/lib/thumb/v6-m/nofp\libc-musl.a(toupper.o)
 .debug_aranges
                0x0000000000000820       0x18 c:/program files/microchip/xc32/v4.45/bin/bin/../../lib/gcc/pic32c/8.3.1/../../../../pic32c/lib/thumb/v6-m/nofp\libc-musl.a(__environ.o)
 .debug_aranges
                0x0000000000000838       0x18 c:/program files/microchip/xc32/v4.45/bin/bin/../../lib/gcc/pic32c/8.3.1/../../../../pic32c/lib/thumb/v6-m/nofp\libc-musl.a(__errno_location.o)
 .debug_aranges
                0x0000000000000850       0x20 c:/program files/microchip/xc32/v4.45/bin/bin/../../lib/gcc/pic32c/8.3.1/../../../../pic32c/lib/thumb/v6-m/nofp\libc-musl.a(__int_vsprintf.o)
 .debug_aranges
                0x0000000000000870       0x20 c:/program files/microchip/xc32/v4.45/bin/bin/../../lib/gcc/pic32c/8.3.1/../../../../pic32c/lib/thumb/v6-m/nofp\libc-musl.a(__pop_float.o)
 .debug_aranges
                0x0000000000000890       0x20 c:/program files/microchip/xc32/v4.45/bin/bin/../../lib/gcc/pic32c/8.3.1/../../../../pic32c/lib/thumb/v6-m/nofp\libc-musl.a(__int_vsnprintf.o)
 .debug_aranges
                0x00000000000008b0       0x20 c:/program files/microchip/xc32/v4.45/bin/bin/../../lib/gcc/pic32c/8.3.1/../../../../pic32c/lib/thumb/v6-m/nofp\libc-musl.a(__int_vfprintf.o)
 .debug_aranges
                0x00000000000008d0       0x20 c:/program files/microchip/xc32/v4.45/bin/bin/../../lib/gcc/pic32c/8.3.1/../../../../pic32c/lib/thumb/v6-m/nofp\libc-size-musl.a(memset.o)
 .debug_aranges
                0x00000000000008f0       0x20 c:/program files/microchip/xc32/v4.45/bin/bin/../../lib/gcc/pic32c/8.3.1/../../../../pic32c/lib/thumb/v6-m/nofp\libpic32c.a(pic32_data_init_clear.o)
 .debug_aranges
                0x0000000000000910       0x20 c:/program files/microchip/xc32/v4.45/bin/bin/../../lib/gcc/pic32c/8.3.1/../../../../pic32c/lib/thumb/v6-m/nofp\libpic32c.a(pic32_data_init_copy.o)

.debug_ranges   0x0000000000000000      0x928
 .debug_ranges  0x0000000000000000       0x68 build/default/production/_ext/60163342/plib_adc.o
 .debug_ranges  0x0000000000000068       0x28 build/default/production/_ext/1984496892/plib_clock.o
 .debug_ranges  0x0000000000000090       0x50 build/default/production/_ext/1865468468/plib_nvic.o
 .debug_ranges  0x00000000000000e0       0x90 build/default/production/_ext/1593096446/plib_nvmctrl.o
 .debug_ranges  0x0000000000000170       0x60 build/default/production/_ext/1865521619/plib_port.o
 .debug_ranges  0x00000000000001d0      0x1e8 build/default/production/_ext/504274921/plib_sercom5_usart.o
 .debug_ranges  0x00000000000003b8      0x1e8 build/default/production/_ext/504274921/plib_sercom3_usart.o
 .debug_ranges  0x00000000000005a0       0x60 build/default/production/_ext/1827571544/plib_systick.o
 .debug_ranges  0x0000000000000600       0x60 build/default/production/_ext/829342655/plib_tc4.o
 .debug_ranges  0x0000000000000660       0x60 build/default/production/_ext/829342655/plib_tc3.o
 .debug_ranges  0x00000000000006c0       0x18 build/default/production/_ext/1171490990/startup_xc32.o
 .debug_ranges  0x00000000000006d8       0x18 build/default/production/_ext/1171490990/exceptions.o
 .debug_ranges  0x00000000000006f0       0x10 build/default/production/_ext/1171490990/interrupts.o
 .debug_ranges  0x0000000000000700       0x10 build/default/production/_ext/1171490990/initialization.o
 .debug_ranges  0x0000000000000710       0x30 build/default/production/_ext/1360937237/main.o
 .debug_ranges  0x0000000000000740       0x18 build/default/production/AppTasks.o
 .debug_ranges  0x0000000000000758       0x18 build/default/production/LEDTasks.o
 .debug_ranges  0x0000000000000770       0x18 c:/program files/microchip/xc32/v4.45/bin/bin/../../lib/gcc/pic32c/8.3.1/../../../../pic32c/lib/thumb/v6-m/nofp\libpic32c.a(data_init.o)
 .debug_ranges  0x0000000000000788       0x10 c:/program files/microchip/xc32/v4.45/bin/bin/../../lib/gcc/pic32c/8.3.1/../../../../pic32c/lib/thumb/v6-m/nofp\libc-size-musl.a(memcpy.o)
 .debug_ranges  0x0000000000000798       0x10 c:/program files/microchip/xc32/v4.45/bin/bin/../../lib/gcc/pic32c/8.3.1/../../../../pic32c/lib/thumb/v6-m/nofp\libc-size-musl.a(strlen.o)
 .debug_ranges  0x00000000000007a8       0x30 c:/program files/microchip/xc32/v4.45/bin/bin/../../lib/gcc/pic32c/8.3.1/../../../../pic32c/lib/thumb/v6-m/nofp\libc-musl.a(__libc_start_main.o)
 .debug_ranges  0x00000000000007d8       0x18 c:/program files/microchip/xc32/v4.45/bin/bin/../../lib/gcc/pic32c/8.3.1/../../../../pic32c/lib/thumb/v6-m/nofp\libc-musl.a(__sio_sprintf_npxX.o)
 .debug_ranges  0x00000000000007f0       0x10 c:/program files/microchip/xc32/v4.45/bin/bin/../../lib/gcc/pic32c/8.3.1/../../../../pic32c/lib/thumb/v6-m/nofp\libc-musl.a(__fmt_x.o)
 .debug_ranges  0x0000000000000800       0x10 c:/program files/microchip/xc32/v4.45/bin/bin/../../lib/gcc/pic32c/8.3.1/../../../../pic32c/lib/thumb/v6-m/nofp\libc-musl.a(__pop_int.o)
 .debug_ranges  0x0000000000000810       0x10 c:/program files/microchip/xc32/v4.45/bin/bin/../../lib/gcc/pic32c/8.3.1/../../../../pic32c/lib/thumb/v6-m/nofp\libc-musl.a(__pop_ptr.o)
 .debug_ranges  0x0000000000000820       0x58 c:/program files/microchip/xc32/v4.45/bin/bin/../../lib/gcc/pic32c/8.3.1/../../../../pic32c/lib/thumb/v6-m/nofp\libc-musl.a(__printf_core.o)
 .debug_ranges  0x0000000000000878       0x10 c:/program files/microchip/xc32/v4.45/bin/bin/../../lib/gcc/pic32c/8.3.1/../../../../pic32c/lib/thumb/v6-m/nofp\libc-musl.a(atoi.o)
 .debug_ranges  0x0000000000000888       0x18 c:/program files/microchip/xc32/v4.45/bin/bin/../../lib/gcc/pic32c/8.3.1/../../../../pic32c/lib/thumb/v6-m/nofp\libc-musl.a(tolower.o)
 .debug_ranges  0x00000000000008a0       0x18 c:/program files/microchip/xc32/v4.45/bin/bin/../../lib/gcc/pic32c/8.3.1/../../../../pic32c/lib/thumb/v6-m/nofp\libc-musl.a(toupper.o)
 .debug_ranges  0x00000000000008b8       0x10 c:/program files/microchip/xc32/v4.45/bin/bin/../../lib/gcc/pic32c/8.3.1/../../../../pic32c/lib/thumb/v6-m/nofp\libc-musl.a(__int_vsprintf.o)
 .debug_ranges  0x00000000000008c8       0x10 c:/program files/microchip/xc32/v4.45/bin/bin/../../lib/gcc/pic32c/8.3.1/../../../../pic32c/lib/thumb/v6-m/nofp\libc-musl.a(__pop_float.o)
 .debug_ranges  0x00000000000008d8       0x10 c:/program files/microchip/xc32/v4.45/bin/bin/../../lib/gcc/pic32c/8.3.1/../../../../pic32c/lib/thumb/v6-m/nofp\libc-musl.a(__int_vsnprintf.o)
 .debug_ranges  0x00000000000008e8       0x10 c:/program files/microchip/xc32/v4.45/bin/bin/../../lib/gcc/pic32c/8.3.1/../../../../pic32c/lib/thumb/v6-m/nofp\libc-musl.a(__int_vfprintf.o)
 .debug_ranges  0x00000000000008f8       0x10 c:/program files/microchip/xc32/v4.45/bin/bin/../../lib/gcc/pic32c/8.3.1/../../../../pic32c/lib/thumb/v6-m/nofp\libc-size-musl.a(memset.o)
 .debug_ranges  0x0000000000000908       0x10 c:/program files/microchip/xc32/v4.45/bin/bin/../../lib/gcc/pic32c/8.3.1/../../../../pic32c/lib/thumb/v6-m/nofp\libpic32c.a(pic32_data_init_clear.o)
 .debug_ranges  0x0000000000000918       0x10 c:/program files/microchip/xc32/v4.45/bin/bin/../../lib/gcc/pic32c/8.3.1/../../../../pic32c/lib/thumb/v6-m/nofp\libpic32c.a(pic32_data_init_copy.o)

.debug_line     0x0000000000000000     0x644b
 .debug_line    0x0000000000000000      0x36c build/default/production/_ext/60163342/plib_adc.o
 .debug_line    0x000000000000036c      0x1ec build/default/production/_ext/1984496892/plib_clock.o
 .debug_line    0x0000000000000558      0x453 build/default/production/_ext/1865468468/plib_nvic.o
 .debug_line    0x00000000000009ab      0x44e build/default/production/_ext/1593096446/plib_nvmctrl.o
 .debug_line    0x0000000000000df9      0x394 build/default/production/_ext/1865521619/plib_port.o
 .debug_line    0x000000000000118d      0xd15 build/default/production/_ext/504274921/plib_sercom5_usart.o
 .debug_line    0x0000000000001ea2      0xd15 build/default/production/_ext/504274921/plib_sercom3_usart.o
 .debug_line    0x0000000000002bb7      0x314 build/default/production/_ext/1827571544/plib_systick.o
 .debug_line    0x0000000000002ecb      0x320 build/default/production/_ext/829342655/plib_tc4.o
 .debug_line    0x00000000000031eb      0x320 build/default/production/_ext/829342655/plib_tc3.o
 .debug_line    0x000000000000350b      0x157 build/default/production/_ext/1171490990/startup_xc32.o
 .debug_line    0x0000000000003662       0x6f build/default/production/_ext/1171490990/exceptions.o
 .debug_line    0x00000000000036d1       0xba build/default/production/_ext/1171490990/interrupts.o
 .debug_line    0x000000000000378b      0x2e2 build/default/production/_ext/1171490990/initialization.o
 .debug_line    0x0000000000003a6d      0x40e build/default/production/_ext/1360937237/main.o
 .debug_line    0x0000000000003e7b      0x29d build/default/production/AppTasks.o
 .debug_line    0x0000000000004118      0x19e build/default/production/LEDTasks.o
 .debug_line    0x00000000000042b6       0x8e c:/program files/microchip/xc32/v4.45/bin/bin/../../lib/gcc/pic32c/8.3.1/../../../../pic32c/lib/thumb/v6-m/nofp\libpic32c.a(data_init.o)
 .debug_line    0x0000000000004344       0xee c:/program files/microchip/xc32/v4.45/bin/bin/../../lib/gcc/pic32c/8.3.1/../../../../pic32c/lib/thumb/v6-m/nofp\libc-size-musl.a(memcpy.o)
 .debug_line    0x0000000000004432       0xee c:/program files/microchip/xc32/v4.45/bin/bin/../../lib/gcc/pic32c/8.3.1/../../../../pic32c/lib/thumb/v6-m/nofp\libc-size-musl.a(strlen.o)
 .debug_line    0x0000000000004520      0x1bc c:/program files/microchip/xc32/v4.45/bin/bin/../../lib/gcc/pic32c/8.3.1/../../../../pic32c/lib/thumb/v6-m/nofp\libc-musl.a(__libc_start_main.o)
 .debug_line    0x00000000000046dc       0xb5 c:/program files/microchip/xc32/v4.45/bin/bin/../../lib/gcc/pic32c/8.3.1/../../../../pic32c/lib/thumb/v6-m/nofp\libc-musl.a(libc.o)
 .debug_line    0x0000000000004791      0x1a2 c:/program files/microchip/xc32/v4.45/bin/bin/../../lib/gcc/pic32c/8.3.1/../../../../pic32c/lib/thumb/v6-m/nofp\libc-musl.a(__sio_sprintf_npxX.o)
 .debug_line    0x0000000000004933      0x2ec c:/program files/microchip/xc32/v4.45/bin/bin/../../lib/gcc/pic32c/8.3.1/../../../../pic32c/lib/thumb/v6-m/nofp\libc-musl.a(__fmt_x.o)
 .debug_line    0x0000000000004c1f      0x211 c:/program files/microchip/xc32/v4.45/bin/bin/../../lib/gcc/pic32c/8.3.1/../../../../pic32c/lib/thumb/v6-m/nofp\libc-musl.a(__pop_int.o)
 .debug_line    0x0000000000004e30      0x1c8 c:/program files/microchip/xc32/v4.45/bin/bin/../../lib/gcc/pic32c/8.3.1/../../../../pic32c/lib/thumb/v6-m/nofp\libc-musl.a(__pop_ptr.o)
 .debug_line    0x0000000000004ff8      0x6c7 c:/program files/microchip/xc32/v4.45/bin/bin/../../lib/gcc/pic32c/8.3.1/../../../../pic32c/lib/thumb/v6-m/nofp\libc-musl.a(__printf_core.o)
 .debug_line    0x00000000000056bf      0x173 c:/program files/microchip/xc32/v4.45/bin/bin/../../lib/gcc/pic32c/8.3.1/../../../../pic32c/lib/thumb/v6-m/nofp\libc-musl.a(atoi.o)
 .debug_line    0x0000000000005832      0x15c c:/program files/microchip/xc32/v4.45/bin/bin/../../lib/gcc/pic32c/8.3.1/../../../../pic32c/lib/thumb/v6-m/nofp\libc-musl.a(tolower.o)
 .debug_line    0x000000000000598e      0x15c c:/program files/microchip/xc32/v4.45/bin/bin/../../lib/gcc/pic32c/8.3.1/../../../../pic32c/lib/thumb/v6-m/nofp\libc-musl.a(toupper.o)
 .debug_line    0x0000000000005aea       0xfb c:/program files/microchip/xc32/v4.45/bin/bin/../../lib/gcc/pic32c/8.3.1/../../../../pic32c/lib/thumb/v6-m/nofp\libc-musl.a(__environ.o)
 .debug_line    0x0000000000005be5       0x9a c:/program files/microchip/xc32/v4.45/bin/bin/../../lib/gcc/pic32c/8.3.1/../../../../pic32c/lib/thumb/v6-m/nofp\libc-musl.a(__errno_location.o)
 .debug_line    0x0000000000005c7f      0x153 c:/program files/microchip/xc32/v4.45/bin/bin/../../lib/gcc/pic32c/8.3.1/../../../../pic32c/lib/thumb/v6-m/nofp\libc-musl.a(__int_vsprintf.o)
 .debug_line    0x0000000000005dd2      0x166 c:/program files/microchip/xc32/v4.45/bin/bin/../../lib/gcc/pic32c/8.3.1/../../../../pic32c/lib/thumb/v6-m/nofp\libc-musl.a(__pop_float.o)
 .debug_line    0x0000000000005f38      0x1c7 c:/program files/microchip/xc32/v4.45/bin/bin/../../lib/gcc/pic32c/8.3.1/../../../../pic32c/lib/thumb/v6-m/nofp\libc-musl.a(__int_vsnprintf.o)
 .debug_line    0x00000000000060ff      0x172 c:/program files/microchip/xc32/v4.45/bin/bin/../../lib/gcc/pic32c/8.3.1/../../../../pic32c/lib/thumb/v6-m/nofp\libc-musl.a(__int_vfprintf.o)
 .debug_line    0x0000000000006271       0xe3 c:/program files/microchip/xc32/v4.45/bin/bin/../../lib/gcc/pic32c/8.3.1/../../../../pic32c/lib/thumb/v6-m/nofp\libc-size-musl.a(memset.o)
 .debug_line    0x0000000000006354       0x6f c:/program files/microchip/xc32/v4.45/bin/bin/../../lib/gcc/pic32c/8.3.1/../../../../pic32c/lib/thumb/v6-m/nofp\libpic32c.a(pic32_data_init_clear.o)
 .debug_line    0x00000000000063c3       0x88 c:/program files/microchip/xc32/v4.45/bin/bin/../../lib/gcc/pic32c/8.3.1/../../../../pic32c/lib/thumb/v6-m/nofp\libpic32c.a(pic32_data_init_copy.o)

.debug_str      0x0000000000000000     0xa5fe
 .debug_str     0x0000000000000000      0x8ad build/default/production/_ext/60163342/plib_adc.o
 .debug_str     0x00000000000008ad      0x5ba build/default/production/_ext/1984496892/plib_clock.o
 .debug_str     0x0000000000000e67      0x5f6 build/default/production/_ext/1865468468/plib_nvic.o
 .debug_str     0x000000000000145d      0x575 build/default/production/_ext/1593096446/plib_nvmctrl.o
 .debug_str     0x00000000000019d2      0x793 build/default/production/_ext/1865521619/plib_port.o
 .debug_str     0x0000000000002165      0xd8e build/default/production/_ext/504274921/plib_sercom5_usart.o
 .debug_str     0x0000000000002ef3      0xd8e build/default/production/_ext/504274921/plib_sercom3_usart.o
 .debug_str     0x0000000000003c81      0x41a build/default/production/_ext/1827571544/plib_systick.o
 .debug_str     0x000000000000409b      0x599 build/default/production/_ext/829342655/plib_tc4.o
 .debug_str     0x0000000000004634      0x599 build/default/production/_ext/829342655/plib_tc3.o
 .debug_str     0x0000000000004bcd      0x336 build/default/production/_ext/1171490990/startup_xc32.o
 .debug_str     0x0000000000004f03      0x2ca build/default/production/_ext/1171490990/exceptions.o
 .debug_str     0x00000000000051cd      0x5ec build/default/production/_ext/1171490990/interrupts.o
 .debug_str     0x00000000000057b9      0x463 build/default/production/_ext/1171490990/initialization.o
 .debug_str     0x0000000000005c1c      0x80e build/default/production/_ext/1360937237/main.o
 .debug_str     0x000000000000642a      0x4fd build/default/production/AppTasks.o
 .debug_str     0x0000000000006927      0x444 build/default/production/LEDTasks.o
 .debug_str     0x0000000000006d6b      0x1eb c:/program files/microchip/xc32/v4.45/bin/bin/../../lib/gcc/pic32c/8.3.1/../../../../pic32c/lib/thumb/v6-m/nofp\libpic32c.a(data_init.o)
 .debug_str     0x0000000000006f56      0x225 c:/program files/microchip/xc32/v4.45/bin/bin/../../lib/gcc/pic32c/8.3.1/../../../../pic32c/lib/thumb/v6-m/nofp\libc-size-musl.a(memcpy.o)
 .debug_str     0x000000000000717b      0x217 c:/program files/microchip/xc32/v4.45/bin/bin/../../lib/gcc/pic32c/8.3.1/../../../../pic32c/lib/thumb/v6-m/nofp\libc-size-musl.a(strlen.o)
 .debug_str     0x0000000000007392      0x3ca c:/program files/microchip/xc32/v4.45/bin/bin/../../lib/gcc/pic32c/8.3.1/../../../../pic32c/lib/thumb/v6-m/nofp\libc-musl.a(__libc_start_main.o)
 .debug_str     0x000000000000775c      0x335 c:/program files/microchip/xc32/v4.45/bin/bin/../../lib/gcc/pic32c/8.3.1/../../../../pic32c/lib/thumb/v6-m/nofp\libc-musl.a(libc.o)
 .debug_str     0x0000000000007a91      0x2f1 c:/program files/microchip/xc32/v4.45/bin/bin/../../lib/gcc/pic32c/8.3.1/../../../../pic32c/lib/thumb/v6-m/nofp\libc-musl.a(__sio_sprintf_npxX.o)
 .debug_str     0x0000000000007d82      0x2f5 c:/program files/microchip/xc32/v4.45/bin/bin/../../lib/gcc/pic32c/8.3.1/../../../../pic32c/lib/thumb/v6-m/nofp\libc-musl.a(__fmt_x.o)
 .debug_str     0x0000000000008077      0x2cb c:/program files/microchip/xc32/v4.45/bin/bin/../../lib/gcc/pic32c/8.3.1/../../../../pic32c/lib/thumb/v6-m/nofp\libc-musl.a(__pop_int.o)
 .debug_str     0x0000000000008342      0x2cd c:/program files/microchip/xc32/v4.45/bin/bin/../../lib/gcc/pic32c/8.3.1/../../../../pic32c/lib/thumb/v6-m/nofp\libc-musl.a(__pop_ptr.o)
 .debug_str     0x000000000000860f      0x3e7 c:/program files/microchip/xc32/v4.45/bin/bin/../../lib/gcc/pic32c/8.3.1/../../../../pic32c/lib/thumb/v6-m/nofp\libc-musl.a(__printf_core.o)
 .debug_str     0x00000000000089f6      0x21c c:/program files/microchip/xc32/v4.45/bin/bin/../../lib/gcc/pic32c/8.3.1/../../../../pic32c/lib/thumb/v6-m/nofp\libc-musl.a(atoi.o)
 .debug_str     0x0000000000008c12      0x249 c:/program files/microchip/xc32/v4.45/bin/bin/../../lib/gcc/pic32c/8.3.1/../../../../pic32c/lib/thumb/v6-m/nofp\libc-musl.a(tolower.o)
 .debug_str     0x0000000000008e5b      0x249 c:/program files/microchip/xc32/v4.45/bin/bin/../../lib/gcc/pic32c/8.3.1/../../../../pic32c/lib/thumb/v6-m/nofp\libc-musl.a(toupper.o)
 .debug_str     0x00000000000090a4      0x235 c:/program files/microchip/xc32/v4.45/bin/bin/../../lib/gcc/pic32c/8.3.1/../../../../pic32c/lib/thumb/v6-m/nofp\libc-musl.a(__environ.o)
 .debug_str     0x00000000000092d9      0x229 c:/program files/microchip/xc32/v4.45/bin/bin/../../lib/gcc/pic32c/8.3.1/../../../../pic32c/lib/thumb/v6-m/nofp\libc-musl.a(__errno_location.o)
 .debug_str     0x0000000000009502      0x2a6 c:/program files/microchip/xc32/v4.45/bin/bin/../../lib/gcc/pic32c/8.3.1/../../../../pic32c/lib/thumb/v6-m/nofp\libc-musl.a(__int_vsprintf.o)
 .debug_str     0x00000000000097a8      0x2c0 c:/program files/microchip/xc32/v4.45/bin/bin/../../lib/gcc/pic32c/8.3.1/../../../../pic32c/lib/thumb/v6-m/nofp\libc-musl.a(__pop_float.o)
 .debug_str     0x0000000000009a68      0x2f4 c:/program files/microchip/xc32/v4.45/bin/bin/../../lib/gcc/pic32c/8.3.1/../../../../pic32c/lib/thumb/v6-m/nofp\libc-musl.a(__int_vsnprintf.o)
 .debug_str     0x0000000000009d5c      0x2e9 c:/program files/microchip/xc32/v4.45/bin/bin/../../lib/gcc/pic32c/8.3.1/../../../../pic32c/lib/thumb/v6-m/nofp\libc-musl.a(__int_vfprintf.o)
 .debug_str     0x000000000000a045      0x211 c:/program files/microchip/xc32/v4.45/bin/bin/../../lib/gcc/pic32c/8.3.1/../../../../pic32c/lib/thumb/v6-m/nofp\libc-size-musl.a(memset.o)
 .debug_str     0x000000000000a256      0x1d5 c:/program files/microchip/xc32/v4.45/bin/bin/../../lib/gcc/pic32c/8.3.1/../../../../pic32c/lib/thumb/v6-m/nofp\libpic32c.a(pic32_data_init_clear.o)
 .debug_str     0x000000000000a42b      0x1d3 c:/program files/microchip/xc32/v4.45/bin/bin/../../lib/gcc/pic32c/8.3.1/../../../../pic32c/lib/thumb/v6-m/nofp\libpic32c.a(pic32_data_init_copy.o)

.debug_frame    0x0000000000000000     0x1044
 .debug_frame   0x0000000000000000       0xd8 build/default/production/_ext/60163342/plib_adc.o
 .debug_frame   0x00000000000000d8       0x20 build/default/production/_ext/1984496892/plib_clock.o
 .debug_frame   0x00000000000000f8       0x84 build/default/production/_ext/1865468468/plib_nvic.o
 .debug_frame   0x000000000000017c      0x148 build/default/production/_ext/1593096446/plib_nvmctrl.o
 .debug_frame   0x00000000000002c4       0xe4 build/default/production/_ext/1865521619/plib_port.o
 .debug_frame   0x00000000000003a8      0x250 build/default/production/_ext/504274921/plib_sercom5_usart.o
 .debug_frame   0x00000000000005f8      0x250 build/default/production/_ext/504274921/plib_sercom3_usart.o
 .debug_frame   0x0000000000000848       0xd8 build/default/production/_ext/1827571544/plib_systick.o
 .debug_frame   0x0000000000000920       0xc8 build/default/production/_ext/829342655/plib_tc4.o
 .debug_frame   0x00000000000009e8       0xc8 build/default/production/_ext/829342655/plib_tc3.o
 .debug_frame   0x0000000000000ab0       0x38 build/default/production/_ext/1171490990/startup_xc32.o
 .debug_frame   0x0000000000000ae8       0x30 build/default/production/_ext/1171490990/exceptions.o
 .debug_frame   0x0000000000000b18       0x20 build/default/production/_ext/1171490990/interrupts.o
 .debug_frame   0x0000000000000b38       0x28 build/default/production/_ext/1171490990/initialization.o
 .debug_frame   0x0000000000000b60       0x9c build/default/production/_ext/1360937237/main.o
 .debug_frame   0x0000000000000bfc       0x3c build/default/production/AppTasks.o
 .debug_frame   0x0000000000000c38       0x30 build/default/production/LEDTasks.o
 .debug_frame   0x0000000000000c68       0x38 c:/program files/microchip/xc32/v4.45/bin/bin/../../lib/gcc/pic32c/8.3.1/../../../../pic32c/lib/thumb/v6-m/nofp\libpic32c.a(data_init.o)
 .debug_frame   0x0000000000000ca0       0x28 c:/program files/microchip/xc32/v4.45/bin/bin/../../lib/gcc/pic32c/8.3.1/../../../../pic32c/lib/thumb/v6-m/nofp\libc-size-musl.a(memcpy.o)
 .debug_frame   0x0000000000000cc8       0x20 c:/program files/microchip/xc32/v4.45/bin/bin/../../lib/gcc/pic32c/8.3.1/../../../../pic32c/lib/thumb/v6-m/nofp\libc-size-musl.a(strlen.o)
 .debug_frame   0x0000000000000ce8       0x38 c:/program files/microchip/xc32/v4.45/bin/bin/../../lib/gcc/pic32c/8.3.1/../../../../pic32c/lib/thumb/v6-m/nofp\libc-musl.a(__libc_start_main.o)
 .debug_frame   0x0000000000000d20       0x44 c:/program files/microchip/xc32/v4.45/bin/bin/../../lib/gcc/pic32c/8.3.1/../../../../pic32c/lib/thumb/v6-m/nofp\libc-musl.a(__sio_sprintf_npxX.o)
 .debug_frame   0x0000000000000d64       0x30 c:/program files/microchip/xc32/v4.45/bin/bin/../../lib/gcc/pic32c/8.3.1/../../../../pic32c/lib/thumb/v6-m/nofp\libc-musl.a(__fmt_x.o)
 .debug_frame   0x0000000000000d94       0x28 c:/program files/microchip/xc32/v4.45/bin/bin/../../lib/gcc/pic32c/8.3.1/../../../../pic32c/lib/thumb/v6-m/nofp\libc-musl.a(__pop_int.o)
 .debug_frame   0x0000000000000dbc       0x28 c:/program files/microchip/xc32/v4.45/bin/bin/../../lib/gcc/pic32c/8.3.1/../../../../pic32c/lib/thumb/v6-m/nofp\libc-musl.a(__pop_ptr.o)
 .debug_frame   0x0000000000000de4       0xc0 c:/program files/microchip/xc32/v4.45/bin/bin/../../lib/gcc/pic32c/8.3.1/../../../../pic32c/lib/thumb/v6-m/nofp\libc-musl.a(__printf_core.o)
 .debug_frame   0x0000000000000ea4       0x28 c:/program files/microchip/xc32/v4.45/bin/bin/../../lib/gcc/pic32c/8.3.1/../../../../pic32c/lib/thumb/v6-m/nofp\libc-musl.a(atoi.o)
 .debug_frame   0x0000000000000ecc       0x38 c:/program files/microchip/xc32/v4.45/bin/bin/../../lib/gcc/pic32c/8.3.1/../../../../pic32c/lib/thumb/v6-m/nofp\libc-musl.a(tolower.o)
 .debug_frame   0x0000000000000f04       0x38 c:/program files/microchip/xc32/v4.45/bin/bin/../../lib/gcc/pic32c/8.3.1/../../../../pic32c/lib/thumb/v6-m/nofp\libc-musl.a(toupper.o)
 .debug_frame   0x0000000000000f3c       0x28 c:/program files/microchip/xc32/v4.45/bin/bin/../../lib/gcc/pic32c/8.3.1/../../../../pic32c/lib/thumb/v6-m/nofp\libc-musl.a(__int_vsprintf.o)
 .debug_frame   0x0000000000000f64       0x20 c:/program files/microchip/xc32/v4.45/bin/bin/../../lib/gcc/pic32c/8.3.1/../../../../pic32c/lib/thumb/v6-m/nofp\libc-musl.a(__pop_float.o)
 .debug_frame   0x0000000000000f84       0x2c c:/program files/microchip/xc32/v4.45/bin/bin/../../lib/gcc/pic32c/8.3.1/../../../../pic32c/lib/thumb/v6-m/nofp\libc-musl.a(__int_vsnprintf.o)
 .debug_frame   0x0000000000000fb0       0x2c c:/program files/microchip/xc32/v4.45/bin/bin/../../lib/gcc/pic32c/8.3.1/../../../../pic32c/lib/thumb/v6-m/nofp\libc-musl.a(__int_vfprintf.o)
 .debug_frame   0x0000000000000fdc       0x20 c:/program files/microchip/xc32/v4.45/bin/bin/../../lib/gcc/pic32c/8.3.1/../../../../pic32c/lib/thumb/v6-m/nofp\libc-size-musl.a(memset.o)
 .debug_frame   0x0000000000000ffc       0x20 c:/program files/microchip/xc32/v4.45/bin/bin/../../lib/gcc/pic32c/8.3.1/../../../../pic32c/lib/thumb/v6-m/nofp\libpic32c.a(pic32_data_init_clear.o)
 .debug_frame   0x000000000000101c       0x28 c:/program files/microchip/xc32/v4.45/bin/bin/../../lib/gcc/pic32c/8.3.1/../../../../pic32c/lib/thumb/v6-m/nofp\libpic32c.a(pic32_data_init_copy.o)

.note.GNU-stack
                0x0000000000000000        0x0
 .note.GNU-stack
                0x0000000000000000        0x0 c:/program files/microchip/xc32/v4.45/bin/bin/../../lib/gcc/pic32c/8.3.1/../../../../pic32c/lib/thumb/v6-m/nofp\libc-size-musl.a(memcpy.o)
 .note.GNU-stack
                0x0000000000000000        0x0 c:/program files/microchip/xc32/v4.45/bin/bin/../../lib/gcc/pic32c/8.3.1/../../../../pic32c/lib/thumb/v6-m/nofp\libc-size-musl.a(strlen.o)
 .note.GNU-stack
                0x0000000000000000        0x0 c:/program files/microchip/xc32/v4.45/bin/bin/../../lib/gcc/pic32c/8.3.1/../../../../pic32c/lib/thumb/v6-m/nofp\libc-musl.a(__libc_start_main.o)
 .note.GNU-stack
                0x0000000000000000        0x0 c:/program files/microchip/xc32/v4.45/bin/bin/../../lib/gcc/pic32c/8.3.1/../../../../pic32c/lib/thumb/v6-m/nofp\libc-musl.a(libc.o)
 .note.GNU-stack
                0x0000000000000000        0x0 c:/program files/microchip/xc32/v4.45/bin/bin/../../lib/gcc/pic32c/8.3.1/../../../../pic32c/lib/thumb/v6-m/nofp\libc-musl.a(__sio_sprintf_npxX.o)
 .note.GNU-stack
                0x0000000000000000        0x0 c:/program files/microchip/xc32/v4.45/bin/bin/../../lib/gcc/pic32c/8.3.1/../../../../pic32c/lib/thumb/v6-m/nofp\libc-musl.a(__fmt_x.o)
 .note.GNU-stack
                0x0000000000000000        0x0 c:/program files/microchip/xc32/v4.45/bin/bin/../../lib/gcc/pic32c/8.3.1/../../../../pic32c/lib/thumb/v6-m/nofp\libc-musl.a(__pop_int.o)
 .note.GNU-stack
                0x0000000000000000        0x0 c:/program files/microchip/xc32/v4.45/bin/bin/../../lib/gcc/pic32c/8.3.1/../../../../pic32c/lib/thumb/v6-m/nofp\libc-musl.a(__pop_ptr.o)
 .note.GNU-stack
                0x0000000000000000        0x0 c:/program files/microchip/xc32/v4.45/bin/bin/../../lib/gcc/pic32c/8.3.1/../../../../pic32c/lib/thumb/v6-m/nofp\libc-musl.a(__printf_core.o)
 .note.GNU-stack
                0x0000000000000000        0x0 c:/program files/microchip/xc32/v4.45/bin/bin/../../lib/gcc/pic32c/8.3.1/../../../../pic32c/lib/thumb/v6-m/nofp\libc-musl.a(atoi.o)
 .note.GNU-stack
                0x0000000000000000        0x0 c:/program files/microchip/xc32/v4.45/bin/bin/../../lib/gcc/pic32c/8.3.1/../../../../pic32c/lib/thumb/v6-m/nofp\libc-musl.a(tolower.o)
 .note.GNU-stack
                0x0000000000000000        0x0 c:/program files/microchip/xc32/v4.45/bin/bin/../../lib/gcc/pic32c/8.3.1/../../../../pic32c/lib/thumb/v6-m/nofp\libc-musl.a(toupper.o)
 .note.GNU-stack
                0x0000000000000000        0x0 c:/program files/microchip/xc32/v4.45/bin/bin/../../lib/gcc/pic32c/8.3.1/../../../../pic32c/lib/thumb/v6-m/nofp\libc-musl.a(__environ.o)
 .note.GNU-stack
                0x0000000000000000        0x0 c:/program files/microchip/xc32/v4.45/bin/bin/../../lib/gcc/pic32c/8.3.1/../../../../pic32c/lib/thumb/v6-m/nofp\libc-musl.a(__errno_location.o)
 .note.GNU-stack
                0x0000000000000000        0x0 c:/program files/microchip/xc32/v4.45/bin/bin/../../lib/gcc/pic32c/8.3.1/../../../../pic32c/lib/thumb/v6-m/nofp\libc-musl.a(__int_vsprintf.o)
 .note.GNU-stack
                0x0000000000000000        0x0 c:/program files/microchip/xc32/v4.45/bin/bin/../../lib/gcc/pic32c/8.3.1/../../../../pic32c/lib/thumb/v6-m/nofp\libc-musl.a(__pop_float.o)
 .note.GNU-stack
                0x0000000000000000        0x0 c:/program files/microchip/xc32/v4.45/bin/bin/../../lib/gcc/pic32c/8.3.1/../../../../pic32c/lib/thumb/v6-m/nofp\libc-musl.a(__int_vsnprintf.o)
 .note.GNU-stack
                0x0000000000000000        0x0 c:/program files/microchip/xc32/v4.45/bin/bin/../../lib/gcc/pic32c/8.3.1/../../../../pic32c/lib/thumb/v6-m/nofp\libc-musl.a(__int_vfprintf.o)
 .note.GNU-stack
                0x0000000000000000        0x0 c:/program files/microchip/xc32/v4.45/bin/bin/../../lib/gcc/pic32c/8.3.1/../../../../pic32c/lib/thumb/v6-m/nofp\libc-size-musl.a(memset.o)

.stack          0x00000000200005c0      0x100
 .stack         0x00000000200005c0      0x100 stack

.bss.myAppData%1
                0x0000000020000000       0x88
 .bss.myAppData
                0x0000000020000000       0x88 build/default/production/_ext/1360937237/main.o
                0x0000000020000000                myAppData

.bss.SERCOM5_USART_ReadBuffer%2
                0x0000000020000088       0x80
 .bss.SERCOM5_USART_ReadBuffer
                0x0000000020000088       0x80 build/default/production/_ext/504274921/plib_sercom5_usart.o

.bss.SERCOM5_USART_WriteBuffer%3
                0x0000000020000108       0x80
 .bss.SERCOM5_USART_WriteBuffer
                0x0000000020000108       0x80 build/default/production/_ext/504274921/plib_sercom5_usart.o

.bss.SERCOM3_USART_ReadBuffer%4
                0x0000000020000188       0x80
 .bss.SERCOM3_USART_ReadBuffer
                0x0000000020000188       0x80 build/default/production/_ext/504274921/plib_sercom3_usart.o

.bss.SERCOM3_USART_WriteBuffer%5
                0x0000000020000208       0x80
 .bss.SERCOM3_USART_WriteBuffer
                0x0000000020000208       0x80 build/default/production/_ext/504274921/plib_sercom3_usart.o

.bss%6          0x0000000020000288       0x50
 .bss           0x0000000020000288       0x50 c:/program files/microchip/xc32/v4.45/bin/bin/../../lib/gcc/pic32c/8.3.1/../../../../pic32c/lib/thumb/v6-m/nofp\libc-musl.a(libc.o)
                0x0000000020000288                __progname_full
                0x0000000020000288                program_invocation_name
                0x000000002000028c                program_invocation_short_name
                0x000000002000028c                __progname
                0x0000000020000290                __sysinfo
                0x0000000020000294                __hwcap
                0x0000000020000298                __libc

.bss.sercom5USARTObj%7
                0x00000000200002d8       0x40
 .bss.sercom5USARTObj
                0x00000000200002d8       0x40 build/default/production/_ext/504274921/plib_sercom5_usart.o

.bss.sercom3USARTObj%8
                0x0000000020000318       0x40
 .bss.sercom3USARTObj
                0x0000000020000318       0x40 build/default/production/_ext/504274921/plib_sercom3_usart.o

.bss%9          0x0000000020000358       0x1c
 .bss           0x0000000020000358       0x1c c:/program files/microchip/xc32/v4.45/bin/bin/../../lib/gcc/pic32c/8.3.1/thumb/v6-m/nofp/crtbegin.o

.bss.TC4_CallbackObject%10
                0x0000000020000374        0x8
 .bss.TC4_CallbackObject
                0x0000000020000374        0x8 build/default/production/_ext/829342655/plib_tc4.o

.bss.TC3_CallbackObject%11
                0x000000002000037c        0x8
 .bss.TC3_CallbackObject
                0x000000002000037c        0x8 build/default/production/_ext/829342655/plib_tc3.o

.bss.context1%12
                0x0000000020000384        0x4
 .bss.context1  0x0000000020000384        0x4 build/default/production/_ext/1360937237/main.o
                0x0000000020000384                context1

.bss.context2%13
                0x0000000020000388        0x4
 .bss.context2  0x0000000020000388        0x4 build/default/production/_ext/1360937237/main.o
                0x0000000020000388                context2

.bss.context3%14
                0x000000002000038c        0x4
 .bss.context3  0x000000002000038c        0x4 build/default/production/_ext/1360937237/main.o
                0x000000002000038c                context3

.bss%15         0x0000000020000390        0x4
 .bss           0x0000000020000390        0x4 c:/program files/microchip/xc32/v4.45/bin/bin/../../lib/gcc/pic32c/8.3.1/../../../../pic32c/lib/thumb/v6-m/nofp\libpic32c.a(data_init.o)

.bss%16         0x0000000020000394        0x4
 .bss           0x0000000020000394        0x4 c:/program files/microchip/xc32/v4.45/bin/bin/../../lib/gcc/pic32c/8.3.1/../../../../pic32c/lib/thumb/v6-m/nofp\libc-musl.a(__environ.o)
                0x0000000020000394                __environ
                0x0000000020000394                environ
                0x0000000020000394                ___environ
                0x0000000020000394                _environ

.bss%17         0x0000000020000398        0x4
 .bss           0x0000000020000398        0x4 c:/program files/microchip/xc32/v4.45/bin/bin/../../lib/gcc/pic32c/8.3.1/../../../../pic32c/lib/thumb/v6-m/nofp\libc-musl.a(__errno_location.o)
                0x0000000020000398                __errno_val

.bss.adcValue%18
                0x000000002000039c        0x2
 .bss.adcValue  0x000000002000039c        0x2 build/default/production/_ext/1360937237/main.o
                0x000000002000039c                adcValue

.bss.RNState%19
                0x000000002000039e        0x1
 .bss.RNState   0x000000002000039e        0x1 build/default/production/_ext/1360937237/main.o
                0x000000002000039e                RNState

.bss.switchStatus%20
                0x000000002000039f        0x1
 .bss.switchStatus
                0x000000002000039f        0x1 build/default/production/AppTasks.o
                0x000000002000039f                switchStatus

.bss.LedBlinkPattern%21
                0x00000000200003a0        0x1
 .bss.LedBlinkPattern
                0x00000000200003a0        0x1 build/default/production/LEDTasks.o
                0x00000000200003a0                LedBlinkPattern

.bss.count.6576%22
                0x00000000200003a1        0x1
 .bss.count.6576
                0x00000000200003a1        0x1 build/default/production/LEDTasks.o

.bss.doubleCount.6577%23
                0x00000000200003a2        0x1
 .bss.doubleCount.6577
                0x00000000200003a2        0x1 build/default/production/LEDTasks.o

.data.myApp%24  0x00000000200003a3        0x1
 .data.myApp    0x00000000200003a3        0x1 build/default/production/_ext/1360937237/main.o
                0x00000000200003a3                myApp

.eh_frame%z1    0x0000000000000000        0x0
 .eh_frame      0x0000000000000000        0x0 c:/program files/microchip/xc32/v4.45/bin/bin/../../lib/gcc/pic32c/8.3.1/thumb/v6-m/nofp/crtbegin.o

.config_00804000.__config_00804000%25
                0x0000000000804000        0x4
 .config_00804000.__config_00804000
                0x0000000000804000        0x4 build/default/production/_ext/1171490990/initialization.o
                0x0000000000804000                __config_00804000

.config_00804004.__config_00804004%26
                0x0000000000804004        0x4
 .config_00804004.__config_00804004
                0x0000000000804004        0x4 build/default/production/_ext/1171490990/initialization.o
                0x0000000000804004                __config_00804004

.text.__printf_core%27
                0x00000000000000d8      0x33c
 .text.__printf_core
                0x00000000000000d8      0x33c c:/program files/microchip/xc32/v4.45/bin/bin/../../lib/gcc/pic32c/8.3.1/../../../../pic32c/lib/thumb/v6-m/nofp\libc-musl.a(__printf_core.o)
                0x00000000000000d8                __printf_core

.text.__fmt_x%28
                0x0000000000000414      0x132
 .text.__fmt_x  0x0000000000000414      0x132 c:/program files/microchip/xc32/v4.45/bin/bin/../../lib/gcc/pic32c/8.3.1/../../../../pic32c/lib/thumb/v6-m/nofp\libc-musl.a(__fmt_x.o)
                0x0000000000000414                __fmt_x_needed
                0x0000000000000414                __fmt_x

.text.SERCOM5_USART_Write%29
                0x0000000000000548      0x104
 .text.SERCOM5_USART_Write
                0x0000000000000548      0x104 build/default/production/_ext/504274921/plib_sercom5_usart.o
                0x0000000000000548                SERCOM5_USART_Write

.text.SERCOM3_USART_Write%30
                0x000000000000064c      0x104
 .text.SERCOM3_USART_Write
                0x000000000000064c      0x104 build/default/production/_ext/504274921/plib_sercom3_usart.o
                0x000000000000064c                SERCOM3_USART_Write

.text.SERCOM5_USART_ISR_RX_Handler%31
                0x0000000000000750       0xec
 .text.SERCOM5_USART_ISR_RX_Handler
                0x0000000000000750       0xec build/default/production/_ext/504274921/plib_sercom5_usart.o

.text.SERCOM3_USART_ISR_RX_Handler%32
                0x000000000000083c       0xec
 .text.SERCOM3_USART_ISR_RX_Handler
                0x000000000000083c       0xec build/default/production/_ext/504274921/plib_sercom3_usart.o

.text.SERCOM5_USART_ISR_TX_Handler%33
                0x0000000000000928       0xe0
 .text.SERCOM5_USART_ISR_TX_Handler
                0x0000000000000928       0xe0 build/default/production/_ext/504274921/plib_sercom5_usart.o

.text.SERCOM3_USART_ISR_TX_Handler%34
                0x0000000000000a08       0xe0
 .text.SERCOM3_USART_ISR_TX_Handler
                0x0000000000000a08       0xe0 build/default/production/_ext/504274921/plib_sercom3_usart.o

.text.AppTask%35
                0x0000000000000ae8       0xe0
 .text.AppTask  0x0000000000000ae8       0xe0 build/default/production/AppTasks.o
                0x0000000000000ae8                AppTask

.dinit%36       0x0000000000000bc8       0xc0
 .dinit         0x0000000000000bc8       0xc0 data_init

.text.__pop_int%37
                0x0000000000000c88       0xbe
 .text.__pop_int
                0x0000000000000c88       0xbe c:/program files/microchip/xc32/v4.45/bin/bin/../../lib/gcc/pic32c/8.3.1/../../../../pic32c/lib/thumb/v6-m/nofp\libc-musl.a(__pop_int.o)
                0x0000000000000c88                __pop_int_needed
                0x0000000000000c88                __pop_int

.text.CLOCK_Initialize%38
                0x0000000000000d48       0xac
 .text.CLOCK_Initialize
                0x0000000000000d48       0xac build/default/production/_ext/1984496892/plib_clock.o
                0x0000000000000d48                CLOCK_Initialize

.text.PORT_Initialize%39
                0x0000000000000df4       0x9c
 .text.PORT_Initialize
                0x0000000000000df4       0x9c build/default/production/_ext/1865521619/plib_port.o
                0x0000000000000df4                PORT_Initialize

.text.SERCOM5_USART_Read%40
                0x0000000000000e90       0x94
 .text.SERCOM5_USART_Read
                0x0000000000000e90       0x94 build/default/production/_ext/504274921/plib_sercom5_usart.o
                0x0000000000000e90                SERCOM5_USART_Read

.text.SERCOM3_USART_Read%41
                0x0000000000000f24       0x94
 .text.SERCOM3_USART_Read
                0x0000000000000f24       0x94 build/default/production/_ext/504274921/plib_sercom3_usart.o
                0x0000000000000f24                SERCOM3_USART_Read

.text.InitSystem%42
                0x0000000000000fb8       0x8c
 .text.InitSystem
                0x0000000000000fb8       0x8c build/default/production/_ext/1360937237/main.o
                0x0000000000000fb8                InitSystem

.text.SERCOM5_USART_Initialize%43
                0x0000000000001044       0x88
 .text.SERCOM5_USART_Initialize
                0x0000000000001044       0x88 build/default/production/_ext/504274921/plib_sercom5_usart.o
                0x0000000000001044                SERCOM5_USART_Initialize

.text.SERCOM3_USART_Initialize%44
                0x00000000000010cc       0x88
 .text.SERCOM3_USART_Initialize
                0x00000000000010cc       0x88 build/default/production/_ext/504274921/plib_sercom3_usart.o
                0x00000000000010cc                SERCOM3_USART_Initialize

.text.LEDTask%45
                0x0000000000001154       0x88
 .text.LEDTask  0x0000000000001154       0x88 build/default/production/LEDTasks.o
                0x0000000000001154                LEDTask

.text.__pad%46  0x00000000000011dc       0x7a
 .text.__pad    0x00000000000011dc       0x7a c:/program files/microchip/xc32/v4.45/bin/bin/../../lib/gcc/pic32c/8.3.1/../../../../pic32c/lib/thumb/v6-m/nofp\libc-musl.a(__printf_core.o)
                0x00000000000011dc                __pad

.text.ADC_Initialize%47
                0x0000000000001258       0x78
 .text.ADC_Initialize
                0x0000000000001258       0x78 build/default/production/_ext/60163342/plib_adc.o
                0x0000000000001258                ADC_Initialize

.text.main%48   0x00000000000012d0       0x74
 .text.main     0x00000000000012d0       0x74 build/default/production/_ext/1360937237/main.o
                0x00000000000012d0                main

.text.__pop_ptr%49
                0x0000000000001344       0x68
 .text.__pop_ptr
                0x0000000000001344       0x68 c:/program files/microchip/xc32/v4.45/bin/bin/../../lib/gcc/pic32c/8.3.1/../../../../pic32c/lib/thumb/v6-m/nofp\libc-musl.a(__pop_ptr.o)
                0x0000000000001344                __pop_ptr
                0x0000000000001344                __pop_ptr_needed

.text.NVIC_Initialize%50
                0x00000000000013ac       0x64
 .text.NVIC_Initialize
                0x00000000000013ac       0x64 build/default/production/_ext/1865468468/plib_nvic.o
                0x00000000000013ac                NVIC_Initialize

.text.__libc_start_init%51
                0x0000000000001410       0x5c
 .text.__libc_start_init
                0x0000000000001410       0x5c c:/program files/microchip/xc32/v4.45/bin/bin/../../lib/gcc/pic32c/8.3.1/../../../../pic32c/lib/thumb/v6-m/nofp\libc-musl.a(__libc_start_main.o)
                0x0000000000001410                __libc_init_array

.text.SERCOM5_USART_InterruptHandler%52
                0x000000000000146c       0x54
 .text.SERCOM5_USART_InterruptHandler
                0x000000000000146c       0x54 build/default/production/_ext/504274921/plib_sercom5_usart.o
                0x000000000000146c                SERCOM5_USART_InterruptHandler

.text.SERCOM3_USART_InterruptHandler%53
                0x00000000000014c0       0x54
 .text.SERCOM3_USART_InterruptHandler
                0x00000000000014c0       0x54 build/default/production/_ext/504274921/plib_sercom3_usart.o
                0x00000000000014c0                SERCOM3_USART_InterruptHandler

.text.__vsnprintf%54
                0x0000000000001514       0x50
 .text.__vsnprintf
                0x0000000000001514       0x50 c:/program files/microchip/xc32/v4.45/bin/bin/../../lib/gcc/pic32c/8.3.1/../../../../pic32c/lib/thumb/v6-m/nofp\libc-musl.a(__int_vsnprintf.o)
                0x0000000000001514                __vsnprintf

.text.SERCOM5_USART_ISR_ERR_Handler%55
                0x0000000000001564       0x4c
 .text.SERCOM5_USART_ISR_ERR_Handler
                0x0000000000001564       0x4c build/default/production/_ext/504274921/plib_sercom5_usart.o

.text.SERCOM3_USART_ISR_ERR_Handler%56
                0x00000000000015b0       0x4c
 .text.SERCOM3_USART_ISR_ERR_Handler
                0x00000000000015b0       0x4c build/default/production/_ext/504274921/plib_sercom3_usart.o

.text%57        0x00000000000015fc       0x48
 .text          0x00000000000015fc       0x48 c:/program files/microchip/xc32/v4.45/bin/bin/../../lib/gcc/pic32c/8.3.1/thumb/v6-m/nofp/crtbegin.o

.text.Reset_Handler%58
                0x0000000000001644       0x48
 .text.Reset_Handler
                0x0000000000001644       0x48 build/default/production/_ext/1171490990/startup_xc32.o
                0x0000000000001644                Reset_Handler

.text.InitRN%59
                0x000000000000168c       0x48
 .text.InitRN   0x000000000000168c       0x48 build/default/production/_ext/1360937237/main.o
                0x000000000000168c                InitRN

.text.TC4_TimerInitialize%60
                0x00000000000016d4       0x44
 .text.TC4_TimerInitialize
                0x00000000000016d4       0x44 build/default/production/_ext/829342655/plib_tc4.o
                0x00000000000016d4                TC4_TimerInitialize

.text.TC3_TimerInitialize%61
                0x0000000000001718       0x44
 .text.TC3_TimerInitialize
                0x0000000000001718       0x44 build/default/production/_ext/829342655/plib_tc3.o
                0x0000000000001718                TC3_TimerInitialize

.text.SYSTICK_DelayMs%62
                0x000000000000175c       0x40
 .text.SYSTICK_DelayMs
                0x000000000000175c       0x40 build/default/production/_ext/1827571544/plib_systick.o
                0x000000000000175c                SYSTICK_DelayMs

.text.atoi%63   0x000000000000179c       0x40
 .text.atoi     0x000000000000179c       0x40 c:/program files/microchip/xc32/v4.45/bin/bin/../../lib/gcc/pic32c/8.3.1/../../../../pic32c/lib/thumb/v6-m/nofp\libc-musl.a(atoi.o)
                0x000000000000179c                atoi

.text.SYS_Initialize%64
                0x00000000000017dc       0x38
 .text.SYS_Initialize
                0x00000000000017dc       0x38 build/default/production/_ext/1171490990/initialization.o
                0x00000000000017dc                SYS_Initialize

.text.mySercom3%65
                0x0000000000001814       0x34
 .text.mySercom3
                0x0000000000001814       0x34 build/default/production/_ext/1360937237/main.o
                0x0000000000001814                mySercom3

.text.mySercom5%66
                0x0000000000001848       0x34
 .text.mySercom5
                0x0000000000001848       0x34 build/default/production/_ext/1360937237/main.o
                0x0000000000001848                mySercom5

.text.__pic32c_data_initialization%67
                0x000000000000187c       0x34
 .text.__pic32c_data_initialization
                0x000000000000187c       0x34 c:/program files/microchip/xc32/v4.45/bin/bin/../../lib/gcc/pic32c/8.3.1/../../../../pic32c/lib/thumb/v6-m/nofp\libpic32c.a(data_init.o)
                0x000000000000187c                __pic32c_data_initialization

.text.__fmt_state%68
                0x00000000000018b0       0x34
 .text.__fmt_state
                0x00000000000018b0       0x34 c:/program files/microchip/xc32/v4.45/bin/bin/../../lib/gcc/pic32c/8.3.1/../../../../pic32c/lib/thumb/v6-m/nofp\libc-musl.a(__printf_core.o)
                0x00000000000018b0                __fmt_state

.text.__string_out%69
                0x00000000000018e4       0x2a
 .text.__string_out
                0x00000000000018e4       0x2a c:/program files/microchip/xc32/v4.45/bin/bin/../../lib/gcc/pic32c/8.3.1/../../../../pic32c/lib/thumb/v6-m/nofp\libc-musl.a(__printf_core.o)
                0x00000000000018e4                __out

.text.__pop_float%70
                0x000000000000190e       0x2a
 .text.__pop_float
                0x000000000000190e       0x2a c:/program files/microchip/xc32/v4.45/bin/bin/../../lib/gcc/pic32c/8.3.1/../../../../pic32c/lib/thumb/v6-m/nofp\libc-musl.a(__pop_float.o)
                0x000000000000190e                __pop_float_needed
                0x000000000000190e                __pop_float

.text.TC4_TimerInterruptHandler%71
                0x0000000000001938       0x28
 .text.TC4_TimerInterruptHandler
                0x0000000000001938       0x28 build/default/production/_ext/829342655/plib_tc4.o
                0x0000000000001938                TC4_TimerInterruptHandler

.text.TC3_TimerInterruptHandler%72
                0x0000000000001960       0x28
 .text.TC3_TimerInterruptHandler
                0x0000000000001960       0x28 build/default/production/_ext/829342655/plib_tc3.o
                0x0000000000001960                TC3_TimerInterruptHandler

.rodata.AppTask.str1.4%73
                0x0000000000001988       0x24
 .rodata.AppTask.str1.4
                0x0000000000001988       0x24 build/default/production/AppTasks.o

.text.__dinit_copy%74
                0x00000000000019ac       0x1e
 .text.__dinit_copy
                0x00000000000019ac       0x1e c:/program files/microchip/xc32/v4.45/bin/bin/../../lib/gcc/pic32c/8.3.1/../../../../pic32c/lib/thumb/v6-m/nofp\libpic32c.a(pic32_data_init_copy.o)
                0x00000000000019ac                __dinit_copy_needed
                0x00000000000019ac                __dinit_copy

.text.SERCOM5_USART_WritePendingBytesGet%75
                0x00000000000019cc       0x1c
 .text.SERCOM5_USART_WritePendingBytesGet
                0x00000000000019cc       0x1c build/default/production/_ext/504274921/plib_sercom5_usart.o

.text.SERCOM5_USART_ReadCountGet%76
                0x00000000000019e8       0x1c
 .text.SERCOM5_USART_ReadCountGet
                0x00000000000019e8       0x1c build/default/production/_ext/504274921/plib_sercom5_usart.o
                0x00000000000019e8                SERCOM5_USART_ReadCountGet

.text.SERCOM3_USART_WritePendingBytesGet%77
                0x0000000000001a04       0x1c
 .text.SERCOM3_USART_WritePendingBytesGet
                0x0000000000001a04       0x1c build/default/production/_ext/504274921/plib_sercom3_usart.o

.text.SERCOM3_USART_ReadCountGet%78
                0x0000000000001a20       0x1c
 .text.SERCOM3_USART_ReadCountGet
                0x0000000000001a20       0x1c build/default/production/_ext/504274921/plib_sercom3_usart.o
                0x0000000000001a20                SERCOM3_USART_ReadCountGet

.text.SYSTICK_TimerInitialize%79
                0x0000000000001a3c       0x1c
 .text.SYSTICK_TimerInitialize
                0x0000000000001a3c       0x1c build/default/production/_ext/1827571544/plib_systick.o
                0x0000000000001a3c                SYSTICK_TimerInitialize

.text.ADC_Enable%80
                0x0000000000001a58       0x18
 .text.ADC_Enable
                0x0000000000001a58       0x18 build/default/production/_ext/60163342/plib_adc.o
                0x0000000000001a58                ADC_Enable

.text.ADC_ConversionStart%81
                0x0000000000001a70       0x18
 .text.ADC_ConversionStart
                0x0000000000001a70       0x18 build/default/production/_ext/60163342/plib_adc.o
                0x0000000000001a70                ADC_ConversionStart

.text.ADC_ConversionStatusGet%82
                0x0000000000001a88       0x18
 .text.ADC_ConversionStatusGet
                0x0000000000001a88       0x18 build/default/production/_ext/60163342/plib_adc.o
                0x0000000000001a88                ADC_ConversionStatusGet

.text.SERCOM5_USART_ReadNotificationEnable%83
                0x0000000000001aa0       0x18
 .text.SERCOM5_USART_ReadNotificationEnable
                0x0000000000001aa0       0x18 build/default/production/_ext/504274921/plib_sercom5_usart.o
                0x0000000000001aa0                SERCOM5_USART_ReadNotificationEnable

.text.SERCOM3_USART_ReadNotificationEnable%84
                0x0000000000001ab8       0x18
 .text.SERCOM3_USART_ReadNotificationEnable
                0x0000000000001ab8       0x18 build/default/production/_ext/504274921/plib_sercom3_usart.o
                0x0000000000001ab8                SERCOM3_USART_ReadNotificationEnable

.text.TC4_TimerStart%85
                0x0000000000001ad0       0x18
 .text.TC4_TimerStart
                0x0000000000001ad0       0x18 build/default/production/_ext/829342655/plib_tc4.o
                0x0000000000001ad0                TC4_TimerStart

.text.TC3_TimerStart%86
                0x0000000000001ae8       0x18
 .text.TC3_TimerStart
                0x0000000000001ae8       0x18 build/default/production/_ext/829342655/plib_tc3.o
                0x0000000000001ae8                TC3_TimerStart

.text.strlen%87
                0x0000000000001b00       0x18
 .text.strlen   0x0000000000001b00       0x18 c:/program files/microchip/xc32/v4.45/bin/bin/../../lib/gcc/pic32c/8.3.1/../../../../pic32c/lib/thumb/v6-m/nofp\libc-size-musl.a(strlen.o)
                0x0000000000001b00                strlen

.text.__vfprintf%88
                0x0000000000001b18       0x18
 .text.__vfprintf
                0x0000000000001b18       0x18 c:/program files/microchip/xc32/v4.45/bin/bin/../../lib/gcc/pic32c/8.3.1/../../../../pic32c/lib/thumb/v6-m/nofp\libc-musl.a(__int_vfprintf.o)
                0x0000000000001b18                __vfprintf

.text.__wrap_sprintf%89
                0x0000000000001b30       0x16
 .text.__wrap_sprintf
                0x0000000000001b30       0x16 c:/program files/microchip/xc32/v4.45/bin/bin/../../lib/gcc/pic32c/8.3.1/../../../../pic32c/lib/thumb/v6-m/nofp\libc-musl.a(__sio_sprintf_npxX.o)
                0x0000000000001b30                _dsprintf_npxX
                0x0000000000001b30                _sprintf_npxX

.rodata%90      0x0000000000001b46       0x16
 .rodata        0x0000000000001b46       0x16 c:/program files/microchip/xc32/v4.45/bin/bin/../../lib/gcc/pic32c/8.3.1/../../../../pic32c/lib/thumb/v6-m/nofp\libc-musl.a(__printf_core.o)

.text.SERCOM5_USART_WriteFreeBufferCountGet%91
                0x0000000000001b5c       0x14
 .text.SERCOM5_USART_WriteFreeBufferCountGet
                0x0000000000001b5c       0x14 build/default/production/_ext/504274921/plib_sercom5_usart.o
                0x0000000000001b5c                SERCOM5_USART_WriteFreeBufferCountGet

.text.SERCOM3_USART_WriteFreeBufferCountGet%92
                0x0000000000001b70       0x14
 .text.SERCOM3_USART_WriteFreeBufferCountGet
                0x0000000000001b70       0x14 build/default/production/_ext/504274921/plib_sercom3_usart.o
                0x0000000000001b70                SERCOM3_USART_WriteFreeBufferCountGet

.text.SERCOM3_USART_WriteNotificationEnable%93